Archive member included to satisfy reference by file (symbol)

.\CortexM3\ARM_GCC_541\Debug\weston_1.a(cy_em_eeprom.o)
                              .\CortexM3\ARM_GCC_541\Debug\main.o (Cy_Em_EEPROM_Read)
.\CortexM3\ARM_GCC_541\Debug\weston_1.a(CyFlash.o)
                              .\CortexM3\ARM_GCC_541\Debug\weston_1.a(cy_em_eeprom.o) (CySetTemp)
.\CortexM3\ARM_GCC_541\Debug\weston_1.a(CyLib.o)
                              .\CortexM3\ARM_GCC_541\Debug\Cm3Start.o (CyHalt)
.\CortexM3\ARM_GCC_541\Debug\weston_1.a(cyPm.o)
                              .\CortexM3\ARM_GCC_541\Debug\main.o (CyPmSaveClocks)
.\CortexM3\ARM_GCC_541\Debug\weston_1.a(CySpc.o)
                              .\CortexM3\ARM_GCC_541\Debug\weston_1.a(CyFlash.o) (CySpcStart)
.\CortexM3\ARM_GCC_541\Debug\weston_1.a(CapSense.o)
                              .\CortexM3\ARM_GCC_541\Debug\main.o (CapSense_IsBusy)
.\CortexM3\ARM_GCC_541\Debug\weston_1.a(CapSense_CSHL.o)
                              .\CortexM3\ARM_GCC_541\Debug\main.o (CapSense_sensorSignal)
.\CortexM3\ARM_GCC_541\Debug\weston_1.a(CapSense_INT.o)
                              .\CortexM3\ARM_GCC_541\Debug\weston_1.a(CapSense.o) (CapSense_IsrCH0_ISR)
.\CortexM3\ARM_GCC_541\Debug\weston_1.a(Em_EEPROM.o)
                              .\CortexM3\ARM_GCC_541\Debug\main.o (Em_EEPROM_Init)
.\CortexM3\ARM_GCC_541\Debug\weston_1.a(CapSense_CompCH0.o)
                              .\CortexM3\ARM_GCC_541\Debug\weston_1.a(CapSense.o) (CapSense_CompCH0_Enable)
.\CortexM3\ARM_GCC_541\Debug\weston_1.a(CapSense_IdacCH0.o)
                              .\CortexM3\ARM_GCC_541\Debug\weston_1.a(CapSense.o) (CapSense_IdacCH0_Enable)
.\CortexM3\ARM_GCC_541\Debug\weston_1.a(CapSense_AMuxCH0.o)
                              .\CortexM3\ARM_GCC_541\Debug\weston_1.a(CapSense.o) (CapSense_AMuxCH0_Init)
.\CortexM3\ARM_GCC_541\Debug\weston_1.a(CapSense_IntClock.o)
                              .\CortexM3\ARM_GCC_541\Debug\weston_1.a(CapSense.o) (CapSense_IntClock_Start)
.\CortexM3\ARM_GCC_541\Debug\weston_1.a(LED1.o)
                              .\CortexM3\ARM_GCC_541\Debug\main.o (LED1_Write)
.\CortexM3\ARM_GCC_541\Debug\weston_1.a(USB.o)
                              .\CortexM3\ARM_GCC_541\Debug\main.o (USB_Start)
.\CortexM3\ARM_GCC_541\Debug\weston_1.a(USB_drv.o)
                              .\CortexM3\ARM_GCC_541\Debug\weston_1.a(USB.o) (USB_lastPacketSize)
.\CortexM3\ARM_GCC_541\Debug\weston_1.a(USB_episr.o)
                              .\CortexM3\ARM_GCC_541\Debug\weston_1.a(USB.o) (USB_EP_1_ISR)
.\CortexM3\ARM_GCC_541\Debug\weston_1.a(USB_pm.o)
                              .\CortexM3\ARM_GCC_541\Debug\weston_1.a(USB.o) (USB_DP_ISR)
.\CortexM3\ARM_GCC_541\Debug\weston_1.a(USB_std.o)
                              .\CortexM3\ARM_GCC_541\Debug\weston_1.a(USB_pm.o) (USB_ConfigReg)
.\CortexM3\ARM_GCC_541\Debug\weston_1.a(USB_vnd.o)
                              .\CortexM3\ARM_GCC_541\Debug\weston_1.a(USB_drv.o) (USB_HandleVendorRqst)
.\CortexM3\ARM_GCC_541\Debug\weston_1.a(USB_midi.o)
                              .\CortexM3\ARM_GCC_541\Debug\main.o (USB_MIDI_Init)
.\CortexM3\ARM_GCC_541\Debug\weston_1.a(USB_Dp.o)
                              .\CortexM3\ARM_GCC_541\Debug\weston_1.a(USB.o) (USB_Dp_ClearInterrupt)
.\CortexM3\ARM_GCC_541\Debug\weston_1.a(SleepTimer.o)
                              .\CortexM3\ARM_GCC_541\Debug\main.o (SleepTimer_Stop)
.\CortexM3\ARM_GCC_541\Debug\weston_1.a(Sleep_isr.o)
                              .\CortexM3\ARM_GCC_541\Debug\main.o (Sleep_isr_StartEx)
.\CortexM3\ARM_GCC_541\Debug\weston_1.a(CyBootAsmGnu.o)
                              .\CortexM3\ARM_GCC_541\Debug\cyfitter_cfg.o (CyDelayCycles)
.\CortexM3\ARM_GCC_541\Debug\weston_1.a(USB_cls.o)
                              .\CortexM3\ARM_GCC_541\Debug\weston_1.a(USB_drv.o) (USB_DispatchClassRqst)
.\CortexM3\ARM_GCC_541\Debug\weston_1.a(USB_descr.o)
                              .\CortexM3\ARM_GCC_541\Debug\weston_1.a(USB_std.o) (USB_idSerialNumberStringDescriptor)
.\CortexM3\ARM_GCC_541\Debug\weston_1.a(USB_audio.o)
                              .\CortexM3\ARM_GCC_541\Debug\weston_1.a(USB_cls.o) (USB_DispatchAUDIOClassRqst)
c:/program files (x86)/cypress/psoc creator/4.2/psoc creator/import/gnu/arm/5.4.1/bin/../lib/gcc/arm-none-eabi/5.4.1/../../../../arm-none-eabi/lib/armv7-m\libg_nano.a(lib_a-errno.o)
                              .\CortexM3\ARM_GCC_541\Debug\Cm3Start.o (__errno)
c:/program files (x86)/cypress/psoc creator/4.2/psoc creator/import/gnu/arm/5.4.1/bin/../lib/gcc/arm-none-eabi/5.4.1/../../../../arm-none-eabi/lib/armv7-m\libg_nano.a(lib_a-exit.o)
                              c:/program files (x86)/cypress/psoc creator/4.2/psoc creator/import/gnu/arm/5.4.1/bin/../lib/gcc/arm-none-eabi/5.4.1/../../../../arm-none-eabi/lib/armv7-m/crt0.o (exit)
[...]
Memory Configuration

Name             Origin             Length             Attributes
rom              0x00000000         0x00040000         xr
ram              0x1fff8000         0x00010000         xrw
*default*        0x00000000         0xffffffff

Linker script and memory map

LOAD c:/program files (x86)/cypress/psoc creator/4.2/psoc creator/import/gnu/arm/5.4.1/bin/../lib/gcc/arm-none-eabi/5.4.1/armv7-m/crti.o
LOAD c:/program files (x86)/cypress/psoc creator/4.2/psoc creator/import/gnu/arm/5.4.1/bin/../lib/gcc/arm-none-eabi/5.4.1/armv7-m/crtbegin.o
LOAD c:/program files (x86)/cypress/psoc creator/4.2/psoc creator/import/gnu/arm/5.4.1/bin/../lib/gcc/arm-none-eabi/5.4.1/../../../../arm-none-eabi/lib/armv7-m/crt0.o
START GROUP
LOAD .\CortexM3\ARM_GCC_541\Debug\main.o
LOAD .\CortexM3\ARM_GCC_541\Debug\cyfitter_cfg.o
LOAD .\CortexM3\ARM_GCC_541\Debug\cymetadata.o
LOAD .\CortexM3\ARM_GCC_541\Debug\Cm3Start.o
LOAD .\CortexM3\ARM_GCC_541\Debug\weston_1.a
LOAD C:\Program Files (x86)\Cypress\PSoC Creator\4.2\PSoC Creator\psoc\content\CyComponentLibrary\CyComponentLibrary.cylib\CapSense_CSD_v3_50\Library\CapSenseLibrary_GCC.a
LOAD C:\Program Files (x86)\Cypress\PSoC Creator\4.2\PSoC Creator\psoc\content\cycomponentlibrary\CyComponentLibrary.cylib\CortexM3\ARM_GCC_541\Debug\CyComponentLibrary.a
END GROUP
START GROUP
LOAD c:/program files (x86)/cypress/psoc creator/4.2/psoc creator/import/gnu/arm/5.4.1/bin/../lib/gcc/arm-none-eabi/5.4.1/armv7-m\libgcc.a
LOAD c:/program files (x86)/cypress/psoc creator/4.2/psoc creator/import/gnu/arm/5.4.1/bin/../lib/gcc/arm-none-eabi/5.4.1/../../../../arm-none-eabi/lib/armv7-m\libg_nano.a
LOAD c:/program files (x86)/cypress/psoc creator/4.2/psoc creator/import/gnu/arm/5.4.1/bin/../lib/gcc/arm-none-eabi/5.4.1/../../../../arm-none-eabi/lib/armv7-m\libc_nano.a
END GROUP
START GROUP
LOAD c:/program files (x86)/cypress/psoc creator/4.2/psoc creator/import/gnu/arm/5.4.1/bin/../lib/gcc/arm-none-eabi/5.4.1/armv7-m\libgcc.a
LOAD c:/program files (x86)/cypress/psoc creator/4.2/psoc creator/import/gnu/arm/5.4.1/bin/../lib/gcc/arm-none-eabi/5.4.1/../../../../arm-none-eabi/lib/armv7-m\libc_nano.a
END GROUP
LOAD c:/program files (x86)/cypress/psoc creator/4.2/psoc creator/import/gnu/arm/5.4.1/bin/../lib/gcc/arm-none-eabi/5.4.1/armv7-m/crtend.o
LOAD c:/program files (x86)/cypress/psoc creator/4.2/psoc creator/import/gnu/arm/5.4.1/bin/../lib/gcc/arm-none-eabi/5.4.1/armv7-m/crtn.o
START GROUP
LOAD c:/program files (x86)/cypress/psoc creator/4.2/psoc creator/import/gnu/arm/5.4.1/bin/../lib/gcc/arm-none-eabi/5.4.1/armv7-m\libgcc.a
LOAD c:/program files (x86)/cypress/psoc creator/4.2/psoc creator/import/gnu/arm/5.4.1/bin/../lib/gcc/arm-none-eabi/5.4.1/../../../../arm-none-eabi/lib/armv7-m\libc.a
LOAD c:/program files (x86)/cypress/psoc creator/4.2/psoc creator/import/gnu/arm/5.4.1/bin/../lib/gcc/arm-none-eabi/5.4.1/../../../../arm-none-eabi/lib/armv7-m\libnosys.a
END GROUP
                0x00000000                CY_APPL_ORIGIN = 0x0
                0x00000100                CY_FLASH_ROW_SIZE = 0x100
                0x00000020                CY_ECC_ROW_SIZE = 0x20
                0x00000000                CY_EE_IN_BTLDR = 0x0
                0x00000000                CY_APPL_LOADABLE = 0x0
                0x00000800                CY_EE_SIZE = 0x800
                0x00000001                CY_APPL_NUM = 0x1
                0x00000001                CY_APPL_MAX = 0x1
                0x00000040                CY_METADATA_SIZE = 0x40
                0x00000000                CY_APPL_LOADABLE = 0x0
                0x00000000                CY_CHECKSUM_EXCLUDE_SIZE = ALIGN (0x0, CY_FLASH_ROW_SIZE)
                [!provide]                PROVIDE (__cy_heap_start, _end)
                0x00000001                PROVIDE (__cy_region_num, ((__cy_regions_end - __cy_regions) / 0x10))
                0x20008000                PROVIDE (__cy_stack, (ORIGIN (ram) + LENGTH (ram)))
                [!provide]                PROVIDE (__cy_heap_end, (__cy_stack - 0x800))

.cybootloader   0x00000000        0x0
 *(.cybootloader)
                0x00000000                appl1_start = CY_APPL_ORIGIN?CY_APPL_ORIGIN:ALIGN (CY_FLASH_ROW_SIZE)
                0x0001ff00                appl2_start = (appl1_start + ALIGN ((((LENGTH (rom) - appl1_start) - (0x2 * CY_FLASH_ROW_SIZE)) / 0x2), CY_FLASH_ROW_SIZE))
                0x00000000                appl_start = (CY_APPL_NUM == 0x1)?appl1_start:appl2_start
                0x00000000                ecc_offset = ((appl_start / CY_FLASH_ROW_SIZE) * CY_ECC_ROW_SIZE)
                0x00000000                ee_offset = (CY_APPL_LOADABLE && ! (CY_EE_IN_BTLDR))?((CY_EE_SIZE / CY_APPL_MAX) * (CY_APPL_NUM - 0x1)):0x0
                0x00000800                ee_size = (CY_APPL_LOADABLE && ! (CY_EE_IN_BTLDR))?(CY_EE_SIZE / CY_APPL_MAX):CY_EE_SIZE
                [!provide]                PROVIDE (CY_ECC_OFFSET, ecc_offset)

.text           0x00000000     0x4506
 CREATE_OBJECT_SYMBOLS
                0x00000000                PROVIDE (__cy_interrupt_vector, RomVectors)
 *(.romvectors)
 .romvectors    0x00000000       0x10 .\CortexM3\ARM_GCC_541\Debug\Cm3Start.o
                0x00000000                RomVectors
                0x00000001                ASSERT ((. != __cy_interrupt_vector), No interrupt vector)
                0x00000001                ASSERT (CY_APPL_ORIGIN?(SIZEOF (.cybootloader) <= CY_APPL_ORIGIN):0x1, Wrong image location)
                0x00000010                PROVIDE (__cy_reset, Reset)
 *(.text.Reset)
 .text.Reset    0x00000010       0x18 .\CortexM3\ARM_GCC_541\Debug\Cm3Start.o
                0x00000010                Reset
                0x00000001                ASSERT ((. != __cy_reset), No reset code)
 *(.dma_init)
                0x00000001                ASSERT ((((appl_start + .) <= 0x10000) || 0x1), DMA Init must be within the first 64k of flash)
 *(.text .text.* .gnu.linkonce.t.*)
 .text          0x00000028       0x5c c:/program files (x86)/cypress/psoc creator/4.2/psoc creator/import/gnu/arm/5.4.1/bin/../lib/gcc/arm-none-eabi/5.4.1/armv7-m/crtbegin.o
 .text.SleepIsr
                0x00000084       0x24 .\CortexM3\ARM_GCC_541\Debug\main.o
                0x00000084                SleepIsr
 .text.CapSense_DisplayState
                0x000000a8       0x1c .\CortexM3\ARM_GCC_541\Debug\main.o
                0x000000a8                CapSense_DisplayState
 .text.setActiveSensors
                0x000000c4       0x38 .\CortexM3\ARM_GCC_541\Debug\main.o
                0x000000c4                setActiveSensors
 .text.setScanSpeed
                0x000000fc       0x48 .\CortexM3\ARM_GCC_541\Debug\main.o
                0x000000fc                setScanSpeed
 .text.setResolution
                0x00000144       0x68 .\CortexM3\ARM_GCC_541\Debug\main.o
                0x00000144                setResolution
 .text.setClockDivider
                0x000001ac        0xc .\CortexM3\ARM_GCC_541\Debug\main.o
                0x000001ac                setClockDivider
 .text.setIDAC  0x000001b8       0x1c .\CortexM3\ARM_GCC_541\Debug\main.o
                0x000001b8                setIDAC
 .text.main     0x000001d4      0x178 .\CortexM3\ARM_GCC_541\Debug\main.o
                0x000001d4                main
 .text.USB_callbackLocalMidiEvent
                0x0000034c      0x1ac .\CortexM3\ARM_GCC_541\Debug\main.o
                0x0000034c                USB_callbackLocalMidiEvent
 .text.CyClockStartupError
                0x000004f8        0x4 .\CortexM3\ARM_GCC_541\Debug\cyfitter_cfg.o
 .text.cfg_write_bytes32
                0x000004fc       0x34 .\CortexM3\ARM_GCC_541\Debug\cyfitter_cfg.o
 .text.AnalogSetDefault
                0x00000530       0x48 .\CortexM3\ARM_GCC_541\Debug\cyfitter_cfg.o
 .text.CYMEMZERO
                0x00000578        0xc .\CortexM3\ARM_GCC_541\Debug\cyfitter_cfg.o
 .text.ClockSetup
                0x00000584       0xc4 .\CortexM3\ARM_GCC_541\Debug\cyfitter_cfg.o
 .text.CYCONFIGCPY
                0x00000648        0x8 .\CortexM3\ARM_GCC_541\Debug\cyfitter_cfg.o
 .text.CapSense_AMuxCH0_Set
                0x00000650       0x1c .\CortexM3\ARM_GCC_541\Debug\cyfitter_cfg.o
                0x00000650                CapSense_AMuxCH0_Set
 .text.CapSense_AMuxCH0_Unset
                0x0000066c       0x20 .\CortexM3\ARM_GCC_541\Debug\cyfitter_cfg.o
                0x0000066c                CapSense_AMuxCH0_Unset
 .text.cyfitter_cfg
                0x0000068c      0x168 .\CortexM3\ARM_GCC_541\Debug\cyfitter_cfg.o
                0x0000068c                cyfitter_cfg
 .text.IntDefaultHandler
                0x000007f4       0x10 .\CortexM3\ARM_GCC_541\Debug\Cm3Start.o
                0x000007f4                IntDefaultHandler
 .text.Start_c  0x00000804       0x4c .\CortexM3\ARM_GCC_541\Debug\Cm3Start.o
                0x00000804                Start_c
 .text.initialize_psoc
                0x00000850       0x68 .\CortexM3\ARM_GCC_541\Debug\Cm3Start.o
                0x00000850                initialize_psoc
 .text.FindLastWrittenRow
                0x000008b8       0x30 .\CortexM3\ARM_GCC_541\Debug\weston_1.a(cy_em_eeprom.o)
 .text.GetRowAddrBySeqNum
                0x000008e8       0x1c .\CortexM3\ARM_GCC_541\Debug\weston_1.a(cy_em_eeprom.o)
 .text.GetNextRowToWrite
                0x00000904       0x5c .\CortexM3\ARM_GCC_541\Debug\weston_1.a(cy_em_eeprom.o)
 .text.CalcChecksum
                0x00000960       0x3c .\CortexM3\ARM_GCC_541\Debug\weston_1.a(cy_em_eeprom.o)
 .text.CheckRanges
                0x0000099c       0x34 .\CortexM3\ARM_GCC_541\Debug\weston_1.a(cy_em_eeprom.o)
 .text.GetAddresses
                0x000009d0       0x90 .\CortexM3\ARM_GCC_541\Debug\weston_1.a(cy_em_eeprom.o)
 .text.WriteRow
                0x00000a60       0x2c .\CortexM3\ARM_GCC_541\Debug\weston_1.a(cy_em_eeprom.o)
 .text.FillChecksum
                0x00000a8c       0x6c .\CortexM3\ARM_GCC_541\Debug\weston_1.a(cy_em_eeprom.o)
 .text.CheckCrcAndCopy
                0x00000af8       0x78 .\CortexM3\ARM_GCC_541\Debug\weston_1.a(cy_em_eeprom.o)
 .text.Cy_Em_EEPROM_Init
                0x00000b70       0x98 .\CortexM3\ARM_GCC_541\Debug\weston_1.a(cy_em_eeprom.o)
                0x00000b70                Cy_Em_EEPROM_Init
 .text.Cy_Em_EEPROM_Read
                0x00000c08      0x1f4 .\CortexM3\ARM_GCC_541\Debug\weston_1.a(cy_em_eeprom.o)
                0x00000c08                Cy_Em_EEPROM_Read
 .text.Cy_Em_EEPROM_Write
                0x00000dfc      0x16c .\CortexM3\ARM_GCC_541\Debug\weston_1.a(cy_em_eeprom.o)
                0x00000dfc                Cy_Em_EEPROM_Write
 .text.CySetTempInt
                0x00000f68       0x60 .\CortexM3\ARM_GCC_541\Debug\weston_1.a(CyFlash.o)
 .text.CyFlashGetSpcAlgorithm
                0x00000fc8       0x4c .\CortexM3\ARM_GCC_541\Debug\weston_1.a(CyFlash.o)
                0x00000fc8                CyFlashGetSpcAlgorithm
 .text.CySetTemp
                0x00001014       0x14 .\CortexM3\ARM_GCC_541\Debug\weston_1.a(CyFlash.o)
                0x00001014                CySetTemp
 .text.CyWriteRowFull
                0x00001028       0xf8 .\CortexM3\ARM_GCC_541\Debug\weston_1.a(CyFlash.o)
                0x00001028                CyWriteRowFull
 .text.CyWriteRowData
                0x00001120       0x14 .\CortexM3\ARM_GCC_541\Debug\weston_1.a(CyFlash.o)
                0x00001120                CyWriteRowData
 .text.CyFlash_SetWaitCycles
                0x00001134       0x7c .\CortexM3\ARM_GCC_541\Debug\weston_1.a(CyFlash.o)
                0x00001134                CyFlash_SetWaitCycles
 .text.CyUSB_PowerOnCheck
                0x000011b0       0x48 .\CortexM3\ARM_GCC_541\Debug\weston_1.a(CyLib.o)
 .text.CyBusClk_Internal_SetDivider
                0x000011f8       0x48 .\CortexM3\ARM_GCC_541\Debug\weston_1.a(CyLib.o)
 .text.CyPLL_OUT_Stop
                0x00001240       0x10 .\CortexM3\ARM_GCC_541\Debug\weston_1.a(CyLib.o)
                0x00001240                CyPLL_OUT_Stop
 .text.CyIMO_Stop
                0x00001250       0x1c .\CortexM3\ARM_GCC_541\Debug\weston_1.a(CyLib.o)
                0x00001250                CyIMO_Stop
 .text.CyIMO_EnableDoubler
                0x0000126c       0x10 .\CortexM3\ARM_GCC_541\Debug\weston_1.a(CyLib.o)
                0x0000126c                CyIMO_EnableDoubler
 .text.CyIMO_DisableDoubler
                0x0000127c       0x10 .\CortexM3\ARM_GCC_541\Debug\weston_1.a(CyLib.o)
                0x0000127c                CyIMO_DisableDoubler
 .text.CyMasterClk_SetSource
                0x0000128c       0x18 .\CortexM3\ARM_GCC_541\Debug\weston_1.a(CyLib.o)
                0x0000128c                CyMasterClk_SetSource
 .text.CyMasterClk_SetDivider
                0x000012a4        0xc .\CortexM3\ARM_GCC_541\Debug\weston_1.a(CyLib.o)
                0x000012a4                CyMasterClk_SetDivider
 .text.CyBusClk_SetDivider
                0x000012b0       0x70 .\CortexM3\ARM_GCC_541\Debug\weston_1.a(CyLib.o)
                0x000012b0                CyBusClk_SetDivider
 .text.CyILO_Start100K
                0x00001320       0x10 .\CortexM3\ARM_GCC_541\Debug\weston_1.a(CyLib.o)
                0x00001320                CyILO_Start100K
 .text.CyILO_Stop100K
                0x00001330       0x10 .\CortexM3\ARM_GCC_541\Debug\weston_1.a(CyLib.o)
                0x00001330                CyILO_Stop100K
 .text.CyPLL_OUT_Start
                0x00001340       0x78 .\CortexM3\ARM_GCC_541\Debug\weston_1.a(CyLib.o)
                0x00001340                CyPLL_OUT_Start
 .text.CyIMO_Start
                0x000013b8       0x60 .\CortexM3\ARM_GCC_541\Debug\weston_1.a(CyLib.o)
                0x000013b8                CyIMO_Start
 .text.CyXTAL_Start
                0x00001418       0xac .\CortexM3\ARM_GCC_541\Debug\weston_1.a(CyLib.o)
                0x00001418                CyXTAL_Start
 .text.CyXTAL_Stop
                0x000014c4       0x10 .\CortexM3\ARM_GCC_541\Debug\weston_1.a(CyLib.o)
                0x000014c4                CyXTAL_Stop
 .text.CyHalt   0x000014d4        0x4 .\CortexM3\ARM_GCC_541\Debug\weston_1.a(CyLib.o)
                0x000014d4                CyHalt
 .text.CyIMO_SetTrimValue
                0x000014d8       0xcc .\CortexM3\ARM_GCC_541\Debug\weston_1.a(CyLib.o)
 .text.CyIMO_SetFreq
                0x000015a4       0xf4 .\CortexM3\ARM_GCC_541\Debug\weston_1.a(CyLib.o)
                0x000015a4                CyIMO_SetFreq
 .text.CyIMO_SetSource
                0x00001698       0x58 .\CortexM3\ARM_GCC_541\Debug\weston_1.a(CyLib.o)
                0x00001698                CyIMO_SetSource
 .text.CyDelayUs
                0x000016f0       0x14 .\CortexM3\ARM_GCC_541\Debug\weston_1.a(CyLib.o)
                0x000016f0                CyDelayUs
 .text.CyFlushCache
                0x00001704       0x44 .\CortexM3\ARM_GCC_541\Debug\weston_1.a(CyLib.o)
                0x00001704                CyFlushCache
 .text.CyIntSetVector
                0x00001748       0x28 .\CortexM3\ARM_GCC_541\Debug\weston_1.a(CyLib.o)
                0x00001748                CyIntSetVector
 .text.CyIntSetPriority
                0x00001770       0x30 .\CortexM3\ARM_GCC_541\Debug\weston_1.a(CyLib.o)
                0x00001770                CyIntSetPriority
 .text.CyGetUniqueId
                0x000017a0       0x70 .\CortexM3\ARM_GCC_541\Debug\weston_1.a(CyLib.o)
                0x000017a0                CyGetUniqueId
 .text.CyPmHibSlpSaveSet
                0x00001810      0x1dc .\CortexM3\ARM_GCC_541\Debug\weston_1.a(cyPm.o)
 .text.CyPmHibSlpRestore
                0x000019ec       0xd8 .\CortexM3\ARM_GCC_541\Debug\weston_1.a(cyPm.o)
 .text.CyPmSaveClocks
                0x00001ac4      0x218 .\CortexM3\ARM_GCC_541\Debug\weston_1.a(cyPm.o)
                0x00001ac4                CyPmSaveClocks
 .text.CyPmRestoreClocks
                0x00001cdc      0x24c .\CortexM3\ARM_GCC_541\Debug\weston_1.a(cyPm.o)
                0x00001cdc                CyPmRestoreClocks
 .text.CyPmSleep
                0x00001f28       0xf4 .\CortexM3\ARM_GCC_541\Debug\weston_1.a(cyPm.o)
                0x00001f28                CyPmSleep
 .text.CyPmReadStatus
                0x0000201c       0x30 .\CortexM3\ARM_GCC_541\Debug\weston_1.a(cyPm.o)
                0x0000201c                CyPmReadStatus
 .text.CyPmFtwSetInterval
                0x0000204c       0x5c .\CortexM3\ARM_GCC_541\Debug\weston_1.a(cyPm.o)
                0x0000204c                CyPmFtwSetInterval
 .text.CySpcStart
                0x000020a8       0x24 .\CortexM3\ARM_GCC_541\Debug\weston_1.a(CySpc.o)
                0x000020a8                CySpcStart
 .text.CySpcReadData
                0x000020cc       0x34 .\CortexM3\ARM_GCC_541\Debug\weston_1.a(CySpc.o)
                0x000020cc                CySpcReadData
 .text.CySpcLoadRowFull
                0x00002100       0x80 .\CortexM3\ARM_GCC_541\Debug\weston_1.a(CySpc.o)
                0x00002100                CySpcLoadRowFull
 .text.CySpcWriteRow
                0x00002180       0x4c .\CortexM3\ARM_GCC_541\Debug\weston_1.a(CySpc.o)
                0x00002180                CySpcWriteRow
 .text.CySpcGetTemp
                0x000021cc       0x3c .\CortexM3\ARM_GCC_541\Debug\weston_1.a(CySpc.o)
                0x000021cc                CySpcGetTemp
 .text.CySpcLock
                0x00002208       0x4c .\CortexM3\ARM_GCC_541\Debug\weston_1.a(CySpc.o)
                0x00002208                CySpcLock
 .text.CySpcUnlock
                0x00002254       0x38 .\CortexM3\ARM_GCC_541\Debug\weston_1.a(CySpc.o)
                0x00002254                CySpcUnlock
 .text.CySpcGetAlgorithm
                0x0000228c       0x28 .\CortexM3\ARM_GCC_541\Debug\weston_1.a(CySpc.o)
                0x0000228c                CySpcGetAlgorithm
 .text.CapSense_Enable
                0x000022b4       0x68 .\CortexM3\ARM_GCC_541\Debug\weston_1.a(CapSense.o)
                0x000022b4                CapSense_Enable
 .text.CapSense_FindNextSensor
                0x0000231c       0x20 .\CortexM3\ARM_GCC_541\Debug\weston_1.a(CapSense.o)
                0x0000231c                CapSense_FindNextSensor
 .text.CapSense_IsBusy
                0x0000233c       0x10 .\CortexM3\ARM_GCC_541\Debug\weston_1.a(CapSense.o)
                0x0000233c                CapSense_IsBusy
 .text.CapSense_EnableSensor
                0x0000234c       0x34 .\CortexM3\ARM_GCC_541\Debug\weston_1.a(CapSense.o)
                0x0000234c                CapSense_EnableSensor
 .text.CapSense_DisableSensor
                0x00002380       0x38 .\CortexM3\ARM_GCC_541\Debug\weston_1.a(CapSense.o)
                0x00002380                CapSense_DisableSensor
 .text.CapSense_ClearSensors
                0x000023b8       0x18 .\CortexM3\ARM_GCC_541\Debug\weston_1.a(CapSense.o)
                0x000023b8                CapSense_ClearSensors
 .text.CapSense_PostScan
                0x000023d0       0x4c .\CortexM3\ARM_GCC_541\Debug\weston_1.a(CapSense.o)
                0x000023d0                CapSense_PostScan
 .text.CapSense_SetPrescaler
                0x0000241c       0x10 .\CortexM3\ARM_GCC_541\Debug\weston_1.a(CapSense.o)
                0x0000241c                CapSense_SetPrescaler
 .text.CapSense_SetScanSlotSettings
                0x0000242c       0x34 .\CortexM3\ARM_GCC_541\Debug\weston_1.a(CapSense.o)
                0x0000242c                CapSense_SetScanSlotSettings
 .text.CapSense_PreScan
                0x00002460       0x34 .\CortexM3\ARM_GCC_541\Debug\weston_1.a(CapSense.o)
                0x00002460                CapSense_PreScan
 .text.CapSense_ScanSensor
                0x00002494       0x20 .\CortexM3\ARM_GCC_541\Debug\weston_1.a(CapSense.o)
                0x00002494                CapSense_ScanSensor
 .text.CapSense_ScanEnabledWidgets
                0x000024b4       0x38 .\CortexM3\ARM_GCC_541\Debug\weston_1.a(CapSense.o)
                0x000024b4                CapSense_ScanEnabledWidgets
 .text.CapSense_SetScanSpeed
                0x000024ec        0xc .\CortexM3\ARM_GCC_541\Debug\weston_1.a(CapSense.o)
                0x000024ec                CapSense_SetScanSpeed
 .text.CapSense_SetAnalogSwitchesSource
                0x000024f8       0x20 .\CortexM3\ARM_GCC_541\Debug\weston_1.a(CapSense.o)
                0x000024f8                CapSense_SetAnalogSwitchesSource
 .text.CapSense_Init
                0x00002518       0xe4 .\CortexM3\ARM_GCC_541\Debug\weston_1.a(CapSense.o)
                0x00002518                CapSense_Init
 .text.CapSense_Start
                0x000025fc       0x1c .\CortexM3\ARM_GCC_541\Debug\weston_1.a(CapSense.o)
                0x000025fc                CapSense_Start
 .text.CapSense_BaseInit
                0x00002618       0x50 .\CortexM3\ARM_GCC_541\Debug\weston_1.a(CapSense_CSHL.o)
                0x00002618                CapSense_BaseInit
 .text.CapSense_InitializeSensorBaseline
                0x00002668       0x18 .\CortexM3\ARM_GCC_541\Debug\weston_1.a(CapSense_CSHL.o)
                0x00002668                CapSense_InitializeSensorBaseline
 .text.CapSense_InitializeAllBaselines
                0x00002680       0x18 .\CortexM3\ARM_GCC_541\Debug\weston_1.a(CapSense_CSHL.o)
                0x00002680                CapSense_InitializeAllBaselines
 .text.CapSense_CheckIsSensorActive
                0x00002698       0x8c .\CortexM3\ARM_GCC_541\Debug\weston_1.a(CapSense_CSHL.o)
                0x00002698                CapSense_CheckIsSensorActive
 .text.CapSense_CheckIsWidgetActive
                0x00002724       0x2c .\CortexM3\ARM_GCC_541\Debug\weston_1.a(CapSense_CSHL.o)
                0x00002724                CapSense_CheckIsWidgetActive
 .text.CapSense_EnableWidget
                0x00002750       0x38 .\CortexM3\ARM_GCC_541\Debug\weston_1.a(CapSense_CSHL.o)
                0x00002750                CapSense_EnableWidget
 .text.CapSense_DisableWidget
                0x00002788       0x38 .\CortexM3\ARM_GCC_541\Debug\weston_1.a(CapSense_CSHL.o)
                0x00002788                CapSense_DisableWidget
 .text.CapSense_IIR4Filter
                0x000027c0        0xc .\CortexM3\ARM_GCC_541\Debug\weston_1.a(CapSense_CSHL.o)
                0x000027c0                CapSense_IIR4Filter
 .text.CapSense_UpdateSensorBaseline
                0x000027cc       0xc4 .\CortexM3\ARM_GCC_541\Debug\weston_1.a(CapSense_CSHL.o)
                0x000027cc                CapSense_UpdateSensorBaseline
 .text.CapSense_UpdateEnabledBaselines
                0x00002890       0x2c .\CortexM3\ARM_GCC_541\Debug\weston_1.a(CapSense_CSHL.o)
                0x00002890                CapSense_UpdateEnabledBaselines
 .text.CapSense_IsrCH0_ISR
                0x000028bc       0x50 .\CortexM3\ARM_GCC_541\Debug\weston_1.a(CapSense_INT.o)
                0x000028bc                CapSense_IsrCH0_ISR
 .text.Em_EEPROM_Init
                0x0000290c       0x2c .\CortexM3\ARM_GCC_541\Debug\weston_1.a(Em_EEPROM.o)
                0x0000290c                Em_EEPROM_Init
 .text.CapSense_CompCH0_Enable
                0x00002938       0x1c .\CortexM3\ARM_GCC_541\Debug\weston_1.a(CapSense_CompCH0.o)
                0x00002938                CapSense_CompCH0_Enable
 .text.CapSense_CompCH0_SetSpeed
                0x00002954       0x58 .\CortexM3\ARM_GCC_541\Debug\weston_1.a(CapSense_CompCH0.o)
                0x00002954                CapSense_CompCH0_SetSpeed
 .text.CapSense_CompCH0_Init
                0x000029ac       0x3c .\CortexM3\ARM_GCC_541\Debug\weston_1.a(CapSense_CompCH0.o)
                0x000029ac                CapSense_CompCH0_Init
 .text.CapSense_IdacCH0_Enable
                0x000029e8       0x1c .\CortexM3\ARM_GCC_541\Debug\weston_1.a(CapSense_IdacCH0.o)
                0x000029e8                CapSense_IdacCH0_Enable
 .text.CapSense_IdacCH0_SetSpeed
                0x00002a04       0x1c .\CortexM3\ARM_GCC_541\Debug\weston_1.a(CapSense_IdacCH0.o)
                0x00002a04                CapSense_IdacCH0_SetSpeed
 .text.CapSense_IdacCH0_SetValue
                0x00002a20        0xc .\CortexM3\ARM_GCC_541\Debug\weston_1.a(CapSense_IdacCH0.o)
                0x00002a20                CapSense_IdacCH0_SetValue
 .text.CapSense_IdacCH0_DacTrim
                0x00002a2c       0x34 .\CortexM3\ARM_GCC_541\Debug\weston_1.a(CapSense_IdacCH0.o)
                0x00002a2c                CapSense_IdacCH0_DacTrim
 .text.CapSense_IdacCH0_Init
                0x00002a60       0x2c .\CortexM3\ARM_GCC_541\Debug\weston_1.a(CapSense_IdacCH0.o)
                0x00002a60                CapSense_IdacCH0_Init
 .text.CapSense_IdacCH0_SetPolarity
                0x00002a8c       0x20 .\CortexM3\ARM_GCC_541\Debug\weston_1.a(CapSense_IdacCH0.o)
                0x00002a8c                CapSense_IdacCH0_SetPolarity
 .text.CapSense_IdacCH0_SetRange
                0x00002aac       0x20 .\CortexM3\ARM_GCC_541\Debug\weston_1.a(CapSense_IdacCH0.o)
                0x00002aac                CapSense_IdacCH0_SetRange
 .text.CapSense_AMuxCH0_DisconnectAll
                0x00002acc       0x18 .\CortexM3\ARM_GCC_541\Debug\weston_1.a(CapSense_AMuxCH0.o)
                0x00002acc                CapSense_AMuxCH0_DisconnectAll
 .text.CapSense_AMuxCH0_Init
                0x00002ae4        0x8 .\CortexM3\ARM_GCC_541\Debug\weston_1.a(CapSense_AMuxCH0.o)
                0x00002ae4                CapSense_AMuxCH0_Init
 .text.CapSense_IntClock_Start
                0x00002aec       0x1c .\CortexM3\ARM_GCC_541\Debug\weston_1.a(CapSense_IntClock.o)
                0x00002aec                CapSense_IntClock_Start
 .text.LED1_Write
                0x00002b08       0x18 .\CortexM3\ARM_GCC_541\Debug\weston_1.a(LED1.o)
                0x00002b08                LED1_Write
 .text.USB_Init
                0x00002b20      0x12c .\CortexM3\ARM_GCC_541\Debug\weston_1.a(USB.o)
                0x00002b20                USB_Init
 .text.USB_InitComponent
                0x00002c4c       0xb4 .\CortexM3\ARM_GCC_541\Debug\weston_1.a(USB.o)
                0x00002c4c                USB_InitComponent
 .text.USB_Start
                0x00002d00       0x24 .\CortexM3\ARM_GCC_541\Debug\weston_1.a(USB.o)
                0x00002d00                USB_Start
 .text.USB_ReInitComponent
                0x00002d24       0x4c .\CortexM3\ARM_GCC_541\Debug\weston_1.a(USB.o)
                0x00002d24                USB_ReInitComponent
 .text.USB_CheckActivity
                0x00002d70       0x20 .\CortexM3\ARM_GCC_541\Debug\weston_1.a(USB.o)
                0x00002d70                USB_CheckActivity
 .text.USB_GetConfiguration
                0x00002d90        0xc .\CortexM3\ARM_GCC_541\Debug\weston_1.a(USB.o)
                0x00002d90                USB_GetConfiguration
 .text.USB_IsConfigurationChanged
                0x00002d9c       0x20 .\CortexM3\ARM_GCC_541\Debug\weston_1.a(USB.o)
                0x00002d9c                USB_IsConfigurationChanged
 .text.USB_GetEPState
                0x00002dbc       0x14 .\CortexM3\ARM_GCC_541\Debug\weston_1.a(USB.o)
                0x00002dbc                USB_GetEPState
 .text.USB_GetEPCount
                0x00002dd0       0x28 .\CortexM3\ARM_GCC_541\Debug\weston_1.a(USB.o)
                0x00002dd0                USB_GetEPCount
 .text.USB_LoadInEP
                0x00002df8       0x94 .\CortexM3\ARM_GCC_541\Debug\weston_1.a(USB.o)
                0x00002df8                USB_LoadInEP
 .text.USB_EnableOutEP
                0x00002e8c       0x2c .\CortexM3\ARM_GCC_541\Debug\weston_1.a(USB.o)
                0x00002e8c                USB_EnableOutEP
 .text.USB_ReadOutEP
                0x00002eb8       0x50 .\CortexM3\ARM_GCC_541\Debug\weston_1.a(USB.o)
                0x00002eb8                USB_ReadOutEP
 .text.USB_LoadEP0
                0x00002f08       0x98 .\CortexM3\ARM_GCC_541\Debug\weston_1.a(USB_drv.o)
                0x00002f08                USB_LoadEP0
 .text.USB_InitZeroLengthControlTransfer
                0x00002fa0       0x34 .\CortexM3\ARM_GCC_541\Debug\weston_1.a(USB_drv.o)
                0x00002fa0                USB_InitZeroLengthControlTransfer
 .text.USB_ControlReadDataStage
                0x00002fd4        0x8 .\CortexM3\ARM_GCC_541\Debug\weston_1.a(USB_drv.o)
                0x00002fd4                USB_ControlReadDataStage
 .text.USB_ControlWriteDataStage
                0x00002fdc       0x84 .\CortexM3\ARM_GCC_541\Debug\weston_1.a(USB_drv.o)
                0x00002fdc                USB_ControlWriteDataStage
 .text.USB_InitNoDataControlTransfer
                0x00003060       0x2c .\CortexM3\ARM_GCC_541\Debug\weston_1.a(USB_drv.o)
                0x00003060                USB_InitNoDataControlTransfer
 .text.USB_UpdateStatusBlock
                0x0000308c       0x24 .\CortexM3\ARM_GCC_541\Debug\weston_1.a(USB_drv.o)
                0x0000308c                USB_UpdateStatusBlock
 .text.USB_HandleSetup
                0x000030b0       0x5c .\CortexM3\ARM_GCC_541\Debug\weston_1.a(USB_drv.o)
                0x000030b0                USB_HandleSetup
 .text.USB_ControlReadStatusStage
                0x0000310c       0x38 .\CortexM3\ARM_GCC_541\Debug\weston_1.a(USB_drv.o)
                0x0000310c                USB_ControlReadStatusStage
 .text.USB_HandleOUT
                0x00003144       0x38 .\CortexM3\ARM_GCC_541\Debug\weston_1.a(USB_drv.o)
                0x00003144                USB_HandleOUT
 .text.USB_ControlWriteStatusStage
                0x0000317c       0x20 .\CortexM3\ARM_GCC_541\Debug\weston_1.a(USB_drv.o)
                0x0000317c                USB_ControlWriteStatusStage
 .text.USB_NoDataControlStatusStage
                0x0000319c       0x40 .\CortexM3\ARM_GCC_541\Debug\weston_1.a(USB_drv.o)
                0x0000319c                USB_NoDataControlStatusStage
 .text.USB_HandleIN
                0x000031dc       0x2c .\CortexM3\ARM_GCC_541\Debug\weston_1.a(USB_drv.o)
                0x000031dc                USB_HandleIN
 .text.USB_EP_0_ISR
                0x00003208       0xb8 .\CortexM3\ARM_GCC_541\Debug\weston_1.a(USB_drv.o)
                0x00003208                USB_EP_0_ISR
 .text.USB_InitializeStatusBlock
                0x000032c0       0x24 .\CortexM3\ARM_GCC_541\Debug\weston_1.a(USB_drv.o)
                0x000032c0                USB_InitializeStatusBlock
 .text.USB_InitControlRead
                0x000032e4       0x50 .\CortexM3\ARM_GCC_541\Debug\weston_1.a(USB_drv.o)
                0x000032e4                USB_InitControlRead
 .text.USB_EP_1_ISR
                0x00003334       0x30 .\CortexM3\ARM_GCC_541\Debug\weston_1.a(USB_episr.o)
                0x00003334                USB_EP_1_ISR
 .text.USB_EP_2_ISR
                0x00003364       0x34 .\CortexM3\ARM_GCC_541\Debug\weston_1.a(USB_episr.o)
                0x00003364                USB_EP_2_ISR
 .text.USB_SOF_ISR
                0x00003398        0x4 .\CortexM3\ARM_GCC_541\Debug\weston_1.a(USB_episr.o)
                0x00003398                USB_SOF_ISR
 .text.USB_BUS_RESET_ISR
                0x0000339c        0x8 .\CortexM3\ARM_GCC_541\Debug\weston_1.a(USB_episr.o)
                0x0000339c                USB_BUS_RESET_ISR
 .text.USB_DP_ISR
                0x000033a4        0x8 .\CortexM3\ARM_GCC_541\Debug\weston_1.a(USB_pm.o)
                0x000033a4                USB_DP_ISR
 .text.USB_RestoreConfig
                0x000033ac       0x1c .\CortexM3\ARM_GCC_541\Debug\weston_1.a(USB_pm.o)
                0x000033ac                USB_RestoreConfig
 .text.USB_Suspend
                0x000033c8       0xc8 .\CortexM3\ARM_GCC_541\Debug\weston_1.a(USB_pm.o)
                0x000033c8                USB_Suspend
 .text.USB_Resume
                0x00003490       0xbc .\CortexM3\ARM_GCC_541\Debug\weston_1.a(USB_pm.o)
                0x00003490                USB_Resume
 .text.USB_ReadDieID
                0x0000354c       0x6c .\CortexM3\ARM_GCC_541\Debug\weston_1.a(USB_std.o)
                0x0000354c                USB_ReadDieID
 .text.USB_ConfigReg
                0x000035b8       0xa4 .\CortexM3\ARM_GCC_541\Debug\weston_1.a(USB_std.o)
                0x000035b8                USB_ConfigReg
 .text.USB_EpStateInit
                0x0000365c       0x44 .\CortexM3\ARM_GCC_541\Debug\weston_1.a(USB_std.o)
                0x0000365c                USB_EpStateInit
 .text.USB_GetConfigTablePtr
                0x000036a0       0x28 .\CortexM3\ARM_GCC_541\Debug\weston_1.a(USB_std.o)
                0x000036a0                USB_GetConfigTablePtr
 .text.USB_ConfigAltChanged
                0x000036c8      0x11c .\CortexM3\ARM_GCC_541\Debug\weston_1.a(USB_std.o)
                0x000036c8                USB_ConfigAltChanged
 .text.USB_GetDeviceTablePtr
                0x000037e4       0x18 .\CortexM3\ARM_GCC_541\Debug\weston_1.a(USB_std.o)
                0x000037e4                USB_GetDeviceTablePtr
 .text.USB_GetInterfaceClassTablePtr
                0x000037fc       0x28 .\CortexM3\ARM_GCC_541\Debug\weston_1.a(USB_std.o)
                0x000037fc                USB_GetInterfaceClassTablePtr
 .text.USB_Config
                0x00003824      0x1f4 .\CortexM3\ARM_GCC_541\Debug\weston_1.a(USB_std.o)
                0x00003824                USB_Config
 .text.USB_SetEndpointHalt
                0x00003a18       0x64 .\CortexM3\ARM_GCC_541\Debug\weston_1.a(USB_std.o)
                0x00003a18                USB_SetEndpointHalt
 .text.USB_ClearEndpointHalt
                0x00003a7c       0xac .\CortexM3\ARM_GCC_541\Debug\weston_1.a(USB_std.o)
                0x00003a7c                USB_ClearEndpointHalt
 .text.USB_ValidateAlternateSetting
                0x00003b28       0x4c .\CortexM3\ARM_GCC_541\Debug\weston_1.a(USB_std.o)
                0x00003b28                USB_ValidateAlternateSetting
 .text.USB_HandleStandardRqst
                0x00003b74      0x354 .\CortexM3\ARM_GCC_541\Debug\weston_1.a(USB_std.o)
                0x00003b74                USB_HandleStandardRqst
 .text.USB_HandleVendorRqst
                0x00003ec8       0x18 .\CortexM3\ARM_GCC_541\Debug\weston_1.a(USB_vnd.o)
                0x00003ec8                USB_HandleVendorRqst
 .text.USB_MIDI_Init
                0x00003ee0       0x1c .\CortexM3\ARM_GCC_541\Debug\weston_1.a(USB_midi.o)
                0x00003ee0                USB_MIDI_Init
 .text.USB_MIDI_OUT_Service
                0x00003efc       0x54 .\CortexM3\ARM_GCC_541\Debug\weston_1.a(USB_midi.o)
                0x00003efc                USB_MIDI_OUT_Service
 .text.USB_MIDI_IN_EP_Service
                0x00003f50       0x3c .\CortexM3\ARM_GCC_541\Debug\weston_1.a(USB_midi.o)
                0x00003f50                USB_MIDI_IN_EP_Service
 .text.USB_MIDI_IN_Service
                0x00003f8c        0x8 .\CortexM3\ARM_GCC_541\Debug\weston_1.a(USB_midi.o)
                0x00003f8c                USB_MIDI_IN_Service
 .text.USB_PrepareInBuffer
                0x00003f94      0x200 .\CortexM3\ARM_GCC_541\Debug\weston_1.a(USB_midi.o)
                0x00003f94                USB_PrepareInBuffer
 .text.USB_PutUsbMidiIn
                0x00004194       0xf4 .\CortexM3\ARM_GCC_541\Debug\weston_1.a(USB_midi.o)
                0x00004194                USB_PutUsbMidiIn
 .text.USB_Dp_ClearInterrupt
                0x00004288       0x10 .\CortexM3\ARM_GCC_541\Debug\weston_1.a(USB_Dp.o)
                0x00004288                USB_Dp_ClearInterrupt
 .text.SleepTimer_Enable
                0x00004298       0x48 .\CortexM3\ARM_GCC_541\Debug\weston_1.a(SleepTimer.o)
                0x00004298                SleepTimer_Enable
 .text.SleepTimer_Stop
                0x000042e0       0x1c .\CortexM3\ARM_GCC_541\Debug\weston_1.a(SleepTimer.o)
                0x000042e0                SleepTimer_Stop
 .text.SleepTimer_EnableInt
                0x000042fc       0x1c .\CortexM3\ARM_GCC_541\Debug\weston_1.a(SleepTimer.o)
                0x000042fc                SleepTimer_EnableInt
 .text.SleepTimer_SetInterval
                0x00004318       0x24 .\CortexM3\ARM_GCC_541\Debug\weston_1.a(SleepTimer.o)
                0x00004318                SleepTimer_SetInterval
 .text.SleepTimer_Init
                0x0000433c       0x10 .\CortexM3\ARM_GCC_541\Debug\weston_1.a(SleepTimer.o)
                0x0000433c                SleepTimer_Init
 .text.SleepTimer_Start
                0x0000434c       0x1c .\CortexM3\ARM_GCC_541\Debug\weston_1.a(SleepTimer.o)
                0x0000434c                SleepTimer_Start
 .text.SleepTimer_GetStatus
                0x00004368        0xc .\CortexM3\ARM_GCC_541\Debug\weston_1.a(SleepTimer.o)
                0x00004368                SleepTimer_GetStatus
 .text.Sleep_isr_SetVector
                0x00004374        0xc .\CortexM3\ARM_GCC_541\Debug\weston_1.a(Sleep_isr.o)
                0x00004374                Sleep_isr_SetVector
 .text.Sleep_isr_SetPriority
                0x00004380       0x10 .\CortexM3\ARM_GCC_541\Debug\weston_1.a(Sleep_isr.o)
                0x00004380                Sleep_isr_SetPriority
 .text.Sleep_isr_Enable
                0x00004390        0xc .\CortexM3\ARM_GCC_541\Debug\weston_1.a(Sleep_isr.o)
                0x00004390                Sleep_isr_Enable
 .text.Sleep_isr_Disable
                0x0000439c        0xc .\CortexM3\ARM_GCC_541\Debug\weston_1.a(Sleep_isr.o)
                0x0000439c                Sleep_isr_Disable
 .text.Sleep_isr_StartEx
                0x000043a8       0x1c .\CortexM3\ARM_GCC_541\Debug\weston_1.a(Sleep_isr.o)
                0x000043a8                Sleep_isr_StartEx
 *fill*         0x000043c4        0x4 
 .text          0x000043c8       0x20 .\CortexM3\ARM_GCC_541\Debug\weston_1.a(CyBootAsmGnu.o)
                0x000043c8                CyDelayCycles
                0x000043d8                CyEnterCriticalSection
                0x000043e0                CyExitCriticalSection
 .text.USB_DispatchClassRqst
                0x000043e8       0x60 .\CortexM3\ARM_GCC_541\Debug\weston_1.a(USB_cls.o)
                0x000043e8                USB_DispatchClassRqst
 .text.USB_DispatchAUDIOClassRqst
                0x00004448       0x40 .\CortexM3\ARM_GCC_541\Debug\weston_1.a(USB_audio.o)
                0x00004448                USB_DispatchAUDIOClassRqst
 .text.__errno  0x00004488        0xc c:/program files (x86)/cypress/psoc creator/4.2/psoc creator/import/gnu/arm/5.4.1/bin/../lib/gcc/arm-none-eabi/5.4.1/../../../../arm-none-eabi/lib/armv7-m\libg_nano.a(lib_a-errno.o)
                0x00004488                __errno
 .text.__libc_init_array
                0x00004494       0x4c c:/program files (x86)/cypress/psoc creator/4.2/psoc creator/import/gnu/arm/5.4.1/bin/../lib/gcc/arm-none-eabi/5.4.1/../../../../arm-none-eabi/lib/armv7-m\libg_nano.a(lib_a-init.o)
                0x00004494                __libc_init_array
 .text.memcpy   0x000044e0       0x16 c:/program files (x86)/cypress/psoc creator/4.2/psoc creator/import/gnu/arm/5.4.1/bin/../lib/gcc/arm-none-eabi/5.4.1/../../../../arm-none-eabi/lib/armv7-m\libg_nano.a(lib_a-memcpy-stub.o)
                0x000044e0                memcpy
 .text.memset   0x000044f6       0x10 c:/program files (x86)/cypress/psoc creator/4.2/psoc creator/import/gnu/arm/5.4.1/bin/../lib/gcc/arm-none-eabi/5.4.1/../../../../arm-none-eabi/lib/armv7-m\libg_nano.a(lib_a-memset.o)
                0x000044f6                memset
 *(.plt)
 *(.gnu.warning)
 *(.glue_7t)
 .glue_7t       0x00004506        0x0 linker stubs
 *(.glue_7)
 .glue_7        0x00004506        0x0 linker stubs
 *(.vfp11_veneer)
 .vfp11_veneer  0x00004506        0x0 linker stubs
 *(.bootloader)
 *(.ARM.extab* .gnu.linkonce.armextab.*)
 *(.gcc_except_table)

.v4_bx          0x00004508        0x0
 .v4_bx         0x00004508        0x0 linker stubs

.iplt           0x00004508        0x0
 .iplt          0x00004508        0x0 c:/program files (x86)/cypress/psoc creator/4.2/psoc creator/import/gnu/arm/5.4.1/bin/../lib/gcc/arm-none-eabi/5.4.1/armv7-m/crtbegin.o

.eh_frame_hdr
 *(.eh_frame_hdr)

.eh_frame       0x00004508        0x4
 *(.eh_frame)
 .eh_frame      0x00004508        0x0 c:/program files (x86)/cypress/psoc creator/4.2/psoc creator/import/gnu/arm/5.4.1/bin/../lib/gcc/arm-none-eabi/5.4.1/armv7-m/crtbegin.o
 .eh_frame      0x00004508        0x4 c:/program files (x86)/cypress/psoc creator/4.2/psoc creator/import/gnu/arm/5.4.1/bin/../lib/gcc/arm-none-eabi/5.4.1/armv7-m/crtend.o
                [!provide]                PROVIDE (__exidx_start, .)

.ARM.exidx
 *(.ARM.exidx* .gnu.linkonce.armexidx.*)
                0x0000450c                __exidx_end = .

.rodata         0x00004600     0x1828
 *(.rodata .rodata.* .gnu.linkonce.r.*)
 .rodata        0x00004600     0x1400 .\CortexM3\ARM_GCC_541\Debug\main.o
                0x00004600                Em_EEPROM_em_EepromStorage
 .rodata        0x00005a00       0xc2 .\CortexM3\ARM_GCC_541\Debug\cyfitter_cfg.o
                0x00005a00                CapSense_AMuxCH0__addrTable
                0x00005a74                CapSense_AMuxCH0__maskTable
 *fill*         0x00005ac2        0x2 
 .rodata        0x00005ac4        0xf .\CortexM3\ARM_GCC_541\Debug\weston_1.a(cyPm.o)
 *fill*         0x00005ad3        0x1 
 .rodata        0x00005ad4       0xda .\CortexM3\ARM_GCC_541\Debug\weston_1.a(CapSense.o)
                0x00005ad4                CapSense_portTable
                0x00005af0                CapSense_maskTable
                0x00005b0c                CapSense_pcTable
                0x00005b74                CapSense_csTable
                0x00005b94                CapSense_widgetNumber
 *fill*         0x00005bae        0x2 
 .rodata        0x00005bb0       0x36 .\CortexM3\ARM_GCC_541\Debug\weston_1.a(CapSense_CSHL.o)
                0x00005bb0                CapSense_rawDataIndex
                0x00005bcc                CapSense_numberOfSensors
 *fill*         0x00005be6        0x2 
 .rodata.str1.4
                0x00005be8       0x14 .\CortexM3\ARM_GCC_541\Debug\weston_1.a(USB_std.o)
                                 0x11 (size before relaxing)
 .rodata        0x00005bfc      0x1f6 .\CortexM3\ARM_GCC_541\Debug\weston_1.a(USB_descr.o)
                0x00005bfc                USB_TABLE
                0x00005c04                USB_DEVICE0_TABLE
                0x00005c1c                USB_DEVICE0_CONFIGURATION0_TABLE
                0x00005c44                USB_DEVICE0_CONFIGURATION0_INTERFACE_CLASS
                0x00005c48                USB_DEVICE0_CONFIGURATION0_EP_SETTINGS_TABLE
                0x00005c58                USB_SN_STRING_DESCRIPTOR
                0x00005c5c                USB_STRING_DESCRIPTORS
                0x00005d78                USB_DEVICE0_CONFIGURATION0_DESCR
                0x00005de0                USB_DEVICE0_DESCR
 .rodata.str1.1
                0x00005df2        0x2 c:/program files (x86)/cypress/psoc creator/4.2/psoc creator/import/gnu/arm/5.4.1/bin/../lib/gcc/arm-none-eabi/5.4.1/../../../../arm-none-eabi/lib/armv7-m\libg_nano.a(lib_a-impure.o)
                0x00005df4                . = ALIGN (0x4)
 *(.init)
 .init          0x00005df4        0x4 c:/program files (x86)/cypress/psoc creator/4.2/psoc creator/import/gnu/arm/5.4.1/bin/../lib/gcc/arm-none-eabi/5.4.1/armv7-m/crti.o
                0x00005df4                _init
 .init          0x00005df8        0x8 c:/program files (x86)/cypress/psoc creator/4.2/psoc creator/import/gnu/arm/5.4.1/bin/../lib/gcc/arm-none-eabi/5.4.1/armv7-m/crtn.o
                0x00005e00                . = ALIGN (0x4)
                0x00005e00                __preinit_array_start = .
 *(.preinit_array)
                0x00005e00                __preinit_array_end = .
                0x00005e00                . = ALIGN (0x4)
                0x00005e00                __init_array_start = .
 *(SORT(.init_array.*))
 *(.init_array)
 .init_array    0x00005e00        0x4 c:/program files (x86)/cypress/psoc creator/4.2/psoc creator/import/gnu/arm/5.4.1/bin/../lib/gcc/arm-none-eabi/5.4.1/armv7-m/crtbegin.o
 .init_array    0x00005e04        0x4 .\CortexM3\ARM_GCC_541\Debug\Cm3Start.o
                0x00005e08                __init_array_end = .
                0x00005e08                . = ALIGN (0x4)
 *(.fini)
 .fini          0x00005e08        0x4 c:/program files (x86)/cypress/psoc creator/4.2/psoc creator/import/gnu/arm/5.4.1/bin/../lib/gcc/arm-none-eabi/5.4.1/armv7-m/crti.o
                0x00005e08                _fini
 .fini          0x00005e0c        0x8 c:/program files (x86)/cypress/psoc creator/4.2/psoc creator/import/gnu/arm/5.4.1/bin/../lib/gcc/arm-none-eabi/5.4.1/armv7-m/crtn.o
                0x00005e14                . = ALIGN (0x4)
                0x00005e14                __fini_array_start = .
 *(.fini_array)
 .fini_array    0x00005e14        0x4 c:/program files (x86)/cypress/psoc creator/4.2/psoc creator/import/gnu/arm/5.4.1/bin/../lib/gcc/arm-none-eabi/5.4.1/armv7-m/crtbegin.o
 *(SORT(.fini_array.*))
                0x00005e18                __fini_array_end = .
                0x00005e18                . = ALIGN (0x4)
 *crtbegin.o(.ctors)
 *(EXCLUDE_FILE(*crtend.o) .ctors)
 *(SORT(.ctors.*))
 *crtend.o(.ctors)
                0x00005e18                . = ALIGN (0x4)
 *crtbegin.o(.dtors)
 *(EXCLUDE_FILE(*crtend.o) .dtors)
 *(SORT(.dtors.*))
 *crtend.o(.dtors)
                0x00005e18                . = ALIGN (0x4)
                0x00005e18                __cy_regions = .
                0x00005e18        0x4 LONG 0x5e28 __cy_region_init_ram
                0x00005e1c        0x4 LONG 0x1fff80c8 __cy_region_start_data
                0x00005e20        0x4 LONG 0x178 __cy_region_init_size_ram
                0x00005e24        0x4 LONG 0x310 __cy_region_zero_size_ram
                0x00005e28                __cy_regions_end = .
                0x00005e28                . = ALIGN (0x8)
                0x00005e28                _etext = .

.cy_checksum_exclude
                0x00005e28        0x0
 *(.cy_checksum_exclude)

.ramvectors     0x1fff8000       0xc0
                0x1fff8000                __cy_region_start_ram = .
 *(.ramvectors)
 .ramvectors    0x1fff8000       0xc0 .\CortexM3\ARM_GCC_541\Debug\Cm3Start.o
                0x1fff8000                CyRamVectors

.noinit         0x1fff80c0        0x1
 *(.noinit)
 .noinit        0x1fff80c0        0x1 .\CortexM3\ARM_GCC_541\Debug\weston_1.a(CyLib.o)
                0x1fff80c0                CyResetStatus

.data           0x1fff80c8      0x178 load address 0x00005e28
                0x1fff80c8                __cy_region_start_data = .
 *(.jcr)
 .jcr           0x1fff80c8        0x0 c:/program files (x86)/cypress/psoc creator/4.2/psoc creator/import/gnu/arm/5.4.1/bin/../lib/gcc/arm-none-eabi/5.4.1/armv7-m/crtbegin.o
 .jcr           0x1fff80c8        0x4 c:/program files (x86)/cypress/psoc creator/4.2/psoc creator/import/gnu/arm/5.4.1/bin/../lib/gcc/arm-none-eabi/5.4.1/armv7-m/crtend.o
 *(.got.plt)
 *(.got)
 *(.shdata)
 *(.data .data.* .gnu.linkonce.d.*)
 .data          0x1fff80cc        0xc .\CortexM3\ARM_GCC_541\Debug\main.o
                0x1fff80cc                numActiveSensors
                0x1fff80cd                maxActiveSensors
                0x1fff80ce                maxScanSpeed
                0x1fff80cf                sensorResolution
                0x1fff80d0                maxResolution
                0x1fff80d1                minResolution
                0x1fff80d2                maxClockDivider
                0x1fff80d3                minClockDivider
                0x1fff80d4                clockDivider
                0x1fff80d5                maxIDAC
                0x1fff80d6                minIDAC
                0x1fff80d7                delayBetweenLoops
 .data          0x1fff80d8       0x10 .\CortexM3\ARM_GCC_541\Debug\weston_1.a(CyLib.o)
                0x1fff80d8                cydelay_32k_ms
                0x1fff80dc                cydelay_freq_khz
                0x1fff80e0                cydelay_freq_mhz
                0x1fff80e4                cydelay_freq_hz
 .data          0x1fff80e8       0x3b .\CortexM3\ARM_GCC_541\Debug\weston_1.a(CapSense.o)
                0x1fff80e8                CapSense_sensorEnableMask
                0x1fff80ec                CapSense_idacSettings
                0x1fff8108                CapSense_widgetResolution
                0x1fff8122                CapSense_analogSwitchDivider
 *fill*         0x1fff8123        0x1 
 .data          0x1fff8124       0xb8 .\CortexM3\ARM_GCC_541\Debug\weston_1.a(CapSense_CSHL.o)
                0x1fff8124                CapSense_debounce
                0x1fff8140                CapSense_fingerThreshold
                0x1fff8174                CapSense_hysteresis
                0x1fff81a8                CapSense_noiseThreshold
 .data.impure_data
                0x1fff81dc       0x60 c:/program files (x86)/cypress/psoc creator/4.2/psoc creator/import/gnu/arm/5.4.1/bin/../lib/gcc/arm-none-eabi/5.4.1/../../../../arm-none-eabi/lib/armv7-m\libg_nano.a(lib_a-impure.o)
 .data._impure_ptr
                0x1fff823c        0x4 c:/program files (x86)/cypress/psoc creator/4.2/psoc creator/import/gnu/arm/5.4.1/bin/../lib/gcc/arm-none-eabi/5.4.1/../../../../arm-none-eabi/lib/armv7-m\libg_nano.a(lib_a-impure.o)
                0x1fff823c                _impure_ptr
                0x1fff8240                . = ALIGN (0x8)
 *(.ram)
                0x1fff8240                _edata = .

.igot.plt       0x1fff8240        0x0 load address 0x00005fa0
 .igot.plt      0x1fff8240        0x0 c:/program files (x86)/cypress/psoc creator/4.2/psoc creator/import/gnu/arm/5.4.1/bin/../lib/gcc/arm-none-eabi/5.4.1/armv7-m/crtbegin.o

.bss            0x1fff8240      0x310 load address 0x00005fa0
                0x1fff8240                PROVIDE (__bss_start__, .)
 *(.shbss)
 *(.bss .bss.* .gnu.linkonce.b.*)
 .bss           0x1fff8240       0x1c c:/program files (x86)/cypress/psoc creator/4.2/psoc creator/import/gnu/arm/5.4.1/bin/../lib/gcc/arm-none-eabi/5.4.1/armv7-m/crtbegin.o
 .bss           0x1fff825c        0x5 .\CortexM3\ARM_GCC_541\Debug\main.o
                0x1fff825c                usbActivityCounter
                0x1fff825d                minScanSpeed
                0x1fff825e                rawVsCooked
                0x1fff825f                clockDividerLowByte
                0x1fff8260                IDACLowByte
 *fill*         0x1fff8261        0x3 
 .bss           0x1fff8264       0x43 .\CortexM3\ARM_GCC_541\Debug\weston_1.a(cyPm.o)
 *fill*         0x1fff82a7        0x1 
 .bss           0x1fff82a8        0x8 .\CortexM3\ARM_GCC_541\Debug\weston_1.a(CySpc.o)
                0x1fff82a8                SpcLockState
 .bss           0x1fff82b0        0x1 .\CortexM3\ARM_GCC_541\Debug\weston_1.a(CapSense.o)
 *fill*         0x1fff82b1        0x3 
 .bss           0x1fff82b4       0x1b .\CortexM3\ARM_GCC_541\Debug\weston_1.a(CapSense_CSHL.o)
                0x1fff82b4                CapSense_debounceCounter
 .bss           0x1fff82cf        0x1 .\CortexM3\ARM_GCC_541\Debug\weston_1.a(USB.o)
                0x1fff82cf                USB_initVar
 .bss           0x1fff82d0        0x2 .\CortexM3\ARM_GCC_541\Debug\weston_1.a(USB_pm.o)
 *fill*         0x1fff82d2        0x2 
 .bss           0x1fff82d4        0x2 .\CortexM3\ARM_GCC_541\Debug\weston_1.a(USB_std.o)
 .bss           0x1fff82d6        0x1 .\CortexM3\ARM_GCC_541\Debug\weston_1.a(SleepTimer.o)
                0x1fff82d6                SleepTimer_initVar
 *(COMMON)
 *fill*         0x1fff82d7        0x1 
 COMMON         0x1fff82d8       0x44 .\CortexM3\ARM_GCC_541\Debug\main.o
                0x1fff82d8                capSensorsPrev
                0x1fff830c                EEPROMarray
                0x1fff831b                eepromReturnValue
 COMMON         0x1fff831c        0x2 .\CortexM3\ARM_GCC_541\Debug\weston_1.a(CyFlash.o)
                0x1fff831c                dieTemperature
 *fill*         0x1fff831e        0x2 
 COMMON         0x1fff8320       0x36 .\CortexM3\ARM_GCC_541\Debug\weston_1.a(CapSense.o)
                0x1fff8320                CapSense_sensorRaw
                0x1fff8354                CapSense_sensorIndex
                0x1fff8355                CapSense_csv
 *fill*         0x1fff8356        0x2 
 COMMON         0x1fff8358       0xd8 .\CortexM3\ARM_GCC_541\Debug\weston_1.a(CapSense_CSHL.o)
                0x1fff8358                CapSense_lowBaselineResetCnt
                0x1fff8374                CapSense_sensorBaselineLow
                0x1fff8390                CapSense_sensorSignal
                0x1fff83c4                CapSense_sensorBaseline
                0x1fff83f8                CapSense_rawFilterData1
                0x1fff842c                CapSense_sensorOnMask
 COMMON         0x1fff8430       0x1c .\CortexM3\ARM_GCC_541\Debug\weston_1.a(Em_EEPROM.o)
                0x1fff8430                Em_EEPROM_context
 COMMON         0x1fff844c       0x98 .\CortexM3\ARM_GCC_541\Debug\weston_1.a(USB_drv.o)
                0x1fff844c                USB_transferState
                0x1fff844d                USB_interfaceNumber
                0x1fff844e                USB_lastPacketSize
                0x1fff8450                USB_interfaceClass
                0x1fff8454                USB_interfaceSetting
                0x1fff8456                USB_ep0Mode
                0x1fff8457                USB_device
                0x1fff8458                USB_deviceAddress
                0x1fff8459                USB_ep0Toggle
                0x1fff845c                USB_interfaceSettingLast
                0x1fff845e                USB_configurationChanged
                0x1fff8460                USB_interfaceStatus
                0x1fff8462                USB_transferByteCount
                0x1fff8464                USB_configuration
                0x1fff8468                USB_currentTD
                0x1fff8474                USB_ep0Count
                0x1fff8475                USB_deviceStatus
                0x1fff8478                USB_EP
 COMMON         0x1fff84e4       0x44 .\CortexM3\ARM_GCC_541\Debug\weston_1.a(USB_midi.o)
                0x1fff84e4                USB_midiOutBuffer
                0x1fff8504                USB_midi_in_ep
                0x1fff8505                USB_midiInPointer
                0x1fff8506                USB_midi_out_ep
                0x1fff8508                USB_midiInBuffer
 COMMON         0x1fff8528       0x22 .\CortexM3\ARM_GCC_541\Debug\weston_1.a(USB_descr.o)
                0x1fff8528                USB_idSerialNumberStringDescriptor
                0x1fff8550                . = ALIGN (0x8)
 *fill*         0x1fff854a        0x6 
 *(.ram.b)
                0x1fff8550                _end = .
                0x1fff8550                __end = .
                0x1fff8550                PROVIDE (end, .)
                0x1fff8550                PROVIDE (__bss_end__, .)
                0x00005e28                __cy_region_init_ram = LOADADDR (.data)
                0x00000178                __cy_region_init_size_ram = (_edata - ADDR (.data))
                0x00000310                __cy_region_zero_size_ram = (_end - _edata)

.heap           0x1fff8550       0x80 load address 0x00005fa0
                0x1fff8550                . = _end
                0x1fff85d0                . = (. + 0x80)
 *fill*         0x1fff8550       0x80 
                0x1fff85d0                __cy_heap_limit = .

.stack          0x20007800      0x800
                0x20007800                __cy_stack_limit = .
                0x20008000                . = (. + 0x800)
 *fill*         0x20007800      0x800 
                0x00000001                ASSERT ((__cy_stack_limit >= __cy_heap_limit), region RAM overflowed with stack)
                0x00000000                cy_checksum_exclude_size = (CY_APPL_LOADABLE == 0x1)?SIZEOF (.cy_checksum_exclude):0x0
                0x00000001                ASSERT ((cy_checksum_exclude_size <= CY_CHECKSUM_EXCLUDE_SIZE), CY_BOOT: Section .cy_checksum_exclude size exceedes specified limit.)

.cyloadermeta
 *(.cyloadermeta)

.cyloadablemeta
 *(.cyloadablemeta)

.cyconfigecc    0x80000000      0x6a0
 *(.cyconfigecc)
 .cyconfigecc   0x80000000      0x6a0 .\CortexM3\ARM_GCC_541\Debug\cymetadata.o
                0x80000000                cy_meta_configecc

.cycustnvl      0x90000000        0x4
 *(.cycustnvl)
 .cycustnvl     0x90000000        0x4 .\CortexM3\ARM_GCC_541\Debug\cymetadata.o
                0x90000000                cy_meta_custnvl

.cywolatch      0x90100000        0x4
 *(.cywolatch)
 .cywolatch     0x90100000        0x4 .\CortexM3\ARM_GCC_541\Debug\cymetadata.o
                0x90100000                cy_meta_wonvl

.cyeeprom       0x90200000        0x0
 *(.cyeeprom)
                0x00000001                ASSERT ((. <= ((0x90200000 + ee_offset) + ee_size)), .cyeeprom data will not fit in EEPROM)

.cyflashprotect
                0x90400000      0x100
 *(.cyflashprotect)
 .cyflashprotect
                0x90400000      0x100 .\CortexM3\ARM_GCC_541\Debug\cymetadata.o
                0x90400000                cy_meta_flashprotect

.cymeta         0x90500000        0xc
 *(.cymeta)
 .cymeta        0x90500000        0xc .\CortexM3\ARM_GCC_541\Debug\cymetadata.o
                0x90500000                cy_metadata

.rel.dyn        0x00005fa0        0x0 load address 0x9050000c
 .rel.iplt      0x00005fa0        0x0 c:/program files (x86)/cypress/psoc creator/4.2/psoc creator/import/gnu/arm/5.4.1/bin/../lib/gcc/arm-none-eabi/5.4.1/armv7-m/crtbegin.o

.stab
 *(.stab)

.stabstr
 *(.stabstr)

.debug
 *(.debug)

.line
 *(.line)

.debug_srcinfo
 *(.debug_srcinfo)

.debug_sfnames
 *(.debug_sfnames)

.debug_aranges  0x00000000      0xd78
 *(.debug_aranges)
 .debug_aranges
                0x00000000       0x60 .\CortexM3\ARM_GCC_541\Debug\main.o
 .debug_aranges
                0x00000060       0x68 .\CortexM3\ARM_GCC_541\Debug\cyfitter_cfg.o
 .debug_aranges
                0x000000c8       0x18 .\CortexM3\ARM_GCC_541\Debug\cymetadata.o
 .debug_aranges
                0x000000e0       0x48 .\CortexM3\ARM_GCC_541\Debug\Cm3Start.o
 .debug_aranges
                0x00000128       0x90 .\CortexM3\ARM_GCC_541\Debug\weston_1.a(cy_em_eeprom.o)
 .debug_aranges
                0x000001b8       0x88 .\CortexM3\ARM_GCC_541\Debug\weston_1.a(CyFlash.o)
 .debug_aranges
                0x00000240      0x2a0 .\CortexM3\ARM_GCC_541\Debug\weston_1.a(CyLib.o)
 .debug_aranges
                0x000004e0       0x98 .\CortexM3\ARM_GCC_541\Debug\weston_1.a(cyPm.o)
 .debug_aranges
                0x00000578       0x80 .\CortexM3\ARM_GCC_541\Debug\weston_1.a(CySpc.o)
 .debug_aranges
                0x000005f8       0xb0 .\CortexM3\ARM_GCC_541\Debug\weston_1.a(CapSense.o)
 .debug_aranges
                0x000006a8       0x78 .\CortexM3\ARM_GCC_541\Debug\weston_1.a(CapSense_CSHL.o)
 .debug_aranges
                0x00000720       0x20 .\CortexM3\ARM_GCC_541\Debug\weston_1.a(CapSense_INT.o)
 .debug_aranges
                0x00000740       0x20 .\CortexM3\ARM_GCC_541\Debug\weston_1.a(Em_EEPROM.o)
 .debug_aranges
                0x00000760       0x70 .\CortexM3\ARM_GCC_541\Debug\weston_1.a(CapSense_CompCH0.o)
 .debug_aranges
                0x000007d0       0x60 .\CortexM3\ARM_GCC_541\Debug\weston_1.a(CapSense_IdacCH0.o)
 .debug_aranges
                0x00000830       0x48 .\CortexM3\ARM_GCC_541\Debug\weston_1.a(CapSense_AMuxCH0.o)
 .debug_aranges
                0x00000878       0x70 .\CortexM3\ARM_GCC_541\Debug\weston_1.a(CapSense_IntClock.o)
 .debug_aranges
                0x000008e8       0x38 .\CortexM3\ARM_GCC_541\Debug\weston_1.a(LED1.o)
 .debug_aranges
                0x00000920       0xc8 .\CortexM3\ARM_GCC_541\Debug\weston_1.a(USB.o)
 .debug_aranges
                0x000009e8       0x98 .\CortexM3\ARM_GCC_541\Debug\weston_1.a(USB_drv.o)
 .debug_aranges
                0x00000a80       0x38 .\CortexM3\ARM_GCC_541\Debug\weston_1.a(USB_episr.o)
 .debug_aranges
                0x00000ab8       0x40 .\CortexM3\ARM_GCC_541\Debug\weston_1.a(USB_pm.o)
 .debug_aranges
                0x00000af8       0x80 .\CortexM3\ARM_GCC_541\Debug\weston_1.a(USB_std.o)
 .debug_aranges
                0x00000b78       0x20 .\CortexM3\ARM_GCC_541\Debug\weston_1.a(USB_vnd.o)
 .debug_aranges
                0x00000b98       0x48 .\CortexM3\ARM_GCC_541\Debug\weston_1.a(USB_midi.o)
 .debug_aranges
                0x00000be0       0x48 .\CortexM3\ARM_GCC_541\Debug\weston_1.a(USB_Dp.o)
 .debug_aranges
                0x00000c28       0x58 .\CortexM3\ARM_GCC_541\Debug\weston_1.a(SleepTimer.o)
 .debug_aranges
                0x00000c80       0x80 .\CortexM3\ARM_GCC_541\Debug\weston_1.a(Sleep_isr.o)
 .debug_aranges
                0x00000d00       0x20 .\CortexM3\ARM_GCC_541\Debug\weston_1.a(CyBootAsmGnu.o)
 .debug_aranges
                0x00000d20       0x20 .\CortexM3\ARM_GCC_541\Debug\weston_1.a(USB_cls.o)
 .debug_aranges
                0x00000d40       0x18 .\CortexM3\ARM_GCC_541\Debug\weston_1.a(USB_descr.o)
 .debug_aranges
                0x00000d58       0x20 .\CortexM3\ARM_GCC_541\Debug\weston_1.a(USB_audio.o)

.debug_pubnames
 *(.debug_pubnames)

.debug_info     0x00000000     0x9cff
 *(.debug_info .gnu.linkonce.wi.*)
 .debug_info    0x00000000      0xae6 .\CortexM3\ARM_GCC_541\Debug\main.o
 .debug_info    0x00000ae6      0x6c1 .\CortexM3\ARM_GCC_541\Debug\cyfitter_cfg.o
 .debug_info    0x000011a7      0x139 .\CortexM3\ARM_GCC_541\Debug\cymetadata.o
 .debug_info    0x000012e0      0x3bb .\CortexM3\ARM_GCC_541\Debug\Cm3Start.o
 .debug_info    0x0000169b      0xef6 .\CortexM3\ARM_GCC_541\Debug\weston_1.a(cy_em_eeprom.o)
 .debug_info    0x00002591      0x64d .\CortexM3\ARM_GCC_541\Debug\weston_1.a(CyFlash.o)
 .debug_info    0x00002bde     0x1374 .\CortexM3\ARM_GCC_541\Debug\weston_1.a(CyLib.o)
 .debug_info    0x00003f52      0xa2a .\CortexM3\ARM_GCC_541\Debug\weston_1.a(cyPm.o)
 .debug_info    0x0000497c      0x550 .\CortexM3\ARM_GCC_541\Debug\weston_1.a(CySpc.o)
 .debug_info    0x00004ecc      0x819 .\CortexM3\ARM_GCC_541\Debug\weston_1.a(CapSense.o)
 .debug_info    0x000056e5      0x690 .\CortexM3\ARM_GCC_541\Debug\weston_1.a(CapSense_CSHL.o)
 .debug_info    0x00005d75      0x10d .\CortexM3\ARM_GCC_541\Debug\weston_1.a(CapSense_INT.o)
 .debug_info    0x00005e82      0x242 .\CortexM3\ARM_GCC_541\Debug\weston_1.a(Em_EEPROM.o)
 .debug_info    0x000060c4      0x2c8 .\CortexM3\ARM_GCC_541\Debug\weston_1.a(CapSense_CompCH0.o)
 .debug_info    0x0000638c      0x209 .\CortexM3\ARM_GCC_541\Debug\weston_1.a(CapSense_IdacCH0.o)
 .debug_info    0x00006595      0x1d3 .\CortexM3\ARM_GCC_541\Debug\weston_1.a(CapSense_AMuxCH0.o)
 .debug_info    0x00006768      0x283 .\CortexM3\ARM_GCC_541\Debug\weston_1.a(CapSense_IntClock.o)
 .debug_info    0x000069eb      0x11f .\CortexM3\ARM_GCC_541\Debug\weston_1.a(LED1.o)
 .debug_info    0x00006b0a      0x964 .\CortexM3\ARM_GCC_541\Debug\weston_1.a(USB.o)
 .debug_info    0x0000746e      0x655 .\CortexM3\ARM_GCC_541\Debug\weston_1.a(USB_drv.o)
 .debug_info    0x00007ac3      0x243 .\CortexM3\ARM_GCC_541\Debug\weston_1.a(USB_episr.o)
 .debug_info    0x00007d06      0x2e4 .\CortexM3\ARM_GCC_541\Debug\weston_1.a(USB_pm.o)
 .debug_info    0x00007fea      0xaf7 .\CortexM3\ARM_GCC_541\Debug\weston_1.a(USB_std.o)
 .debug_info    0x00008ae1       0xed .\CortexM3\ARM_GCC_541\Debug\weston_1.a(USB_vnd.o)
 .debug_info    0x00008bce      0x458 .\CortexM3\ARM_GCC_541\Debug\weston_1.a(USB_midi.o)
 .debug_info    0x00009026      0x174 .\CortexM3\ARM_GCC_541\Debug\weston_1.a(USB_Dp.o)
 .debug_info    0x0000919a      0x277 .\CortexM3\ARM_GCC_541\Debug\weston_1.a(SleepTimer.o)
 .debug_info    0x00009411      0x2d2 .\CortexM3\ARM_GCC_541\Debug\weston_1.a(Sleep_isr.o)
 .debug_info    0x000096e3       0x98 .\CortexM3\ARM_GCC_541\Debug\weston_1.a(CyBootAsmGnu.o)
 .debug_info    0x0000977b      0x1de .\CortexM3\ARM_GCC_541\Debug\weston_1.a(USB_cls.o)
 .debug_info    0x00009959      0x2aa .\CortexM3\ARM_GCC_541\Debug\weston_1.a(USB_descr.o)
 .debug_info    0x00009c03       0xfc .\CortexM3\ARM_GCC_541\Debug\weston_1.a(USB_audio.o)

.debug_abbrev   0x00000000     0x2902
 *(.debug_abbrev)
 .debug_abbrev  0x00000000      0x203 .\CortexM3\ARM_GCC_541\Debug\main.o
 .debug_abbrev  0x00000203      0x22d .\CortexM3\ARM_GCC_541\Debug\cyfitter_cfg.o
 .debug_abbrev  0x00000430       0x77 .\CortexM3\ARM_GCC_541\Debug\cymetadata.o
 .debug_abbrev  0x000004a7      0x1e8 .\CortexM3\ARM_GCC_541\Debug\Cm3Start.o
 .debug_abbrev  0x0000068f      0x21a .\CortexM3\ARM_GCC_541\Debug\weston_1.a(cy_em_eeprom.o)
 .debug_abbrev  0x000008a9      0x1a7 .\CortexM3\ARM_GCC_541\Debug\weston_1.a(CyFlash.o)
 .debug_abbrev  0x00000a50      0x254 .\CortexM3\ARM_GCC_541\Debug\weston_1.a(CyLib.o)
 .debug_abbrev  0x00000ca4      0x1ab .\CortexM3\ARM_GCC_541\Debug\weston_1.a(cyPm.o)
 .debug_abbrev  0x00000e4f      0x194 .\CortexM3\ARM_GCC_541\Debug\weston_1.a(CySpc.o)
 .debug_abbrev  0x00000fe3      0x193 .\CortexM3\ARM_GCC_541\Debug\weston_1.a(CapSense.o)
 .debug_abbrev  0x00001176      0x1a5 .\CortexM3\ARM_GCC_541\Debug\weston_1.a(CapSense_CSHL.o)
 .debug_abbrev  0x0000131b       0x85 .\CortexM3\ARM_GCC_541\Debug\weston_1.a(CapSense_INT.o)
 .debug_abbrev  0x000013a0      0x110 .\CortexM3\ARM_GCC_541\Debug\weston_1.a(Em_EEPROM.o)
 .debug_abbrev  0x000014b0      0x16e .\CortexM3\ARM_GCC_541\Debug\weston_1.a(CapSense_CompCH0.o)
 .debug_abbrev  0x0000161e      0x106 .\CortexM3\ARM_GCC_541\Debug\weston_1.a(CapSense_IdacCH0.o)
 .debug_abbrev  0x00001724       0xb3 .\CortexM3\ARM_GCC_541\Debug\weston_1.a(CapSense_AMuxCH0.o)
 .debug_abbrev  0x000017d7      0x139 .\CortexM3\ARM_GCC_541\Debug\weston_1.a(CapSense_IntClock.o)
 .debug_abbrev  0x00001910       0x90 .\CortexM3\ARM_GCC_541\Debug\weston_1.a(LED1.o)
 .debug_abbrev  0x000019a0      0x215 .\CortexM3\ARM_GCC_541\Debug\weston_1.a(USB.o)
 .debug_abbrev  0x00001bb5      0x189 .\CortexM3\ARM_GCC_541\Debug\weston_1.a(USB_drv.o)
 .debug_abbrev  0x00001d3e      0x11b .\CortexM3\ARM_GCC_541\Debug\weston_1.a(USB_episr.o)
 .debug_abbrev  0x00001e59      0x108 .\CortexM3\ARM_GCC_541\Debug\weston_1.a(USB_pm.o)
 .debug_abbrev  0x00001f61      0x20a .\CortexM3\ARM_GCC_541\Debug\weston_1.a(USB_std.o)
 .debug_abbrev  0x0000216b       0x9b .\CortexM3\ARM_GCC_541\Debug\weston_1.a(USB_vnd.o)
 .debug_abbrev  0x00002206      0x1a0 .\CortexM3\ARM_GCC_541\Debug\weston_1.a(USB_midi.o)
 .debug_abbrev  0x000023a6       0x90 .\CortexM3\ARM_GCC_541\Debug\weston_1.a(USB_Dp.o)
 .debug_abbrev  0x00002436       0xfd .\CortexM3\ARM_GCC_541\Debug\weston_1.a(SleepTimer.o)
 .debug_abbrev  0x00002533      0x173 .\CortexM3\ARM_GCC_541\Debug\weston_1.a(Sleep_isr.o)
 .debug_abbrev  0x000026a6       0x14 .\CortexM3\ARM_GCC_541\Debug\weston_1.a(CyBootAsmGnu.o)
 .debug_abbrev  0x000026ba       0xe1 .\CortexM3\ARM_GCC_541\Debug\weston_1.a(USB_cls.o)
 .debug_abbrev  0x0000279b       0xbd .\CortexM3\ARM_GCC_541\Debug\weston_1.a(USB_descr.o)
 .debug_abbrev  0x00002858       0xaa .\CortexM3\ARM_GCC_541\Debug\weston_1.a(USB_audio.o)

.debug_line     0x00000000     0x3a2f
 *(.debug_line)
 .debug_line    0x00000000      0x3ba .\CortexM3\ARM_GCC_541\Debug\main.o
 .debug_line    0x000003ba      0x223 .\CortexM3\ARM_GCC_541\Debug\cyfitter_cfg.o
 .debug_line    0x000005dd      0x141 .\CortexM3\ARM_GCC_541\Debug\cymetadata.o
 .debug_line    0x0000071e      0x234 .\CortexM3\ARM_GCC_541\Debug\Cm3Start.o
 .debug_line    0x00000952      0x49e .\CortexM3\ARM_GCC_541\Debug\weston_1.a(cy_em_eeprom.o)
 .debug_line    0x00000df0      0x21a .\CortexM3\ARM_GCC_541\Debug\weston_1.a(CyFlash.o)
 .debug_line    0x0000100a      0x816 .\CortexM3\ARM_GCC_541\Debug\weston_1.a(CyLib.o)
 .debug_line    0x00001820      0x367 .\CortexM3\ARM_GCC_541\Debug\weston_1.a(cyPm.o)
 .debug_line    0x00001b87      0x260 .\CortexM3\ARM_GCC_541\Debug\weston_1.a(CySpc.o)
 .debug_line    0x00001de7      0x2aa .\CortexM3\ARM_GCC_541\Debug\weston_1.a(CapSense.o)
 .debug_line    0x00002091      0x231 .\CortexM3\ARM_GCC_541\Debug\weston_1.a(CapSense_CSHL.o)
 .debug_line    0x000022c2       0x79 .\CortexM3\ARM_GCC_541\Debug\weston_1.a(CapSense_INT.o)
 .debug_line    0x0000233b       0x79 .\CortexM3\ARM_GCC_541\Debug\weston_1.a(Em_EEPROM.o)
 .debug_line    0x000023b4      0x16f .\CortexM3\ARM_GCC_541\Debug\weston_1.a(CapSense_CompCH0.o)
 .debug_line    0x00002523      0x104 .\CortexM3\ARM_GCC_541\Debug\weston_1.a(CapSense_IdacCH0.o)
 .debug_line    0x00002627       0xe7 .\CortexM3\ARM_GCC_541\Debug\weston_1.a(CapSense_AMuxCH0.o)
 .debug_line    0x0000270e      0x180 .\CortexM3\ARM_GCC_541\Debug\weston_1.a(CapSense_IntClock.o)
 .debug_line    0x0000288e       0x91 .\CortexM3\ARM_GCC_541\Debug\weston_1.a(LED1.o)
 .debug_line    0x0000291f      0x2c8 .\CortexM3\ARM_GCC_541\Debug\weston_1.a(USB.o)
 .debug_line    0x00002be7      0x215 .\CortexM3\ARM_GCC_541\Debug\weston_1.a(USB_drv.o)
 .debug_line    0x00002dfc       0xbf .\CortexM3\ARM_GCC_541\Debug\weston_1.a(USB_episr.o)
 .debug_line    0x00002ebb       0xfe .\CortexM3\ARM_GCC_541\Debug\weston_1.a(USB_pm.o)
 .debug_line    0x00002fb9      0x3ee .\CortexM3\ARM_GCC_541\Debug\weston_1.a(USB_std.o)
 .debug_line    0x000033a7       0x6b .\CortexM3\ARM_GCC_541\Debug\weston_1.a(USB_vnd.o)
 .debug_line    0x00003412      0x167 .\CortexM3\ARM_GCC_541\Debug\weston_1.a(USB_midi.o)
 .debug_line    0x00003579       0xb7 .\CortexM3\ARM_GCC_541\Debug\weston_1.a(USB_Dp.o)
 .debug_line    0x00003630      0x103 .\CortexM3\ARM_GCC_541\Debug\weston_1.a(SleepTimer.o)
 .debug_line    0x00003733      0x136 .\CortexM3\ARM_GCC_541\Debug\weston_1.a(Sleep_isr.o)
 .debug_line    0x00003869       0x66 .\CortexM3\ARM_GCC_541\Debug\weston_1.a(CyBootAsmGnu.o)
 .debug_line    0x000038cf       0x89 .\CortexM3\ARM_GCC_541\Debug\weston_1.a(USB_cls.o)
 .debug_line    0x00003958       0x59 .\CortexM3\ARM_GCC_541\Debug\weston_1.a(USB_descr.o)
 .debug_line    0x000039b1       0x7e .\CortexM3\ARM_GCC_541\Debug\weston_1.a(USB_audio.o)

.debug_frame    0x00000000     0x22d8
 *(.debug_frame)
 .debug_frame   0x00000000       0xfc .\CortexM3\ARM_GCC_541\Debug\main.o
 .debug_frame   0x000000fc      0x104 .\CortexM3\ARM_GCC_541\Debug\cyfitter_cfg.o
 .debug_frame   0x00000200       0xb8 .\CortexM3\ARM_GCC_541\Debug\Cm3Start.o
 .debug_frame   0x000002b8      0x22c .\CortexM3\ARM_GCC_541\Debug\weston_1.a(cy_em_eeprom.o)
 .debug_frame   0x000004e4      0x194 .\CortexM3\ARM_GCC_541\Debug\weston_1.a(CyFlash.o)
 .debug_frame   0x00000678      0x738 .\CortexM3\ARM_GCC_541\Debug\weston_1.a(CyLib.o)
 .debug_frame   0x00000db0      0x1f8 .\CortexM3\ARM_GCC_541\Debug\weston_1.a(cyPm.o)
 .debug_frame   0x00000fa8      0x180 .\CortexM3\ARM_GCC_541\Debug\weston_1.a(CySpc.o)
 .debug_frame   0x00001128      0x1e0 .\CortexM3\ARM_GCC_541\Debug\weston_1.a(CapSense.o)
 .debug_frame   0x00001308      0x178 .\CortexM3\ARM_GCC_541\Debug\weston_1.a(CapSense_CSHL.o)
 .debug_frame   0x00001480       0x2c .\CortexM3\ARM_GCC_541\Debug\weston_1.a(CapSense_INT.o)
 .debug_frame   0x000014ac       0x2c .\CortexM3\ARM_GCC_541\Debug\weston_1.a(Em_EEPROM.o)
 .debug_frame   0x000014d8      0x108 .\CortexM3\ARM_GCC_541\Debug\weston_1.a(CapSense_CompCH0.o)
 .debug_frame   0x000015e0       0xd0 .\CortexM3\ARM_GCC_541\Debug\weston_1.a(CapSense_IdacCH0.o)
 .debug_frame   0x000016b0       0xb8 .\CortexM3\ARM_GCC_541\Debug\weston_1.a(CapSense_AMuxCH0.o)
 .debug_frame   0x00001768       0xe0 .\CortexM3\ARM_GCC_541\Debug\weston_1.a(CapSense_IntClock.o)
 .debug_frame   0x00001848       0x50 .\CortexM3\ARM_GCC_541\Debug\weston_1.a(LED1.o)
 .debug_frame   0x00001898      0x1dc .\CortexM3\ARM_GCC_541\Debug\weston_1.a(USB.o)
 .debug_frame   0x00001a74      0x194 .\CortexM3\ARM_GCC_541\Debug\weston_1.a(USB_drv.o)
 .debug_frame   0x00001c08       0x5c .\CortexM3\ARM_GCC_541\Debug\weston_1.a(USB_episr.o)
 .debug_frame   0x00001c64       0xa0 .\CortexM3\ARM_GCC_541\Debug\weston_1.a(USB_pm.o)
 .debug_frame   0x00001d04      0x17c .\CortexM3\ARM_GCC_541\Debug\weston_1.a(USB_std.o)
 .debug_frame   0x00001e80       0x20 .\CortexM3\ARM_GCC_541\Debug\weston_1.a(USB_vnd.o)
 .debug_frame   0x00001ea0       0xd8 .\CortexM3\ARM_GCC_541\Debug\weston_1.a(USB_midi.o)
 .debug_frame   0x00001f78       0x70 .\CortexM3\ARM_GCC_541\Debug\weston_1.a(USB_Dp.o)
 .debug_frame   0x00001fe8       0xe4 .\CortexM3\ARM_GCC_541\Debug\weston_1.a(SleepTimer.o)
 .debug_frame   0x000020cc      0x104 .\CortexM3\ARM_GCC_541\Debug\weston_1.a(Sleep_isr.o)
 .debug_frame   0x000021d0       0x2c .\CortexM3\ARM_GCC_541\Debug\weston_1.a(USB_cls.o)
 .debug_frame   0x000021fc       0x20 .\CortexM3\ARM_GCC_541\Debug\weston_1.a(USB_audio.o)
 .debug_frame   0x0000221c       0x20 c:/program files (x86)/cypress/psoc creator/4.2/psoc creator/import/gnu/arm/5.4.1/bin/../lib/gcc/arm-none-eabi/5.4.1/../../../../arm-none-eabi/lib/armv7-m\libg_nano.a(lib_a-errno.o)
 .debug_frame   0x0000223c       0x28 c:/program files (x86)/cypress/psoc creator/4.2/psoc creator/import/gnu/arm/5.4.1/bin/../lib/gcc/arm-none-eabi/5.4.1/../../../../arm-none-eabi/lib/armv7-m\libg_nano.a(lib_a-exit.o)
 .debug_frame   0x00002264       0x2c c:/program files (x86)/cypress/psoc creator/4.2/psoc creator/import/gnu/arm/5.4.1/bin/../lib/gcc/arm-none-eabi/5.4.1/../../../../arm-none-eabi/lib/armv7-m\libg_nano.a(lib_a-init.o)
 .debug_frame   0x00002290       0x28 c:/program files (x86)/cypress/psoc creator/4.2/psoc creator/import/gnu/arm/5.4.1/bin/../lib/gcc/arm-none-eabi/5.4.1/../../../../arm-none-eabi/lib/armv7-m\libg_nano.a(lib_a-memcpy-stub.o)
 .debug_frame   0x000022b8       0x20 c:/program files (x86)/cypress/psoc creator/4.2/psoc creator/import/gnu/arm/5.4.1/bin/../lib/gcc/arm-none-eabi/5.4.1/../../../../arm-none-eabi/lib/armv7-m\libg_nano.a(lib_a-memset.o)

.debug_str      0x00000000     0x3586
 *(.debug_str)
 .debug_str     0x00000000      0x797 .\CortexM3\ARM_GCC_541\Debug\main.o
                                0x808 (size before relaxing)
 .debug_str     0x00000797      0x21a .\CortexM3\ARM_GCC_541\Debug\cyfitter_cfg.o
                                0x3be (size before relaxing)
 .debug_str     0x000009b1       0x75 .\CortexM3\ARM_GCC_541\Debug\cymetadata.o
                                0x1ec (size before relaxing)
 .debug_str     0x00000a26      0x13e .\CortexM3\ARM_GCC_541\Debug\Cm3Start.o
                                0x312 (size before relaxing)
 .debug_str     0x00000b64      0x348 .\CortexM3\ARM_GCC_541\Debug\weston_1.a(cy_em_eeprom.o)
                                0x65f (size before relaxing)
 .debug_str     0x00000eac      0x1f3 .\CortexM3\ARM_GCC_541\Debug\weston_1.a(CyFlash.o)
                                0x3c8 (size before relaxing)
 .debug_str     0x0000109f      0x7f3 .\CortexM3\ARM_GCC_541\Debug\weston_1.a(CyLib.o)
                                0xa4f (size before relaxing)
 .debug_str     0x00001892      0x324 .\CortexM3\ARM_GCC_541\Debug\weston_1.a(cyPm.o)
                                0x73b (size before relaxing)
 .debug_str     0x00001bb6       0xac .\CortexM3\ARM_GCC_541\Debug\weston_1.a(CySpc.o)
                                0x340 (size before relaxing)
 .debug_str     0x00001c62      0x377 .\CortexM3\ARM_GCC_541\Debug\weston_1.a(CapSense.o)
                                0x64e (size before relaxing)
 .debug_str     0x00001fd9      0x246 .\CortexM3\ARM_GCC_541\Debug\weston_1.a(CapSense_CSHL.o)
                                0x55e (size before relaxing)
 .debug_str     0x0000221f       0x3a .\CortexM3\ARM_GCC_541\Debug\weston_1.a(CapSense_INT.o)
                                0x220 (size before relaxing)
 .debug_str     0x00002259       0x41 .\CortexM3\ARM_GCC_541\Debug\weston_1.a(Em_EEPROM.o)
                                0x339 (size before relaxing)
 .debug_str     0x0000229a      0x178 .\CortexM3\ARM_GCC_541\Debug\weston_1.a(CapSense_CompCH0.o)
                                0x362 (size before relaxing)
 .debug_str     0x00002412       0x9c .\CortexM3\ARM_GCC_541\Debug\weston_1.a(CapSense_IdacCH0.o)
                                0x2bb (size before relaxing)
 .debug_str     0x000024ae       0xe5 .\CortexM3\ARM_GCC_541\Debug\weston_1.a(CapSense_AMuxCH0.o)
                                0x2a3 (size before relaxing)
 .debug_str     0x00002593      0x1ab .\CortexM3\ARM_GCC_541\Debug\weston_1.a(CapSense_IntClock.o)
                                0x36e (size before relaxing)
 .debug_str     0x0000273e       0x56 .\CortexM3\ARM_GCC_541\Debug\weston_1.a(LED1.o)
                                0x1e5 (size before relaxing)
 .debug_str     0x00002794      0x347 .\CortexM3\ARM_GCC_541\Debug\weston_1.a(USB.o)
                                0x5d2 (size before relaxing)
 .debug_str     0x00002adb      0x2de .\CortexM3\ARM_GCC_541\Debug\weston_1.a(USB_drv.o)
                                0x5a8 (size before relaxing)
 .debug_str     0x00002db9       0x5b .\CortexM3\ARM_GCC_541\Debug\weston_1.a(USB_episr.o)
                                0x2ae (size before relaxing)
 .debug_str     0x00002e14       0x93 .\CortexM3\ARM_GCC_541\Debug\weston_1.a(USB_pm.o)
                                0x2c8 (size before relaxing)
 .debug_str     0x00002ea7      0x275 .\CortexM3\ARM_GCC_541\Debug\weston_1.a(USB_std.o)
                                0x710 (size before relaxing)
 .debug_str     0x0000311c       0x21 .\CortexM3\ARM_GCC_541\Debug\weston_1.a(USB_vnd.o)
                                0x1e9 (size before relaxing)
 .debug_str     0x0000313d       0xc8 .\CortexM3\ARM_GCC_541\Debug\weston_1.a(USB_midi.o)
                                0x39c (size before relaxing)
 .debug_str     0x00003205       0x81 .\CortexM3\ARM_GCC_541\Debug\weston_1.a(USB_Dp.o)
                                0x22d (size before relaxing)
 .debug_str     0x00003286       0xa4 .\CortexM3\ARM_GCC_541\Debug\weston_1.a(SleepTimer.o)
                                0x2b3 (size before relaxing)
 .debug_str     0x0000332a      0x10c .\CortexM3\ARM_GCC_541\Debug\weston_1.a(Sleep_isr.o)
                                0x2e6 (size before relaxing)
 .debug_str     0x00003436       0x3c .\CortexM3\ARM_GCC_541\Debug\weston_1.a(USB_cls.o)
                                0x29a (size before relaxing)
 .debug_str     0x00003472       0xe8 .\CortexM3\ARM_GCC_541\Debug\weston_1.a(USB_descr.o)
                                0x32d (size before relaxing)
 .debug_str     0x0000355a       0x2c .\CortexM3\ARM_GCC_541\Debug\weston_1.a(USB_audio.o)
                                0x1fa (size before relaxing)

.debug_loc      0x00000000     0x4d96
 *(.debug_loc)
 .debug_loc     0x00000000      0x1f3 .\CortexM3\ARM_GCC_541\Debug\main.o
 .debug_loc     0x000001f3      0x29b .\CortexM3\ARM_GCC_541\Debug\cyfitter_cfg.o
 .debug_loc     0x0000048e      0x144 .\CortexM3\ARM_GCC_541\Debug\Cm3Start.o
 .debug_loc     0x000005d2     0x116e .\CortexM3\ARM_GCC_541\Debug\weston_1.a(cy_em_eeprom.o)
 .debug_loc     0x00001740      0x3b2 .\CortexM3\ARM_GCC_541\Debug\weston_1.a(CyFlash.o)
 .debug_loc     0x00001af2      0xa11 .\CortexM3\ARM_GCC_541\Debug\weston_1.a(CyLib.o)
 .debug_loc     0x00002503      0x1e4 .\CortexM3\ARM_GCC_541\Debug\weston_1.a(cyPm.o)
 .debug_loc     0x000026e7      0x705 .\CortexM3\ARM_GCC_541\Debug\weston_1.a(CySpc.o)
 .debug_loc     0x00002dec      0x24e .\CortexM3\ARM_GCC_541\Debug\weston_1.a(CapSense.o)
 .debug_loc     0x0000303a      0x4cf .\CortexM3\ARM_GCC_541\Debug\weston_1.a(CapSense_CSHL.o)
 .debug_loc     0x00003509       0x2d .\CortexM3\ARM_GCC_541\Debug\weston_1.a(Em_EEPROM.o)
 .debug_loc     0x00003536       0xed .\CortexM3\ARM_GCC_541\Debug\weston_1.a(CapSense_CompCH0.o)
 .debug_loc     0x00003623       0x76 .\CortexM3\ARM_GCC_541\Debug\weston_1.a(CapSense_IdacCH0.o)
 .debug_loc     0x00003699       0x6c .\CortexM3\ARM_GCC_541\Debug\weston_1.a(CapSense_AMuxCH0.o)
 .debug_loc     0x00003705      0x12c .\CortexM3\ARM_GCC_541\Debug\weston_1.a(CapSense_IntClock.o)
 .debug_loc     0x00003831       0x42 .\CortexM3\ARM_GCC_541\Debug\weston_1.a(LED1.o)
 .debug_loc     0x00003873      0x3e1 .\CortexM3\ARM_GCC_541\Debug\weston_1.a(USB.o)
 .debug_loc     0x00003c54      0x171 .\CortexM3\ARM_GCC_541\Debug\weston_1.a(USB_drv.o)
 .debug_loc     0x00003dc5       0x26 .\CortexM3\ARM_GCC_541\Debug\weston_1.a(USB_pm.o)
 .debug_loc     0x00003deb      0x8f7 .\CortexM3\ARM_GCC_541\Debug\weston_1.a(USB_std.o)
 .debug_loc     0x000046e2      0x4c4 .\CortexM3\ARM_GCC_541\Debug\weston_1.a(USB_midi.o)
 .debug_loc     0x00004ba6       0x84 .\CortexM3\ARM_GCC_541\Debug\weston_1.a(USB_Dp.o)
 .debug_loc     0x00004c2a       0x78 .\CortexM3\ARM_GCC_541\Debug\weston_1.a(SleepTimer.o)
 .debug_loc     0x00004ca2       0x56 .\CortexM3\ARM_GCC_541\Debug\weston_1.a(Sleep_isr.o)
 .debug_loc     0x00004cf8       0x6a .\CortexM3\ARM_GCC_541\Debug\weston_1.a(USB_cls.o)
 .debug_loc     0x00004d62       0x34 .\CortexM3\ARM_GCC_541\Debug\weston_1.a(USB_audio.o)

.debug_macinfo
 *(.debug_macinfo)

.debug_ranges   0x00000000      0xc20
 *(.debug_ranges)
 .debug_ranges  0x00000000       0x50 .\CortexM3\ARM_GCC_541\Debug\main.o
 .debug_ranges  0x00000050       0x58 .\CortexM3\ARM_GCC_541\Debug\cyfitter_cfg.o
 .debug_ranges  0x000000a8       0x38 .\CortexM3\ARM_GCC_541\Debug\Cm3Start.o
 .debug_ranges  0x000000e0      0x118 .\CortexM3\ARM_GCC_541\Debug\weston_1.a(cy_em_eeprom.o)
 .debug_ranges  0x000001f8       0x78 .\CortexM3\ARM_GCC_541\Debug\weston_1.a(CyFlash.o)
 .debug_ranges  0x00000270      0x290 .\CortexM3\ARM_GCC_541\Debug\weston_1.a(CyLib.o)
 .debug_ranges  0x00000500       0x88 .\CortexM3\ARM_GCC_541\Debug\weston_1.a(cyPm.o)
 .debug_ranges  0x00000588       0x70 .\CortexM3\ARM_GCC_541\Debug\weston_1.a(CySpc.o)
 .debug_ranges  0x000005f8       0xa0 .\CortexM3\ARM_GCC_541\Debug\weston_1.a(CapSense.o)
 .debug_ranges  0x00000698       0x68 .\CortexM3\ARM_GCC_541\Debug\weston_1.a(CapSense_CSHL.o)
 .debug_ranges  0x00000700       0x10 .\CortexM3\ARM_GCC_541\Debug\weston_1.a(CapSense_INT.o)
 .debug_ranges  0x00000710       0x10 .\CortexM3\ARM_GCC_541\Debug\weston_1.a(Em_EEPROM.o)
 .debug_ranges  0x00000720       0x60 .\CortexM3\ARM_GCC_541\Debug\weston_1.a(CapSense_CompCH0.o)
 .debug_ranges  0x00000780       0x50 .\CortexM3\ARM_GCC_541\Debug\weston_1.a(CapSense_IdacCH0.o)
 .debug_ranges  0x000007d0       0x38 .\CortexM3\ARM_GCC_541\Debug\weston_1.a(CapSense_AMuxCH0.o)
 .debug_ranges  0x00000808       0x60 .\CortexM3\ARM_GCC_541\Debug\weston_1.a(CapSense_IntClock.o)
 .debug_ranges  0x00000868       0x28 .\CortexM3\ARM_GCC_541\Debug\weston_1.a(LED1.o)
 .debug_ranges  0x00000890       0xd0 .\CortexM3\ARM_GCC_541\Debug\weston_1.a(USB.o)
 .debug_ranges  0x00000960       0x88 .\CortexM3\ARM_GCC_541\Debug\weston_1.a(USB_drv.o)
 .debug_ranges  0x000009e8       0x28 .\CortexM3\ARM_GCC_541\Debug\weston_1.a(USB_episr.o)
 .debug_ranges  0x00000a10       0x30 .\CortexM3\ARM_GCC_541\Debug\weston_1.a(USB_pm.o)
 .debug_ranges  0x00000a40       0x70 .\CortexM3\ARM_GCC_541\Debug\weston_1.a(USB_std.o)
 .debug_ranges  0x00000ab0       0x10 .\CortexM3\ARM_GCC_541\Debug\weston_1.a(USB_vnd.o)
 .debug_ranges  0x00000ac0       0x50 .\CortexM3\ARM_GCC_541\Debug\weston_1.a(USB_midi.o)
 .debug_ranges  0x00000b10       0x38 .\CortexM3\ARM_GCC_541\Debug\weston_1.a(USB_Dp.o)
 .debug_ranges  0x00000b48       0x48 .\CortexM3\ARM_GCC_541\Debug\weston_1.a(SleepTimer.o)
 .debug_ranges  0x00000b90       0x70 .\CortexM3\ARM_GCC_541\Debug\weston_1.a(Sleep_isr.o)
 .debug_ranges  0x00000c00       0x10 .\CortexM3\ARM_GCC_541\Debug\weston_1.a(USB_cls.o)
 .debug_ranges  0x00000c10       0x10 .\CortexM3\ARM_GCC_541\Debug\weston_1.a(USB_audio.o)

.comment        0x00000000       0x6e
 .comment       0x00000000       0x6e .\CortexM3\ARM_GCC_541\Debug\main.o
                                 0x6f (size before relaxing)
 .comment       0x0000006e       0x6f .\CortexM3\ARM_GCC_541\Debug\cyfitter_cfg.o
 .comment       0x0000006e       0x6f .\CortexM3\ARM_GCC_541\Debug\cymetadata.o
 .comment       0x0000006e       0x6f .\CortexM3\ARM_GCC_541\Debug\Cm3Start.o
 .comment       0x0000006e       0x6f .\CortexM3\ARM_GCC_541\Debug\weston_1.a(cy_em_eeprom.o)
 .comment       0x0000006e       0x6f .\CortexM3\ARM_GCC_541\Debug\weston_1.a(CyFlash.o)
 .comment       0x0000006e       0x6f .\CortexM3\ARM_GCC_541\Debug\weston_1.a(CyLib.o)
 .comment       0x0000006e       0x6f .\CortexM3\ARM_GCC_541\Debug\weston_1.a(cyPm.o)
 .comment       0x0000006e       0x6f .\CortexM3\ARM_GCC_541\Debug\weston_1.a(CySpc.o)
 .comment       0x0000006e       0x6f .\CortexM3\ARM_GCC_541\Debug\weston_1.a(CapSense.o)
 .comment       0x0000006e       0x6f .\CortexM3\ARM_GCC_541\Debug\weston_1.a(CapSense_CSHL.o)
 .comment       0x0000006e       0x6f .\CortexM3\ARM_GCC_541\Debug\weston_1.a(CapSense_INT.o)
 .comment       0x0000006e       0x6f .\CortexM3\ARM_GCC_541\Debug\weston_1.a(Em_EEPROM.o)
 .comment       0x0000006e       0x6f .\CortexM3\ARM_GCC_541\Debug\weston_1.a(CapSense_CompCH0.o)
 .comment       0x0000006e       0x6f .\CortexM3\ARM_GCC_541\Debug\weston_1.a(CapSense_IdacCH0.o)
 .comment       0x0000006e       0x6f .\CortexM3\ARM_GCC_541\Debug\weston_1.a(CapSense_AMuxCH0.o)
 .comment       0x0000006e       0x6f .\CortexM3\ARM_GCC_541\Debug\weston_1.a(CapSense_IntClock.o)
 .comment       0x0000006e       0x6f .\CortexM3\ARM_GCC_541\Debug\weston_1.a(LED1.o)
 .comment       0x0000006e       0x6f .\CortexM3\ARM_GCC_541\Debug\weston_1.a(USB.o)
 .comment       0x0000006e       0x6f .\CortexM3\ARM_GCC_541\Debug\weston_1.a(USB_drv.o)
 .comment       0x0000006e       0x6f .\CortexM3\ARM_GCC_541\Debug\weston_1.a(USB_episr.o)
 .comment       0x0000006e       0x6f .\CortexM3\ARM_GCC_541\Debug\weston_1.a(USB_pm.o)
 .comment       0x0000006e       0x6f .\CortexM3\ARM_GCC_541\Debug\weston_1.a(USB_std.o)
 .comment       0x0000006e       0x6f .\CortexM3\ARM_GCC_541\Debug\weston_1.a(USB_vnd.o)
 .comment       0x0000006e       0x6f .\CortexM3\ARM_GCC_541\Debug\weston_1.a(USB_midi.o)
 .comment       0x0000006e       0x6f .\CortexM3\ARM_GCC_541\Debug\weston_1.a(USB_Dp.o)
 .comment       0x0000006e       0x6f .\CortexM3\ARM_GCC_541\Debug\weston_1.a(SleepTimer.o)
 .comment       0x0000006e       0x6f .\CortexM3\ARM_GCC_541\Debug\weston_1.a(Sleep_isr.o)
 .comment       0x0000006e       0x6f .\CortexM3\ARM_GCC_541\Debug\weston_1.a(USB_cls.o)
 .comment       0x0000006e       0x6f .\CortexM3\ARM_GCC_541\Debug\weston_1.a(USB_descr.o)
 .comment       0x0000006e       0x6f .\CortexM3\ARM_GCC_541\Debug\weston_1.a(USB_audio.o)

.debug_weaknames
 *(.debug_weaknames)

.debug_funcnames
 *(.debug_funcnames)

.debug_typenames
 *(.debug_typenames)

.debug_varnames
 *(.debug_varnames)

.note.gnu.arm.ident
 *(.note.gnu.arm.ident)

.ARM.attributes
                0x00000000       0x29
 *(.ARM.attributes)
 .ARM.attributes
                0x00000000       0x1d c:/program files (x86)/cypress/psoc creator/4.2/psoc creator/import/gnu/arm/5.4.1/bin/../lib/gcc/arm-none-eabi/5.4.1/armv7-m/crti.o
 .ARM.attributes
                0x0000001d       0x2d c:/program files (x86)/cypress/psoc creator/4.2/psoc creator/import/gnu/arm/5.4.1/bin/../lib/gcc/arm-none-eabi/5.4.1/armv7-m/crtbegin.o
 .ARM.attributes
                0x0000004a       0x1b c:/program files (x86)/cypress/psoc creator/4.2/psoc creator/import/gnu/arm/5.4.1/bin/../lib/gcc/arm-none-eabi/5.4.1/../../../../arm-none-eabi/lib/armv7-m/crt0.o
 .ARM.attributes
                0x00000065       0x33 .\CortexM3\ARM_GCC_541\Debug\main.o
 .ARM.attributes
                0x00000098       0x33 .\CortexM3\ARM_GCC_541\Debug\cyfitter_cfg.o
 .ARM.attributes
                0x000000cb       0x33 .\CortexM3\ARM_GCC_541\Debug\cymetadata.o
 .ARM.attributes
                0x000000fe       0x33 .\CortexM3\ARM_GCC_541\Debug\Cm3Start.o
 .ARM.attributes
                0x00000131       0x33 .\CortexM3\ARM_GCC_541\Debug\weston_1.a(cy_em_eeprom.o)
 .ARM.attributes
                0x00000164       0x33 .\CortexM3\ARM_GCC_541\Debug\weston_1.a(CyFlash.o)
 .ARM.attributes
                0x00000197       0x33 .\CortexM3\ARM_GCC_541\Debug\weston_1.a(CyLib.o)
 .ARM.attributes
                0x000001ca       0x33 .\CortexM3\ARM_GCC_541\Debug\weston_1.a(cyPm.o)
 .ARM.attributes
                0x000001fd       0x33 .\CortexM3\ARM_GCC_541\Debug\weston_1.a(CySpc.o)
 .ARM.attributes
                0x00000230       0x33 .\CortexM3\ARM_GCC_541\Debug\weston_1.a(CapSense.o)
 .ARM.attributes
                0x00000263       0x33 .\CortexM3\ARM_GCC_541\Debug\weston_1.a(CapSense_CSHL.o)
 .ARM.attributes
                0x00000296       0x33 .\CortexM3\ARM_GCC_541\Debug\weston_1.a(CapSense_INT.o)
 .ARM.attributes
                0x000002c9       0x33 .\CortexM3\ARM_GCC_541\Debug\weston_1.a(Em_EEPROM.o)
 .ARM.attributes
                0x000002fc       0x33 .\CortexM3\ARM_GCC_541\Debug\weston_1.a(CapSense_CompCH0.o)
 .ARM.attributes
                0x0000032f       0x33 .\CortexM3\ARM_GCC_541\Debug\weston_1.a(CapSense_IdacCH0.o)
 .ARM.attributes
                0x00000362       0x33 .\CortexM3\ARM_GCC_541\Debug\weston_1.a(CapSense_AMuxCH0.o)
 .ARM.attributes
                0x00000395       0x33 .\CortexM3\ARM_GCC_541\Debug\weston_1.a(CapSense_IntClock.o)
 .ARM.attributes
                0x000003c8       0x33 .\CortexM3\ARM_GCC_541\Debug\weston_1.a(LED1.o)
 .ARM.attributes
                0x000003fb       0x33 .\CortexM3\ARM_GCC_541\Debug\weston_1.a(USB.o)
 .ARM.attributes
                0x0000042e       0x33 .\CortexM3\ARM_GCC_541\Debug\weston_1.a(USB_drv.o)
 .ARM.attributes
                0x00000461       0x33 .\CortexM3\ARM_GCC_541\Debug\weston_1.a(USB_episr.o)
 .ARM.attributes
                0x00000494       0x33 .\CortexM3\ARM_GCC_541\Debug\weston_1.a(USB_pm.o)
 .ARM.attributes
                0x000004c7       0x33 .\CortexM3\ARM_GCC_541\Debug\weston_1.a(USB_std.o)
 .ARM.attributes
                0x000004fa       0x33 .\CortexM3\ARM_GCC_541\Debug\weston_1.a(USB_vnd.o)
 .ARM.attributes
                0x0000052d       0x33 .\CortexM3\ARM_GCC_541\Debug\weston_1.a(USB_midi.o)
 .ARM.attributes
                0x00000560       0x33 .\CortexM3\ARM_GCC_541\Debug\weston_1.a(USB_Dp.o)
 .ARM.attributes
                0x00000593       0x33 .\CortexM3\ARM_GCC_541\Debug\weston_1.a(SleepTimer.o)
 .ARM.attributes
                0x000005c6       0x33 .\CortexM3\ARM_GCC_541\Debug\weston_1.a(Sleep_isr.o)
 .ARM.attributes
                0x000005f9       0x21 .\CortexM3\ARM_GCC_541\Debug\weston_1.a(CyBootAsmGnu.o)
 .ARM.attributes
                0x0000061a       0x33 .\CortexM3\ARM_GCC_541\Debug\weston_1.a(USB_cls.o)
 .ARM.attributes
                0x0000064d       0x33 .\CortexM3\ARM_GCC_541\Debug\weston_1.a(USB_descr.o)
 .ARM.attributes
                0x00000680       0x33 .\CortexM3\ARM_GCC_541\Debug\weston_1.a(USB_audio.o)
 .ARM.attributes
                0x000006b3       0x2d c:/program files (x86)/cypress/psoc creator/4.2/psoc creator/import/gnu/arm/5.4.1/bin/../lib/gcc/arm-none-eabi/5.4.1/../../../../arm-none-eabi/lib/armv7-m\libg_nano.a(lib_a-errno.o)
 .ARM.attributes
                0x000006e0       0x2d c:/program files (x86)/cypress/psoc creator/4.2/psoc creator/import/gnu/arm/5.4.1/bin/../lib/gcc/arm-none-eabi/5.4.1/../../../../arm-none-eabi/lib/armv7-m\libg_nano.a(lib_a-exit.o)
 .ARM.attributes
                0x0000070d       0x2d c:/program files (x86)/cypress/psoc creator/4.2/psoc creator/import/gnu/arm/5.4.1/bin/../lib/gcc/arm-none-eabi/5.4.1/../../../../arm-none-eabi/lib/armv7-m\libg_nano.a(lib_a-impure.o)
 .ARM.attributes
                0x0000073a       0x2d c:/program files (x86)/cypress/psoc creator/4.2/psoc creator/import/gnu/arm/5.4.1/bin/../lib/gcc/arm-none-eabi/5.4.1/../../../../arm-none-eabi/lib/armv7-m\libg_nano.a(lib_a-init.o)
 .ARM.attributes
                0x00000767       0x2d c:/program files (x86)/cypress/psoc creator/4.2/psoc creator/import/gnu/arm/5.4.1/bin/../lib/gcc/arm-none-eabi/5.4.1/../../../../arm-none-eabi/lib/armv7-m\libg_nano.a(lib_a-memcpy-stub.o)
 .ARM.attributes
                0x00000794       0x2d c:/program files (x86)/cypress/psoc creator/4.2/psoc creator/import/gnu/arm/5.4.1/bin/../lib/gcc/arm-none-eabi/5.4.1/../../../../arm-none-eabi/lib/armv7-m\libg_nano.a(lib_a-memset.o)
 .ARM.attributes
                0x000007c1       0x2d c:/program files (x86)/cypress/psoc creator/4.2/psoc creator/import/gnu/arm/5.4.1/bin/../lib/gcc/arm-none-eabi/5.4.1/armv7-m/crtend.o
 .ARM.attributes
                0x000007ee       0x1d c:/program files (x86)/cypress/psoc creator/4.2/psoc creator/import/gnu/arm/5.4.1/bin/../lib/gcc/arm-none-eabi/5.4.1/armv7-m/crtn.o

/DISCARD/
 *(.note.GNU-stack)
OUTPUT(C:\Users\JeffSnyder\Documents\SnyderphonicsDevKit\weston_1\weston_1.cydsn\CortexM3\ARM_GCC_541\Debug\weston_1.elf elf32-littlearm)
