Archive member included to satisfy reference by file (symbol)

.\CortexM3\ARM_GCC_541\Debug\weston_1.a(cy_em_eeprom.o)
                              .\CortexM3\ARM_GCC_541\Debug\main.o (Cy_Em_EEPROM_Read)
.\CortexM3\ARM_GCC_541\Debug\weston_1.a(CyFlash.o)
                              .\CortexM3\ARM_GCC_541\Debug\weston_1.a(cy_em_eeprom.o) (CySetTemp)
.\CortexM3\ARM_GCC_541\Debug\weston_1.a(CyLib.o)
                              .\CortexM3\ARM_GCC_541\Debug\Cm3Start.o (CyHalt)
.\CortexM3\ARM_GCC_541\Debug\weston_1.a(cyPm.o)
                              .\CortexM3\ARM_GCC_541\Debug\weston_1.a(CyLib.o) (CyPmReadStatus)
.\CortexM3\ARM_GCC_541\Debug\weston_1.a(CySpc.o)
                              .\CortexM3\ARM_GCC_541\Debug\weston_1.a(CyFlash.o) (CySpcStart)
.\CortexM3\ARM_GCC_541\Debug\weston_1.a(CapSense.o)
                              .\CortexM3\ARM_GCC_541\Debug\main.o (CapSense_IsBusy)
.\CortexM3\ARM_GCC_541\Debug\weston_1.a(CapSense_CSHL.o)
                              .\CortexM3\ARM_GCC_541\Debug\main.o (CapSense_sensorSignal)
.\CortexM3\ARM_GCC_541\Debug\weston_1.a(CapSense_INT.o)
                              .\CortexM3\ARM_GCC_541\Debug\weston_1.a(CapSense.o) (CapSense_IsrCH0_ISR)
.\CortexM3\ARM_GCC_541\Debug\weston_1.a(Em_EEPROM.o)
                              .\CortexM3\ARM_GCC_541\Debug\main.o (Em_EEPROM_Init)
.\CortexM3\ARM_GCC_541\Debug\weston_1.a(CapSense_CompCH0.o)
                              .\CortexM3\ARM_GCC_541\Debug\weston_1.a(CapSense.o) (CapSense_CompCH0_Enable)
.\CortexM3\ARM_GCC_541\Debug\weston_1.a(CapSense_IdacCH0.o)
                              .\CortexM3\ARM_GCC_541\Debug\weston_1.a(CapSense.o) (CapSense_IdacCH0_Enable)
.\CortexM3\ARM_GCC_541\Debug\weston_1.a(CapSense_AMuxCH0.o)
                              .\CortexM3\ARM_GCC_541\Debug\weston_1.a(CapSense.o) (CapSense_AMuxCH0_Init)
.\CortexM3\ARM_GCC_541\Debug\weston_1.a(CapSense_IntClock.o)
                              .\CortexM3\ARM_GCC_541\Debug\weston_1.a(CapSense.o) (CapSense_IntClock_Start)
.\CortexM3\ARM_GCC_541\Debug\weston_1.a(LED1.o)
                              .\CortexM3\ARM_GCC_541\Debug\main.o (LED1_Write)
.\CortexM3\ARM_GCC_541\Debug\weston_1.a(USB.o)
                              .\CortexM3\ARM_GCC_541\Debug\main.o (USB_Start)
.\CortexM3\ARM_GCC_541\Debug\weston_1.a(USB_drv.o)
                              .\CortexM3\ARM_GCC_541\Debug\weston_1.a(USB.o) (USB_lastPacketSize)
.\CortexM3\ARM_GCC_541\Debug\weston_1.a(USB_episr.o)
                              .\CortexM3\ARM_GCC_541\Debug\weston_1.a(USB.o) (USB_EP_1_ISR)
.\CortexM3\ARM_GCC_541\Debug\weston_1.a(USB_pm.o)
                              .\CortexM3\ARM_GCC_541\Debug\weston_1.a(USB.o) (USB_DP_ISR)
.\CortexM3\ARM_GCC_541\Debug\weston_1.a(USB_std.o)
                              .\CortexM3\ARM_GCC_541\Debug\weston_1.a(USB_pm.o) (USB_ConfigReg)
.\CortexM3\ARM_GCC_541\Debug\weston_1.a(USB_vnd.o)
                              .\CortexM3\ARM_GCC_541\Debug\weston_1.a(USB_drv.o) (USB_HandleVendorRqst)
.\CortexM3\ARM_GCC_541\Debug\weston_1.a(USB_midi.o)
                              .\CortexM3\ARM_GCC_541\Debug\main.o (USB_MIDI_Init)
.\CortexM3\ARM_GCC_541\Debug\weston_1.a(USB_Dp.o)
                              .\CortexM3\ARM_GCC_541\Debug\weston_1.a(USB.o) (USB_Dp_ClearInterrupt)
.\CortexM3\ARM_GCC_541\Debug\weston_1.a(CyBootAsmGnu.o)
                              .\CortexM3\ARM_GCC_541\Debug\cyfitter_cfg.o (CyDelayCycles)
.\CortexM3\ARM_GCC_541\Debug\weston_1.a(USB_cls.o)
                              .\CortexM3\ARM_GCC_541\Debug\weston_1.a(USB_drv.o) (USB_DispatchClassRqst)
.\CortexM3\ARM_GCC_541\Debug\weston_1.a(USB_descr.o)
                              .\CortexM3\ARM_GCC_541\Debug\weston_1.a(USB_std.o) (USB_idSerialNumberStringDescriptor)
.\CortexM3\ARM_GCC_541\Debug\weston_1.a(USB_audio.o)
                              .\CortexM3\ARM_GCC_541\Debug\weston_1.a(USB_cls.o) (USB_DispatchAUDIOClassRqst)
c:/program files (x86)/cypress/psoc creator/4.2/psoc creator/import/gnu/arm/5.4.1/bin/../lib/gcc/arm-none-eabi/5.4.1/../../../../arm-none-eabi/lib/armv7-m\libg_nano.a(lib_a-errno.o)
                              .\CortexM3\ARM_GCC_541\Debug\Cm3Start.o (__errno)
c:/program files (x86)/cypress/psoc creator/4.2/psoc creator/import/gnu/arm/5.4.1/bin/../lib/gcc/arm-none-eabi/5.4.1/../../../../arm-none-eabi/lib/armv7-m\libg_nano.a(lib_a-exit.o)
                              c:/program files (x86)/cypress/psoc creator/4.2/psoc creator/import/gnu/arm/5.4.1/bin/../lib/gcc/arm-none-eabi/5.4.1/../../../../arm-none-eabi/lib/armv7-m/crt0.o (exit)
c:/program files (x86)/cypress/psoc creator/4.2/psoc creator/import/gnu/arm/5.4.1/bin/../lib/gcc/arm-none-eabi/5.4.1/../../../../arm-none-eabi/lib/armv7-m\libg_nano.a(lib_a-impure.o)
                              c:/program files (x86)/cypress/psoc creator/4.2/psoc creator/import/gnu/arm/5.4.1/bin/../lib/gcc/arm-none-eabi/5.4.1/../../../../arm-none-eabi/lib/armv7-m\libg_nano.a(lib_a-exit.o) (_global_impure_ptr)
[...]
Memory Configuration

Name             Origin             Length             Attributes
rom              0x00000000         0x00040000         xr
ram              0x1fff8000         0x00010000         xrw
*default*        0x00000000         0xffffffff

Linker script and memory map

LOAD c:/program files (x86)/cypress/psoc creator/4.2/psoc creator/import/gnu/arm/5.4.1/bin/../lib/gcc/arm-none-eabi/5.4.1/armv7-m/crti.o
LOAD c:/program files (x86)/cypress/psoc creator/4.2/psoc creator/import/gnu/arm/5.4.1/bin/../lib/gcc/arm-none-eabi/5.4.1/armv7-m/crtbegin.o
LOAD c:/program files (x86)/cypress/psoc creator/4.2/psoc creator/import/gnu/arm/5.4.1/bin/../lib/gcc/arm-none-eabi/5.4.1/../../../../arm-none-eabi/lib/armv7-m/crt0.o
START GROUP
LOAD .\CortexM3\ARM_GCC_541\Debug\main.o
LOAD .\CortexM3\ARM_GCC_541\Debug\cyfitter_cfg.o
LOAD .\CortexM3\ARM_GCC_541\Debug\cymetadata.o
LOAD .\CortexM3\ARM_GCC_541\Debug\Cm3Start.o
LOAD .\CortexM3\ARM_GCC_541\Debug\weston_1.a
LOAD C:\Program Files (x86)\Cypress\PSoC Creator\4.2\PSoC Creator\psoc\content\CyComponentLibrary\CyComponentLibrary.cylib\CapSense_CSD_v3_50\Library\CapSenseLibrary_GCC.a
LOAD C:\Program Files (x86)\Cypress\PSoC Creator\4.2\PSoC Creator\psoc\content\cycomponentlibrary\CyComponentLibrary.cylib\CortexM3\ARM_GCC_541\Debug\CyComponentLibrary.a
END GROUP
START GROUP
LOAD c:/program files (x86)/cypress/psoc creator/4.2/psoc creator/import/gnu/arm/5.4.1/bin/../lib/gcc/arm-none-eabi/5.4.1/armv7-m\libgcc.a
LOAD c:/program files (x86)/cypress/psoc creator/4.2/psoc creator/import/gnu/arm/5.4.1/bin/../lib/gcc/arm-none-eabi/5.4.1/../../../../arm-none-eabi/lib/armv7-m\libg_nano.a
LOAD c:/program files (x86)/cypress/psoc creator/4.2/psoc creator/import/gnu/arm/5.4.1/bin/../lib/gcc/arm-none-eabi/5.4.1/../../../../arm-none-eabi/lib/armv7-m\libc_nano.a
END GROUP
START GROUP
LOAD c:/program files (x86)/cypress/psoc creator/4.2/psoc creator/import/gnu/arm/5.4.1/bin/../lib/gcc/arm-none-eabi/5.4.1/armv7-m\libgcc.a
LOAD c:/program files (x86)/cypress/psoc creator/4.2/psoc creator/import/gnu/arm/5.4.1/bin/../lib/gcc/arm-none-eabi/5.4.1/../../../../arm-none-eabi/lib/armv7-m\libc_nano.a
END GROUP
LOAD c:/program files (x86)/cypress/psoc creator/4.2/psoc creator/import/gnu/arm/5.4.1/bin/../lib/gcc/arm-none-eabi/5.4.1/armv7-m/crtend.o
LOAD c:/program files (x86)/cypress/psoc creator/4.2/psoc creator/import/gnu/arm/5.4.1/bin/../lib/gcc/arm-none-eabi/5.4.1/armv7-m/crtn.o
START GROUP
LOAD c:/program files (x86)/cypress/psoc creator/4.2/psoc creator/import/gnu/arm/5.4.1/bin/../lib/gcc/arm-none-eabi/5.4.1/armv7-m\libgcc.a
LOAD c:/program files (x86)/cypress/psoc creator/4.2/psoc creator/import/gnu/arm/5.4.1/bin/../lib/gcc/arm-none-eabi/5.4.1/../../../../arm-none-eabi/lib/armv7-m\libc.a
LOAD c:/program files (x86)/cypress/psoc creator/4.2/psoc creator/import/gnu/arm/5.4.1/bin/../lib/gcc/arm-none-eabi/5.4.1/../../../../arm-none-eabi/lib/armv7-m\libnosys.a
END GROUP
                0x00000000                CY_APPL_ORIGIN = 0x0
                0x00000100                CY_FLASH_ROW_SIZE = 0x100
                0x00000020                CY_ECC_ROW_SIZE = 0x20
                0x00000000                CY_EE_IN_BTLDR = 0x0
                0x00000000                CY_APPL_LOADABLE = 0x0
                0x00000800                CY_EE_SIZE = 0x800
                0x00000001                CY_APPL_NUM = 0x1
                0x00000001                CY_APPL_MAX = 0x1
                0x00000040                CY_METADATA_SIZE = 0x40
                0x00000000                CY_APPL_LOADABLE = 0x0
                0x00000000                CY_CHECKSUM_EXCLUDE_SIZE = ALIGN (0x0, CY_FLASH_ROW_SIZE)
                [!provide]                PROVIDE (__cy_heap_start, _end)
                0x00000001                PROVIDE (__cy_region_num, ((__cy_regions_end - __cy_regions) / 0x10))
                0x20008000                PROVIDE (__cy_stack, (ORIGIN (ram) + LENGTH (ram)))
                [!provide]                PROVIDE (__cy_heap_end, (__cy_stack - 0x800))

.cybootloader   0x00000000        0x0
 *(.cybootloader)
                0x00000000                appl1_start = CY_APPL_ORIGIN?CY_APPL_ORIGIN:ALIGN (CY_FLASH_ROW_SIZE)
                0x0001ff00                appl2_start = (appl1_start + ALIGN ((((LENGTH (rom) - appl1_start) - (0x2 * CY_FLASH_ROW_SIZE)) / 0x2), CY_FLASH_ROW_SIZE))
                0x00000000                appl_start = (CY_APPL_NUM == 0x1)?appl1_start:appl2_start
                0x00000000                ecc_offset = ((appl_start / CY_FLASH_ROW_SIZE) * CY_ECC_ROW_SIZE)
                0x00000000                ee_offset = (CY_APPL_LOADABLE && ! (CY_EE_IN_BTLDR))?((CY_EE_SIZE / CY_APPL_MAX) * (CY_APPL_NUM - 0x1)):0x0
                0x00000800                ee_size = (CY_APPL_LOADABLE && ! (CY_EE_IN_BTLDR))?(CY_EE_SIZE / CY_APPL_MAX):CY_EE_SIZE
                [!provide]                PROVIDE (CY_ECC_OFFSET, ecc_offset)

.text           0x00000000     0x32ee
 CREATE_OBJECT_SYMBOLS
                0x00000000                PROVIDE (__cy_interrupt_vector, RomVectors)
 *(.romvectors)
 .romvectors    0x00000000       0x10 .\CortexM3\ARM_GCC_541\Debug\Cm3Start.o
                0x00000000                RomVectors
                0x00000001                ASSERT ((. != __cy_interrupt_vector), No interrupt vector)
                0x00000001                ASSERT (CY_APPL_ORIGIN?(SIZEOF (.cybootloader) <= CY_APPL_ORIGIN):0x1, Wrong image location)
                0x00000010                PROVIDE (__cy_reset, Reset)
 *(.text.Reset)
 .text.Reset    0x00000010       0x18 .\CortexM3\ARM_GCC_541\Debug\Cm3Start.o
                0x00000010                Reset
                0x00000001                ASSERT ((. != __cy_reset), No reset code)
 *(.dma_init)
                0x00000001                ASSERT ((((appl_start + .) <= 0x10000) || 0x1), DMA Init must be within the first 64k of flash)
 *(.text .text.* .gnu.linkonce.t.*)
 .text          0x00000028       0x5c c:/program files (x86)/cypress/psoc creator/4.2/psoc creator/import/gnu/arm/5.4.1/bin/../lib/gcc/arm-none-eabi/5.4.1/armv7-m/crtbegin.o
 .text.CapSense_DisplayState
                0x00000084       0x1c .\CortexM3\ARM_GCC_541\Debug\main.o
                0x00000084                CapSense_DisplayState
 .text.setActiveSensors
                0x000000a0       0x38 .\CortexM3\ARM_GCC_541\Debug\main.o
                0x000000a0                setActiveSensors
 .text.setScanSpeed
                0x000000d8       0x48 .\CortexM3\ARM_GCC_541\Debug\main.o
                0x000000d8                setScanSpeed
 .text.setResolution
                0x00000120       0x68 .\CortexM3\ARM_GCC_541\Debug\main.o
                0x00000120                setResolution
 .text.setClockDivider
                0x00000188        0xc .\CortexM3\ARM_GCC_541\Debug\main.o
                0x00000188                setClockDivider
 .text.setIDAC  0x00000194       0x1c .\CortexM3\ARM_GCC_541\Debug\main.o
                0x00000194                setIDAC
 .text.main     0x000001b0      0x138 .\CortexM3\ARM_GCC_541\Debug\main.o
                0x000001b0                main
 .text.USB_callbackLocalMidiEvent
                0x000002e8      0x1ac .\CortexM3\ARM_GCC_541\Debug\main.o
                0x000002e8                USB_callbackLocalMidiEvent
 .text.CyClockStartupError
                0x00000494        0x4 .\CortexM3\ARM_GCC_541\Debug\cyfitter_cfg.o
 .text.cfg_write_bytes32
                0x00000498       0x34 .\CortexM3\ARM_GCC_541\Debug\cyfitter_cfg.o
 .text.AnalogSetDefault
                0x000004cc       0x48 .\CortexM3\ARM_GCC_541\Debug\cyfitter_cfg.o
 .text.CYMEMZERO
                0x00000514        0xc .\CortexM3\ARM_GCC_541\Debug\cyfitter_cfg.o
 .text.ClockSetup
                0x00000520       0xc4 .\CortexM3\ARM_GCC_541\Debug\cyfitter_cfg.o
 .text.CYCONFIGCPY
                0x000005e4        0x8 .\CortexM3\ARM_GCC_541\Debug\cyfitter_cfg.o
 .text.CapSense_AMuxCH0_Set
                0x000005ec       0x1c .\CortexM3\ARM_GCC_541\Debug\cyfitter_cfg.o
                0x000005ec                CapSense_AMuxCH0_Set
 .text.CapSense_AMuxCH0_Unset
                0x00000608       0x20 .\CortexM3\ARM_GCC_541\Debug\cyfitter_cfg.o
                0x00000608                CapSense_AMuxCH0_Unset
 .text.cyfitter_cfg
                0x00000628      0x138 .\CortexM3\ARM_GCC_541\Debug\cyfitter_cfg.o
                0x00000628                cyfitter_cfg
 .text.IntDefaultHandler
                0x00000760       0x10 .\CortexM3\ARM_GCC_541\Debug\Cm3Start.o
                0x00000760                IntDefaultHandler
 .text.Start_c  0x00000770       0x4c .\CortexM3\ARM_GCC_541\Debug\Cm3Start.o
                0x00000770                Start_c
 .text.initialize_psoc
                0x000007bc       0x68 .\CortexM3\ARM_GCC_541\Debug\Cm3Start.o
                0x000007bc                initialize_psoc
 .text.FindLastWrittenRow
                0x00000824       0x30 .\CortexM3\ARM_GCC_541\Debug\weston_1.a(cy_em_eeprom.o)
 .text.GetRowAddrBySeqNum
                0x00000854       0x1c .\CortexM3\ARM_GCC_541\Debug\weston_1.a(cy_em_eeprom.o)
 .text.GetNextRowToWrite
                0x00000870       0x5c .\CortexM3\ARM_GCC_541\Debug\weston_1.a(cy_em_eeprom.o)
 .text.CalcChecksum
                0x000008cc       0x3c .\CortexM3\ARM_GCC_541\Debug\weston_1.a(cy_em_eeprom.o)
 .text.CheckRanges
                0x00000908       0x34 .\CortexM3\ARM_GCC_541\Debug\weston_1.a(cy_em_eeprom.o)
 .text.GetAddresses
                0x0000093c       0x90 .\CortexM3\ARM_GCC_541\Debug\weston_1.a(cy_em_eeprom.o)
 .text.WriteRow
                0x000009cc       0x2c .\CortexM3\ARM_GCC_541\Debug\weston_1.a(cy_em_eeprom.o)
 .text.FillChecksum
                0x000009f8       0x6c .\CortexM3\ARM_GCC_541\Debug\weston_1.a(cy_em_eeprom.o)
 .text.CheckCrcAndCopy
                0x00000a64       0x78 .\CortexM3\ARM_GCC_541\Debug\weston_1.a(cy_em_eeprom.o)
 .text.Cy_Em_EEPROM_Init
                0x00000adc       0x98 .\CortexM3\ARM_GCC_541\Debug\weston_1.a(cy_em_eeprom.o)
                0x00000adc                Cy_Em_EEPROM_Init
 .text.Cy_Em_EEPROM_Read
                0x00000b74      0x1f4 .\CortexM3\ARM_GCC_541\Debug\weston_1.a(cy_em_eeprom.o)
                0x00000b74                Cy_Em_EEPROM_Read
 .text.Cy_Em_EEPROM_Write
                0x00000d68      0x16c .\CortexM3\ARM_GCC_541\Debug\weston_1.a(cy_em_eeprom.o)
                0x00000d68                Cy_Em_EEPROM_Write
 .text.CySetTempInt
                0x00000ed4       0x60 .\CortexM3\ARM_GCC_541\Debug\weston_1.a(CyFlash.o)
 .text.CyFlashGetSpcAlgorithm
                0x00000f34       0x4c .\CortexM3\ARM_GCC_541\Debug\weston_1.a(CyFlash.o)
                0x00000f34                CyFlashGetSpcAlgorithm
 .text.CySetTemp
                0x00000f80       0x14 .\CortexM3\ARM_GCC_541\Debug\weston_1.a(CyFlash.o)
                0x00000f80                CySetTemp
 .text.CyWriteRowFull
                0x00000f94       0xf8 .\CortexM3\ARM_GCC_541\Debug\weston_1.a(CyFlash.o)
                0x00000f94                CyWriteRowFull
 .text.CyWriteRowData
                0x0000108c       0x14 .\CortexM3\ARM_GCC_541\Debug\weston_1.a(CyFlash.o)
                0x0000108c                CyWriteRowData
 .text.CyHalt   0x000010a0        0x4 .\CortexM3\ARM_GCC_541\Debug\weston_1.a(CyLib.o)
                0x000010a0                CyHalt
 .text.CyDelayUs
                0x000010a4       0x14 .\CortexM3\ARM_GCC_541\Debug\weston_1.a(CyLib.o)
                0x000010a4                CyDelayUs
 .text.CyFlushCache
                0x000010b8       0x44 .\CortexM3\ARM_GCC_541\Debug\weston_1.a(CyLib.o)
                0x000010b8                CyFlushCache
 .text.CyIntSetVector
                0x000010fc       0x28 .\CortexM3\ARM_GCC_541\Debug\weston_1.a(CyLib.o)
                0x000010fc                CyIntSetVector
 .text.CyIntSetPriority
                0x00001124       0x30 .\CortexM3\ARM_GCC_541\Debug\weston_1.a(CyLib.o)
                0x00001124                CyIntSetPriority
 .text.CyGetUniqueId
                0x00001154       0x70 .\CortexM3\ARM_GCC_541\Debug\weston_1.a(CyLib.o)
                0x00001154                CyGetUniqueId
 .text.CySpcStart
                0x000011c4       0x24 .\CortexM3\ARM_GCC_541\Debug\weston_1.a(CySpc.o)
                0x000011c4                CySpcStart
 .text.CySpcReadData
                0x000011e8       0x34 .\CortexM3\ARM_GCC_541\Debug\weston_1.a(CySpc.o)
                0x000011e8                CySpcReadData
 .text.CySpcLoadRowFull
                0x0000121c       0x80 .\CortexM3\ARM_GCC_541\Debug\weston_1.a(CySpc.o)
                0x0000121c                CySpcLoadRowFull
 .text.CySpcWriteRow
                0x0000129c       0x4c .\CortexM3\ARM_GCC_541\Debug\weston_1.a(CySpc.o)
                0x0000129c                CySpcWriteRow
 .text.CySpcGetTemp
                0x000012e8       0x3c .\CortexM3\ARM_GCC_541\Debug\weston_1.a(CySpc.o)
                0x000012e8                CySpcGetTemp
 .text.CySpcLock
                0x00001324       0x4c .\CortexM3\ARM_GCC_541\Debug\weston_1.a(CySpc.o)
                0x00001324                CySpcLock
 .text.CySpcUnlock
                0x00001370       0x38 .\CortexM3\ARM_GCC_541\Debug\weston_1.a(CySpc.o)
                0x00001370                CySpcUnlock
 .text.CySpcGetAlgorithm
                0x000013a8       0x28 .\CortexM3\ARM_GCC_541\Debug\weston_1.a(CySpc.o)
                0x000013a8                CySpcGetAlgorithm
 .text.CapSense_Enable
                0x000013d0       0x68 .\CortexM3\ARM_GCC_541\Debug\weston_1.a(CapSense.o)
                0x000013d0                CapSense_Enable
 .text.CapSense_FindNextSensor
                0x00001438       0x20 .\CortexM3\ARM_GCC_541\Debug\weston_1.a(CapSense.o)
                0x00001438                CapSense_FindNextSensor
 .text.CapSense_IsBusy
                0x00001458       0x10 .\CortexM3\ARM_GCC_541\Debug\weston_1.a(CapSense.o)
                0x00001458                CapSense_IsBusy
 .text.CapSense_EnableSensor
                0x00001468       0x34 .\CortexM3\ARM_GCC_541\Debug\weston_1.a(CapSense.o)
                0x00001468                CapSense_EnableSensor
 .text.CapSense_DisableSensor
                0x0000149c       0x38 .\CortexM3\ARM_GCC_541\Debug\weston_1.a(CapSense.o)
                0x0000149c                CapSense_DisableSensor
 .text.CapSense_ClearSensors
                0x000014d4       0x18 .\CortexM3\ARM_GCC_541\Debug\weston_1.a(CapSense.o)
                0x000014d4                CapSense_ClearSensors
 .text.CapSense_PostScan
                0x000014ec       0x4c .\CortexM3\ARM_GCC_541\Debug\weston_1.a(CapSense.o)
                0x000014ec                CapSense_PostScan
 .text.CapSense_SetPrescaler
                0x00001538       0x10 .\CortexM3\ARM_GCC_541\Debug\weston_1.a(CapSense.o)
                0x00001538                CapSense_SetPrescaler
 .text.CapSense_SetScanSlotSettings
                0x00001548       0x34 .\CortexM3\ARM_GCC_541\Debug\weston_1.a(CapSense.o)
                0x00001548                CapSense_SetScanSlotSettings
 .text.CapSense_PreScan
                0x0000157c       0x34 .\CortexM3\ARM_GCC_541\Debug\weston_1.a(CapSense.o)
                0x0000157c                CapSense_PreScan
 .text.CapSense_ScanSensor
                0x000015b0       0x20 .\CortexM3\ARM_GCC_541\Debug\weston_1.a(CapSense.o)
                0x000015b0                CapSense_ScanSensor
 .text.CapSense_ScanEnabledWidgets
                0x000015d0       0x38 .\CortexM3\ARM_GCC_541\Debug\weston_1.a(CapSense.o)
                0x000015d0                CapSense_ScanEnabledWidgets
 .text.CapSense_SetScanSpeed
                0x00001608        0xc .\CortexM3\ARM_GCC_541\Debug\weston_1.a(CapSense.o)
                0x00001608                CapSense_SetScanSpeed
 .text.CapSense_SetAnalogSwitchesSource
                0x00001614       0x20 .\CortexM3\ARM_GCC_541\Debug\weston_1.a(CapSense.o)
                0x00001614                CapSense_SetAnalogSwitchesSource
 .text.CapSense_Init
                0x00001634       0xe4 .\CortexM3\ARM_GCC_541\Debug\weston_1.a(CapSense.o)
                0x00001634                CapSense_Init
 .text.CapSense_Start
                0x00001718       0x1c .\CortexM3\ARM_GCC_541\Debug\weston_1.a(CapSense.o)
                0x00001718                CapSense_Start
 .text.CapSense_BaseInit
                0x00001734       0x50 .\CortexM3\ARM_GCC_541\Debug\weston_1.a(CapSense_CSHL.o)
                0x00001734                CapSense_BaseInit
 .text.CapSense_InitializeSensorBaseline
                0x00001784       0x18 .\CortexM3\ARM_GCC_541\Debug\weston_1.a(CapSense_CSHL.o)
                0x00001784                CapSense_InitializeSensorBaseline
 .text.CapSense_InitializeAllBaselines
                0x0000179c       0x18 .\CortexM3\ARM_GCC_541\Debug\weston_1.a(CapSense_CSHL.o)
                0x0000179c                CapSense_InitializeAllBaselines
 .text.CapSense_CheckIsSensorActive
                0x000017b4       0x8c .\CortexM3\ARM_GCC_541\Debug\weston_1.a(CapSense_CSHL.o)
                0x000017b4                CapSense_CheckIsSensorActive
 .text.CapSense_CheckIsWidgetActive
                0x00001840       0x2c .\CortexM3\ARM_GCC_541\Debug\weston_1.a(CapSense_CSHL.o)
                0x00001840                CapSense_CheckIsWidgetActive
 .text.CapSense_EnableWidget
                0x0000186c       0x38 .\CortexM3\ARM_GCC_541\Debug\weston_1.a(CapSense_CSHL.o)
                0x0000186c                CapSense_EnableWidget
 .text.CapSense_DisableWidget
                0x000018a4       0x38 .\CortexM3\ARM_GCC_541\Debug\weston_1.a(CapSense_CSHL.o)
                0x000018a4                CapSense_DisableWidget
 .text.CapSense_IIR4Filter
                0x000018dc        0xc .\CortexM3\ARM_GCC_541\Debug\weston_1.a(CapSense_CSHL.o)
                0x000018dc                CapSense_IIR4Filter
 .text.CapSense_UpdateSensorBaseline
                0x000018e8       0xc4 .\CortexM3\ARM_GCC_541\Debug\weston_1.a(CapSense_CSHL.o)
                0x000018e8                CapSense_UpdateSensorBaseline
 .text.CapSense_UpdateEnabledBaselines
                0x000019ac       0x2c .\CortexM3\ARM_GCC_541\Debug\weston_1.a(CapSense_CSHL.o)
                0x000019ac                CapSense_UpdateEnabledBaselines
 .text.CapSense_IsrCH0_ISR
                0x000019d8       0x50 .\CortexM3\ARM_GCC_541\Debug\weston_1.a(CapSense_INT.o)
                0x000019d8                CapSense_IsrCH0_ISR
 .text.Em_EEPROM_Init
                0x00001a28       0x2c .\CortexM3\ARM_GCC_541\Debug\weston_1.a(Em_EEPROM.o)
                0x00001a28                Em_EEPROM_Init
 .text.CapSense_CompCH0_Enable
                0x00001a54       0x1c .\CortexM3\ARM_GCC_541\Debug\weston_1.a(CapSense_CompCH0.o)
                0x00001a54                CapSense_CompCH0_Enable
 .text.CapSense_CompCH0_SetSpeed
                0x00001a70       0x58 .\CortexM3\ARM_GCC_541\Debug\weston_1.a(CapSense_CompCH0.o)
                0x00001a70                CapSense_CompCH0_SetSpeed
 .text.CapSense_CompCH0_Init
                0x00001ac8       0x3c .\CortexM3\ARM_GCC_541\Debug\weston_1.a(CapSense_CompCH0.o)
                0x00001ac8                CapSense_CompCH0_Init
 .text.CapSense_IdacCH0_Enable
                0x00001b04       0x1c .\CortexM3\ARM_GCC_541\Debug\weston_1.a(CapSense_IdacCH0.o)
                0x00001b04                CapSense_IdacCH0_Enable
 .text.CapSense_IdacCH0_SetSpeed
                0x00001b20       0x1c .\CortexM3\ARM_GCC_541\Debug\weston_1.a(CapSense_IdacCH0.o)
                0x00001b20                CapSense_IdacCH0_SetSpeed
 .text.CapSense_IdacCH0_SetValue
                0x00001b3c        0xc .\CortexM3\ARM_GCC_541\Debug\weston_1.a(CapSense_IdacCH0.o)
                0x00001b3c                CapSense_IdacCH0_SetValue
 .text.CapSense_IdacCH0_DacTrim
                0x00001b48       0x34 .\CortexM3\ARM_GCC_541\Debug\weston_1.a(CapSense_IdacCH0.o)
                0x00001b48                CapSense_IdacCH0_DacTrim
 .text.CapSense_IdacCH0_Init
                0x00001b7c       0x2c .\CortexM3\ARM_GCC_541\Debug\weston_1.a(CapSense_IdacCH0.o)
                0x00001b7c                CapSense_IdacCH0_Init
 .text.CapSense_IdacCH0_SetPolarity
                0x00001ba8       0x20 .\CortexM3\ARM_GCC_541\Debug\weston_1.a(CapSense_IdacCH0.o)
                0x00001ba8                CapSense_IdacCH0_SetPolarity
 .text.CapSense_IdacCH0_SetRange
                0x00001bc8       0x20 .\CortexM3\ARM_GCC_541\Debug\weston_1.a(CapSense_IdacCH0.o)
                0x00001bc8                CapSense_IdacCH0_SetRange
 .text.CapSense_AMuxCH0_DisconnectAll
                0x00001be8       0x18 .\CortexM3\ARM_GCC_541\Debug\weston_1.a(CapSense_AMuxCH0.o)
                0x00001be8                CapSense_AMuxCH0_DisconnectAll
 .text.CapSense_AMuxCH0_Init
                0x00001c00        0x8 .\CortexM3\ARM_GCC_541\Debug\weston_1.a(CapSense_AMuxCH0.o)
                0x00001c00                CapSense_AMuxCH0_Init
 .text.CapSense_IntClock_Start
                0x00001c08       0x1c .\CortexM3\ARM_GCC_541\Debug\weston_1.a(CapSense_IntClock.o)
                0x00001c08                CapSense_IntClock_Start
 .text.LED1_Write
                0x00001c24       0x18 .\CortexM3\ARM_GCC_541\Debug\weston_1.a(LED1.o)
                0x00001c24                LED1_Write
 .text.USB_Init
                0x00001c3c      0x12c .\CortexM3\ARM_GCC_541\Debug\weston_1.a(USB.o)
                0x00001c3c                USB_Init
 .text.USB_InitComponent
                0x00001d68       0xb4 .\CortexM3\ARM_GCC_541\Debug\weston_1.a(USB.o)
                0x00001d68                USB_InitComponent
 .text.USB_Start
                0x00001e1c       0x24 .\CortexM3\ARM_GCC_541\Debug\weston_1.a(USB.o)
                0x00001e1c                USB_Start
 .text.USB_ReInitComponent
                0x00001e40       0x4c .\CortexM3\ARM_GCC_541\Debug\weston_1.a(USB.o)
                0x00001e40                USB_ReInitComponent
 .text.USB_GetConfiguration
                0x00001e8c        0xc .\CortexM3\ARM_GCC_541\Debug\weston_1.a(USB.o)
                0x00001e8c                USB_GetConfiguration
 .text.USB_IsConfigurationChanged
                0x00001e98       0x20 .\CortexM3\ARM_GCC_541\Debug\weston_1.a(USB.o)
                0x00001e98                USB_IsConfigurationChanged
 .text.USB_GetEPState
                0x00001eb8       0x14 .\CortexM3\ARM_GCC_541\Debug\weston_1.a(USB.o)
                0x00001eb8                USB_GetEPState
 .text.USB_GetEPCount
                0x00001ecc       0x28 .\CortexM3\ARM_GCC_541\Debug\weston_1.a(USB.o)
                0x00001ecc                USB_GetEPCount
 .text.USB_LoadInEP
                0x00001ef4       0x94 .\CortexM3\ARM_GCC_541\Debug\weston_1.a(USB.o)
                0x00001ef4                USB_LoadInEP
 .text.USB_EnableOutEP
                0x00001f88       0x2c .\CortexM3\ARM_GCC_541\Debug\weston_1.a(USB.o)
                0x00001f88                USB_EnableOutEP
 .text.USB_ReadOutEP
                0x00001fb4       0x50 .\CortexM3\ARM_GCC_541\Debug\weston_1.a(USB.o)
                0x00001fb4                USB_ReadOutEP
 .text.USB_LoadEP0
                0x00002004       0x98 .\CortexM3\ARM_GCC_541\Debug\weston_1.a(USB_drv.o)
                0x00002004                USB_LoadEP0
 .text.USB_InitZeroLengthControlTransfer
                0x0000209c       0x34 .\CortexM3\ARM_GCC_541\Debug\weston_1.a(USB_drv.o)
                0x0000209c                USB_InitZeroLengthControlTransfer
 .text.USB_ControlReadDataStage
                0x000020d0        0x8 .\CortexM3\ARM_GCC_541\Debug\weston_1.a(USB_drv.o)
                0x000020d0                USB_ControlReadDataStage
 .text.USB_ControlWriteDataStage
                0x000020d8       0x84 .\CortexM3\ARM_GCC_541\Debug\weston_1.a(USB_drv.o)
                0x000020d8                USB_ControlWriteDataStage
 .text.USB_InitNoDataControlTransfer
                0x0000215c       0x2c .\CortexM3\ARM_GCC_541\Debug\weston_1.a(USB_drv.o)
                0x0000215c                USB_InitNoDataControlTransfer
 .text.USB_UpdateStatusBlock
                0x00002188       0x24 .\CortexM3\ARM_GCC_541\Debug\weston_1.a(USB_drv.o)
                0x00002188                USB_UpdateStatusBlock
 .text.USB_HandleSetup
                0x000021ac       0x5c .\CortexM3\ARM_GCC_541\Debug\weston_1.a(USB_drv.o)
                0x000021ac                USB_HandleSetup
 .text.USB_ControlReadStatusStage
                0x00002208       0x38 .\CortexM3\ARM_GCC_541\Debug\weston_1.a(USB_drv.o)
                0x00002208                USB_ControlReadStatusStage
 .text.USB_HandleOUT
                0x00002240       0x38 .\CortexM3\ARM_GCC_541\Debug\weston_1.a(USB_drv.o)
                0x00002240                USB_HandleOUT
 .text.USB_ControlWriteStatusStage
                0x00002278       0x20 .\CortexM3\ARM_GCC_541\Debug\weston_1.a(USB_drv.o)
                0x00002278                USB_ControlWriteStatusStage
 .text.USB_NoDataControlStatusStage
                0x00002298       0x40 .\CortexM3\ARM_GCC_541\Debug\weston_1.a(USB_drv.o)
                0x00002298                USB_NoDataControlStatusStage
 .text.USB_HandleIN
                0x000022d8       0x2c .\CortexM3\ARM_GCC_541\Debug\weston_1.a(USB_drv.o)
                0x000022d8                USB_HandleIN
 .text.USB_EP_0_ISR
                0x00002304       0xb8 .\CortexM3\ARM_GCC_541\Debug\weston_1.a(USB_drv.o)
                0x00002304                USB_EP_0_ISR
 .text.USB_InitializeStatusBlock
                0x000023bc       0x24 .\CortexM3\ARM_GCC_541\Debug\weston_1.a(USB_drv.o)
                0x000023bc                USB_InitializeStatusBlock
 .text.USB_InitControlRead
                0x000023e0       0x50 .\CortexM3\ARM_GCC_541\Debug\weston_1.a(USB_drv.o)
                0x000023e0                USB_InitControlRead
 .text.USB_EP_1_ISR
                0x00002430       0x30 .\CortexM3\ARM_GCC_541\Debug\weston_1.a(USB_episr.o)
                0x00002430                USB_EP_1_ISR
 .text.USB_EP_2_ISR
                0x00002460       0x34 .\CortexM3\ARM_GCC_541\Debug\weston_1.a(USB_episr.o)
                0x00002460                USB_EP_2_ISR
 .text.USB_SOF_ISR
                0x00002494        0x4 .\CortexM3\ARM_GCC_541\Debug\weston_1.a(USB_episr.o)
                0x00002494                USB_SOF_ISR
 .text.USB_BUS_RESET_ISR
                0x00002498        0x8 .\CortexM3\ARM_GCC_541\Debug\weston_1.a(USB_episr.o)
                0x00002498                USB_BUS_RESET_ISR
 .text.USB_DP_ISR
                0x000024a0        0x8 .\CortexM3\ARM_GCC_541\Debug\weston_1.a(USB_pm.o)
                0x000024a0                USB_DP_ISR
 .text.USB_ReadDieID
                0x000024a8       0x6c .\CortexM3\ARM_GCC_541\Debug\weston_1.a(USB_std.o)
                0x000024a8                USB_ReadDieID
 .text.USB_ConfigReg
                0x00002514       0xa4 .\CortexM3\ARM_GCC_541\Debug\weston_1.a(USB_std.o)
                0x00002514                USB_ConfigReg
 .text.USB_GetConfigTablePtr
                0x000025b8       0x28 .\CortexM3\ARM_GCC_541\Debug\weston_1.a(USB_std.o)
                0x000025b8                USB_GetConfigTablePtr
 .text.USB_ConfigAltChanged
                0x000025e0      0x11c .\CortexM3\ARM_GCC_541\Debug\weston_1.a(USB_std.o)
                0x000025e0                USB_ConfigAltChanged
 .text.USB_GetDeviceTablePtr
                0x000026fc       0x18 .\CortexM3\ARM_GCC_541\Debug\weston_1.a(USB_std.o)
                0x000026fc                USB_GetDeviceTablePtr
 .text.USB_GetInterfaceClassTablePtr
                0x00002714       0x28 .\CortexM3\ARM_GCC_541\Debug\weston_1.a(USB_std.o)
                0x00002714                USB_GetInterfaceClassTablePtr
 .text.USB_Config
                0x0000273c      0x1f4 .\CortexM3\ARM_GCC_541\Debug\weston_1.a(USB_std.o)
                0x0000273c                USB_Config
 .text.USB_SetEndpointHalt
                0x00002930       0x64 .\CortexM3\ARM_GCC_541\Debug\weston_1.a(USB_std.o)
                0x00002930                USB_SetEndpointHalt
 .text.USB_ClearEndpointHalt
                0x00002994       0xac .\CortexM3\ARM_GCC_541\Debug\weston_1.a(USB_std.o)
                0x00002994                USB_ClearEndpointHalt
 .text.USB_ValidateAlternateSetting
                0x00002a40       0x4c .\CortexM3\ARM_GCC_541\Debug\weston_1.a(USB_std.o)
                0x00002a40                USB_ValidateAlternateSetting
 .text.USB_HandleStandardRqst
                0x00002a8c      0x354 .\CortexM3\ARM_GCC_541\Debug\weston_1.a(USB_std.o)
                0x00002a8c                USB_HandleStandardRqst
 .text.USB_HandleVendorRqst
                0x00002de0       0x18 .\CortexM3\ARM_GCC_541\Debug\weston_1.a(USB_vnd.o)
                0x00002de0                USB_HandleVendorRqst
 .text.USB_MIDI_Init
                0x00002df8       0x1c .\CortexM3\ARM_GCC_541\Debug\weston_1.a(USB_midi.o)
                0x00002df8                USB_MIDI_Init
 .text.USB_MIDI_OUT_Service
                0x00002e14       0x54 .\CortexM3\ARM_GCC_541\Debug\weston_1.a(USB_midi.o)
                0x00002e14                USB_MIDI_OUT_Service
 .text.USB_MIDI_IN_EP_Service
                0x00002e68       0x3c .\CortexM3\ARM_GCC_541\Debug\weston_1.a(USB_midi.o)
                0x00002e68                USB_MIDI_IN_EP_Service
 .text.USB_MIDI_IN_Service
                0x00002ea4        0x8 .\CortexM3\ARM_GCC_541\Debug\weston_1.a(USB_midi.o)
                0x00002ea4                USB_MIDI_IN_Service
 .text.USB_PrepareInBuffer
                0x00002eac      0x200 .\CortexM3\ARM_GCC_541\Debug\weston_1.a(USB_midi.o)
                0x00002eac                USB_PrepareInBuffer
 .text.USB_PutUsbMidiIn
                0x000030ac       0xf4 .\CortexM3\ARM_GCC_541\Debug\weston_1.a(USB_midi.o)
                0x000030ac                USB_PutUsbMidiIn
 .text.USB_Dp_ClearInterrupt
                0x000031a0       0x10 .\CortexM3\ARM_GCC_541\Debug\weston_1.a(USB_Dp.o)
                0x000031a0                USB_Dp_ClearInterrupt
 .text          0x000031b0       0x20 .\CortexM3\ARM_GCC_541\Debug\weston_1.a(CyBootAsmGnu.o)
                0x000031b0                CyDelayCycles
                0x000031c0                CyEnterCriticalSection
                0x000031c8                CyExitCriticalSection
 .text.USB_DispatchClassRqst
                0x000031d0       0x60 .\CortexM3\ARM_GCC_541\Debug\weston_1.a(USB_cls.o)
                0x000031d0                USB_DispatchClassRqst
 .text.USB_DispatchAUDIOClassRqst
                0x00003230       0x40 .\CortexM3\ARM_GCC_541\Debug\weston_1.a(USB_audio.o)
                0x00003230                USB_DispatchAUDIOClassRqst
 .text.__errno  0x00003270        0xc c:/program files (x86)/cypress/psoc creator/4.2/psoc creator/import/gnu/arm/5.4.1/bin/../lib/gcc/arm-none-eabi/5.4.1/../../../../arm-none-eabi/lib/armv7-m\libg_nano.a(lib_a-errno.o)
                0x00003270                __errno
 .text.__libc_init_array
                0x0000327c       0x4c c:/program files (x86)/cypress/psoc creator/4.2/psoc creator/import/gnu/arm/5.4.1/bin/../lib/gcc/arm-none-eabi/5.4.1/../../../../arm-none-eabi/lib/armv7-m\libg_nano.a(lib_a-init.o)
                0x0000327c                __libc_init_array
 .text.memcpy   0x000032c8       0x16 c:/program files (x86)/cypress/psoc creator/4.2/psoc creator/import/gnu/arm/5.4.1/bin/../lib/gcc/arm-none-eabi/5.4.1/../../../../arm-none-eabi/lib/armv7-m\libg_nano.a(lib_a-memcpy-stub.o)
                0x000032c8                memcpy
 .text.memset   0x000032de       0x10 c:/program files (x86)/cypress/psoc creator/4.2/psoc creator/import/gnu/arm/5.4.1/bin/../lib/gcc/arm-none-eabi/5.4.1/../../../../arm-none-eabi/lib/armv7-m\libg_nano.a(lib_a-memset.o)
                0x000032de                memset
 *(.plt)
 *(.gnu.warning)
 *(.glue_7t)
 .glue_7t       0x000032ee        0x0 linker stubs
 *(.glue_7)
 .glue_7        0x000032ee        0x0 linker stubs
 *(.vfp11_veneer)
 .vfp11_veneer  0x000032ee        0x0 linker stubs
 *(.bootloader)
 *(.ARM.extab* .gnu.linkonce.armextab.*)
 *(.gcc_except_table)

.v4_bx          0x000032f0        0x0
 .v4_bx         0x000032f0        0x0 linker stubs

.iplt           0x000032f0        0x0
 .iplt          0x000032f0        0x0 c:/program files (x86)/cypress/psoc creator/4.2/psoc creator/import/gnu/arm/5.4.1/bin/../lib/gcc/arm-none-eabi/5.4.1/armv7-m/crtbegin.o

.eh_frame_hdr
 *(.eh_frame_hdr)

.eh_frame       0x000032f0        0x4
 *(.eh_frame)
 .eh_frame      0x000032f0        0x0 c:/program files (x86)/cypress/psoc creator/4.2/psoc creator/import/gnu/arm/5.4.1/bin/../lib/gcc/arm-none-eabi/5.4.1/armv7-m/crtbegin.o
 .eh_frame      0x000032f0        0x4 c:/program files (x86)/cypress/psoc creator/4.2/psoc creator/import/gnu/arm/5.4.1/bin/../lib/gcc/arm-none-eabi/5.4.1/armv7-m/crtend.o
                [!provide]                PROVIDE (__exidx_start, .)

.ARM.exidx
 *(.ARM.exidx* .gnu.linkonce.armexidx.*)
                0x000032f4                __exidx_end = .

.rodata         0x00003300     0x17e0
 *(.rodata .rodata.* .gnu.linkonce.r.*)
 .rodata        0x00003300     0x1400 .\CortexM3\ARM_GCC_541\Debug\main.o
                0x00003300                Em_EEPROM_em_EepromStorage
 .rodata        0x00004700       0xb8 .\CortexM3\ARM_GCC_541\Debug\cyfitter_cfg.o
                0x00004700                CapSense_AMuxCH0__addrTable
                0x00004774                CapSense_AMuxCH0__maskTable
 .rodata        0x000047b8       0xda .\CortexM3\ARM_GCC_541\Debug\weston_1.a(CapSense.o)
                0x000047b8                CapSense_portTable
                0x000047d4                CapSense_maskTable
                0x000047f0                CapSense_pcTable
                0x00004858                CapSense_csTable
                0x00004878                CapSense_widgetNumber
 *fill*         0x00004892        0x2 
 .rodata        0x00004894       0x36 .\CortexM3\ARM_GCC_541\Debug\weston_1.a(CapSense_CSHL.o)
                0x00004894                CapSense_rawDataIndex
                0x000048b0                CapSense_numberOfSensors
 *fill*         0x000048ca        0x2 
 .rodata.str1.4
                0x000048cc       0x14 .\CortexM3\ARM_GCC_541\Debug\weston_1.a(USB_std.o)
                                 0x11 (size before relaxing)
 .rodata        0x000048e0      0x1ca .\CortexM3\ARM_GCC_541\Debug\weston_1.a(USB_descr.o)
                0x000048e0                USB_TABLE
                0x000048e8                USB_DEVICE0_TABLE
                0x00004900                USB_DEVICE0_CONFIGURATION0_TABLE
                0x00004928                USB_DEVICE0_CONFIGURATION0_INTERFACE_CLASS
                0x0000492c                USB_DEVICE0_CONFIGURATION0_EP_SETTINGS_TABLE
                0x0000493c                USB_SN_STRING_DESCRIPTOR
                0x00004940                USB_STRING_DESCRIPTORS
                0x00004a30                USB_DEVICE0_CONFIGURATION0_DESCR
                0x00004a98                USB_DEVICE0_DESCR
 .rodata.str1.1
                0x00004aaa        0x2 c:/program files (x86)/cypress/psoc creator/4.2/psoc creator/import/gnu/arm/5.4.1/bin/../lib/gcc/arm-none-eabi/5.4.1/../../../../arm-none-eabi/lib/armv7-m\libg_nano.a(lib_a-impure.o)
                0x00004aac                . = ALIGN (0x4)
 *(.init)
 .init          0x00004aac        0x4 c:/program files (x86)/cypress/psoc creator/4.2/psoc creator/import/gnu/arm/5.4.1/bin/../lib/gcc/arm-none-eabi/5.4.1/armv7-m/crti.o
                0x00004aac                _init
 .init          0x00004ab0        0x8 c:/program files (x86)/cypress/psoc creator/4.2/psoc creator/import/gnu/arm/5.4.1/bin/../lib/gcc/arm-none-eabi/5.4.1/armv7-m/crtn.o
                0x00004ab8                . = ALIGN (0x4)
                0x00004ab8                __preinit_array_start = .
 *(.preinit_array)
                0x00004ab8                __preinit_array_end = .
                0x00004ab8                . = ALIGN (0x4)
                0x00004ab8                __init_array_start = .
 *(SORT(.init_array.*))
 *(.init_array)
 .init_array    0x00004ab8        0x4 c:/program files (x86)/cypress/psoc creator/4.2/psoc creator/import/gnu/arm/5.4.1/bin/../lib/gcc/arm-none-eabi/5.4.1/armv7-m/crtbegin.o
 .init_array    0x00004abc        0x4 .\CortexM3\ARM_GCC_541\Debug\Cm3Start.o
                0x00004ac0                __init_array_end = .
                0x00004ac0                . = ALIGN (0x4)
 *(.fini)
 .fini          0x00004ac0        0x4 c:/program files (x86)/cypress/psoc creator/4.2/psoc creator/import/gnu/arm/5.4.1/bin/../lib/gcc/arm-none-eabi/5.4.1/armv7-m/crti.o
                0x00004ac0                _fini
 .fini          0x00004ac4        0x8 c:/program files (x86)/cypress/psoc creator/4.2/psoc creator/import/gnu/arm/5.4.1/bin/../lib/gcc/arm-none-eabi/5.4.1/armv7-m/crtn.o
                0x00004acc                . = ALIGN (0x4)
                0x00004acc                __fini_array_start = .
 *(.fini_array)
 .fini_array    0x00004acc        0x4 c:/program files (x86)/cypress/psoc creator/4.2/psoc creator/import/gnu/arm/5.4.1/bin/../lib/gcc/arm-none-eabi/5.4.1/armv7-m/crtbegin.o
 *(SORT(.fini_array.*))
                0x00004ad0                __fini_array_end = .
                0x00004ad0                . = ALIGN (0x4)
 *crtbegin.o(.ctors)
 *(EXCLUDE_FILE(*crtend.o) .ctors)
 *(SORT(.ctors.*))
 *crtend.o(.ctors)
                0x00004ad0                . = ALIGN (0x4)
 *crtbegin.o(.dtors)
 *(EXCLUDE_FILE(*crtend.o) .dtors)
 *(SORT(.dtors.*))
 *crtend.o(.dtors)
                0x00004ad0                . = ALIGN (0x4)
                0x00004ad0                __cy_regions = .
                0x00004ad0        0x4 LONG 0x4ae0 __cy_region_init_ram
                0x00004ad4        0x4 LONG 0x1fff80c8 __cy_region_start_data
                0x00004ad8        0x4 LONG 0x178 __cy_region_init_size_ram
                0x00004adc        0x4 LONG 0x2c0 __cy_region_zero_size_ram
                0x00004ae0                __cy_regions_end = .
                0x00004ae0                . = ALIGN (0x8)
                0x00004ae0                _etext = .

.cy_checksum_exclude
                0x00004ae0        0x0
 *(.cy_checksum_exclude)

.ramvectors     0x1fff8000       0xc0
                0x1fff8000                __cy_region_start_ram = .
 *(.ramvectors)
 .ramvectors    0x1fff8000       0xc0 .\CortexM3\ARM_GCC_541\Debug\Cm3Start.o
                0x1fff8000                CyRamVectors

.noinit         0x1fff80c0        0x1
 *(.noinit)
 .noinit        0x1fff80c0        0x1 .\CortexM3\ARM_GCC_541\Debug\weston_1.a(CyLib.o)
                0x1fff80c0                CyResetStatus

.data           0x1fff80c8      0x178 load address 0x00004ae0
                0x1fff80c8                __cy_region_start_data = .
 *(.jcr)
 .jcr           0x1fff80c8        0x0 c:/program files (x86)/cypress/psoc creator/4.2/psoc creator/import/gnu/arm/5.4.1/bin/../lib/gcc/arm-none-eabi/5.4.1/armv7-m/crtbegin.o
 .jcr           0x1fff80c8        0x4 c:/program files (x86)/cypress/psoc creator/4.2/psoc creator/import/gnu/arm/5.4.1/bin/../lib/gcc/arm-none-eabi/5.4.1/armv7-m/crtend.o
 *(.got.plt)
 *(.got)
 *(.shdata)
 *(.data .data.* .gnu.linkonce.d.*)
 .data          0x1fff80cc        0xc .\CortexM3\ARM_GCC_541\Debug\main.o
                0x1fff80cc                numActiveSensors
                0x1fff80cd                maxActiveSensors
                0x1fff80ce                maxScanSpeed
                0x1fff80cf                sensorResolution
                0x1fff80d0                maxResolution
                0x1fff80d1                minResolution
                0x1fff80d2                maxClockDivider
                0x1fff80d3                minClockDivider
                0x1fff80d4                clockDivider
                0x1fff80d5                maxIDAC
                0x1fff80d6                minIDAC
                0x1fff80d7                delayBetweenLoops
 .data          0x1fff80d8       0x10 .\CortexM3\ARM_GCC_541\Debug\weston_1.a(CyLib.o)
                0x1fff80d8                cydelay_32k_ms
                0x1fff80dc                cydelay_freq_khz
                0x1fff80e0                cydelay_freq_mhz
                0x1fff80e4                cydelay_freq_hz
 .data          0x1fff80e8       0x3b .\CortexM3\ARM_GCC_541\Debug\weston_1.a(CapSense.o)
                0x1fff80e8                CapSense_sensorEnableMask
                0x1fff80ec                CapSense_idacSettings
                0x1fff8108                CapSense_widgetResolution
                0x1fff8122                CapSense_analogSwitchDivider
 *fill*         0x1fff8123        0x1 
 .data          0x1fff8124       0xb8 .\CortexM3\ARM_GCC_541\Debug\weston_1.a(CapSense_CSHL.o)
                0x1fff8124                CapSense_debounce
                0x1fff8140                CapSense_fingerThreshold
                0x1fff8174                CapSense_hysteresis
                0x1fff81a8                CapSense_noiseThreshold
 .data.impure_data
                0x1fff81dc       0x60 c:/program files (x86)/cypress/psoc creator/4.2/psoc creator/import/gnu/arm/5.4.1/bin/../lib/gcc/arm-none-eabi/5.4.1/../../../../arm-none-eabi/lib/armv7-m\libg_nano.a(lib_a-impure.o)
 .data._impure_ptr
                0x1fff823c        0x4 c:/program files (x86)/cypress/psoc creator/4.2/psoc creator/import/gnu/arm/5.4.1/bin/../lib/gcc/arm-none-eabi/5.4.1/../../../../arm-none-eabi/lib/armv7-m\libg_nano.a(lib_a-impure.o)
                0x1fff823c                _impure_ptr
                0x1fff8240                . = ALIGN (0x8)
 *(.ram)
                0x1fff8240                _edata = .

.igot.plt       0x1fff8240        0x0 load address 0x00004c58
 .igot.plt      0x1fff8240        0x0 c:/program files (x86)/cypress/psoc creator/4.2/psoc creator/import/gnu/arm/5.4.1/bin/../lib/gcc/arm-none-eabi/5.4.1/armv7-m/crtbegin.o

.bss            0x1fff8240      0x2c0 load address 0x00004c58
                0x1fff8240                PROVIDE (__bss_start__, .)
 *(.shbss)
 *(.bss .bss.* .gnu.linkonce.b.*)
 .bss           0x1fff8240       0x1c c:/program files (x86)/cypress/psoc creator/4.2/psoc creator/import/gnu/arm/5.4.1/bin/../lib/gcc/arm-none-eabi/5.4.1/armv7-m/crtbegin.o
 .bss           0x1fff825c        0x4 .\CortexM3\ARM_GCC_541\Debug\main.o
                0x1fff825c                minScanSpeed
                0x1fff825d                rawVsCooked
                0x1fff825e                clockDividerLowByte
                0x1fff825f                IDACLowByte
 .bss           0x1fff8260        0x8 .\CortexM3\ARM_GCC_541\Debug\weston_1.a(CySpc.o)
                0x1fff8260                SpcLockState
 .bss           0x1fff8268        0x1 .\CortexM3\ARM_GCC_541\Debug\weston_1.a(CapSense.o)
 *fill*         0x1fff8269        0x3 
 .bss           0x1fff826c       0x1b .\CortexM3\ARM_GCC_541\Debug\weston_1.a(CapSense_CSHL.o)
                0x1fff826c                CapSense_debounceCounter
 .bss           0x1fff8287        0x1 .\CortexM3\ARM_GCC_541\Debug\weston_1.a(USB.o)
                0x1fff8287                USB_initVar
 .bss           0x1fff8288        0x2 .\CortexM3\ARM_GCC_541\Debug\weston_1.a(USB_std.o)
 *(COMMON)
 *fill*         0x1fff828a        0x2 
 COMMON         0x1fff828c       0x44 .\CortexM3\ARM_GCC_541\Debug\main.o
                0x1fff828c                capSensorsPrev
                0x1fff82c0                EEPROMarray
                0x1fff82cf                eepromReturnValue
 COMMON         0x1fff82d0        0x2 .\CortexM3\ARM_GCC_541\Debug\weston_1.a(CyFlash.o)
                0x1fff82d0                dieTemperature
 *fill*         0x1fff82d2        0x2 
 COMMON         0x1fff82d4       0x36 .\CortexM3\ARM_GCC_541\Debug\weston_1.a(CapSense.o)
                0x1fff82d4                CapSense_sensorRaw
                0x1fff8308                CapSense_sensorIndex
                0x1fff8309                CapSense_csv
 *fill*         0x1fff830a        0x2 
 COMMON         0x1fff830c       0xd8 .\CortexM3\ARM_GCC_541\Debug\weston_1.a(CapSense_CSHL.o)
                0x1fff830c                CapSense_lowBaselineResetCnt
                0x1fff8328                CapSense_sensorBaselineLow
                0x1fff8344                CapSense_sensorSignal
                0x1fff8378                CapSense_sensorBaseline
                0x1fff83ac                CapSense_rawFilterData1
                0x1fff83e0                CapSense_sensorOnMask
 COMMON         0x1fff83e4       0x1c .\CortexM3\ARM_GCC_541\Debug\weston_1.a(Em_EEPROM.o)
                0x1fff83e4                Em_EEPROM_context
 COMMON         0x1fff8400       0x98 .\CortexM3\ARM_GCC_541\Debug\weston_1.a(USB_drv.o)
                0x1fff8400                USB_transferState
                0x1fff8401                USB_interfaceNumber
                0x1fff8402                USB_lastPacketSize
                0x1fff8404                USB_interfaceClass
                0x1fff8408                USB_interfaceSetting
                0x1fff840a                USB_ep0Mode
                0x1fff840b                USB_device
                0x1fff840c                USB_deviceAddress
                0x1fff840d                USB_ep0Toggle
                0x1fff8410                USB_interfaceSettingLast
                0x1fff8412                USB_configurationChanged
                0x1fff8414                USB_interfaceStatus
                0x1fff8416                USB_transferByteCount
                0x1fff8418                USB_configuration
                0x1fff841c                USB_currentTD
                0x1fff8428                USB_ep0Count
                0x1fff8429                USB_deviceStatus
                0x1fff842c                USB_EP
 COMMON         0x1fff8498       0x44 .\CortexM3\ARM_GCC_541\Debug\weston_1.a(USB_midi.o)
                0x1fff8498                USB_midiOutBuffer
                0x1fff84b8                USB_midi_in_ep
                0x1fff84b9                USB_midiInPointer
                0x1fff84ba                USB_midi_out_ep
                0x1fff84bc                USB_midiInBuffer
 COMMON         0x1fff84dc       0x22 .\CortexM3\ARM_GCC_541\Debug\weston_1.a(USB_descr.o)
                0x1fff84dc                USB_idSerialNumberStringDescriptor
                0x1fff8500                . = ALIGN (0x8)
 *fill*         0x1fff84fe        0x2 
 *(.ram.b)
                0x1fff8500                _end = .
                0x1fff8500                __end = .
                0x1fff8500                PROVIDE (end, .)
                0x1fff8500                PROVIDE (__bss_end__, .)
                0x00004ae0                __cy_region_init_ram = LOADADDR (.data)
                0x00000178                __cy_region_init_size_ram = (_edata - ADDR (.data))
                0x000002c0                __cy_region_zero_size_ram = (_end - _edata)

.heap           0x1fff8500       0x80 load address 0x00004c58
                0x1fff8500                . = _end
                0x1fff8580                . = (. + 0x80)
 *fill*         0x1fff8500       0x80 
                0x1fff8580                __cy_heap_limit = .

.stack          0x20007800      0x800
                0x20007800                __cy_stack_limit = .
                0x20008000                . = (. + 0x800)
 *fill*         0x20007800      0x800 
                0x00000001                ASSERT ((__cy_stack_limit >= __cy_heap_limit), region RAM overflowed with stack)
                0x00000000                cy_checksum_exclude_size = (CY_APPL_LOADABLE == 0x1)?SIZEOF (.cy_checksum_exclude):0x0
                0x00000001                ASSERT ((cy_checksum_exclude_size <= CY_CHECKSUM_EXCLUDE_SIZE), CY_BOOT: Section .cy_checksum_exclude size exceedes specified limit.)

.cyloadermeta
 *(.cyloadermeta)

.cyloadablemeta
 *(.cyloadablemeta)

.cyconfigecc    0x80000000      0x680
 *(.cyconfigecc)
 .cyconfigecc   0x80000000      0x680 .\CortexM3\ARM_GCC_541\Debug\cymetadata.o
                0x80000000                cy_meta_configecc

.cycustnvl      0x90000000        0x4
 *(.cycustnvl)
 .cycustnvl     0x90000000        0x4 .\CortexM3\ARM_GCC_541\Debug\cymetadata.o
                0x90000000                cy_meta_custnvl

.cywolatch      0x90100000        0x4
 *(.cywolatch)
 .cywolatch     0x90100000        0x4 .\CortexM3\ARM_GCC_541\Debug\cymetadata.o
                0x90100000                cy_meta_wonvl

.cyeeprom       0x90200000        0x0
 *(.cyeeprom)
                0x00000001                ASSERT ((. <= ((0x90200000 + ee_offset) + ee_size)), .cyeeprom data will not fit in EEPROM)

.cyflashprotect
                0x90400000      0x100
 *(.cyflashprotect)
 .cyflashprotect
                0x90400000      0x100 .\CortexM3\ARM_GCC_541\Debug\cymetadata.o
                0x90400000                cy_meta_flashprotect

.cymeta         0x90500000        0xc
 *(.cymeta)
 .cymeta        0x90500000        0xc .\CortexM3\ARM_GCC_541\Debug\cymetadata.o
                0x90500000                cy_metadata

.rel.dyn        0x00004c58        0x0 load address 0x9050000c
 .rel.iplt      0x00004c58        0x0 c:/program files (x86)/cypress/psoc creator/4.2/psoc creator/import/gnu/arm/5.4.1/bin/../lib/gcc/arm-none-eabi/5.4.1/armv7-m/crtbegin.o

.stab
 *(.stab)

.stabstr
 *(.stabstr)

.debug
 *(.debug)

.line
 *(.line)

.debug_srcinfo
 *(.debug_srcinfo)

.debug_sfnames
 *(.debug_sfnames)

.debug_aranges  0x00000000      0xc98
 *(.debug_aranges)
 .debug_aranges
                0x00000000       0x58 .\CortexM3\ARM_GCC_541\Debug\main.o
 .debug_aranges
                0x00000058       0x68 .\CortexM3\ARM_GCC_541\Debug\cyfitter_cfg.o
 .debug_aranges
                0x000000c0       0x18 .\CortexM3\ARM_GCC_541\Debug\cymetadata.o
 .debug_aranges
                0x000000d8       0x48 .\CortexM3\ARM_GCC_541\Debug\Cm3Start.o
 .debug_aranges
                0x00000120       0x90 .\CortexM3\ARM_GCC_541\Debug\weston_1.a(cy_em_eeprom.o)
 .debug_aranges
                0x000001b0       0x88 .\CortexM3\ARM_GCC_541\Debug\weston_1.a(CyFlash.o)
 .debug_aranges
                0x00000238      0x2a0 .\CortexM3\ARM_GCC_541\Debug\weston_1.a(CyLib.o)
 .debug_aranges
                0x000004d8       0x98 .\CortexM3\ARM_GCC_541\Debug\weston_1.a(cyPm.o)
 .debug_aranges
                0x00000570       0x80 .\CortexM3\ARM_GCC_541\Debug\weston_1.a(CySpc.o)
 .debug_aranges
                0x000005f0       0xb0 .\CortexM3\ARM_GCC_541\Debug\weston_1.a(CapSense.o)
 .debug_aranges
                0x000006a0       0x78 .\CortexM3\ARM_GCC_541\Debug\weston_1.a(CapSense_CSHL.o)
 .debug_aranges
                0x00000718       0x20 .\CortexM3\ARM_GCC_541\Debug\weston_1.a(CapSense_INT.o)
 .debug_aranges
                0x00000738       0x20 .\CortexM3\ARM_GCC_541\Debug\weston_1.a(Em_EEPROM.o)
 .debug_aranges
                0x00000758       0x70 .\CortexM3\ARM_GCC_541\Debug\weston_1.a(CapSense_CompCH0.o)
 .debug_aranges
                0x000007c8       0x60 .\CortexM3\ARM_GCC_541\Debug\weston_1.a(CapSense_IdacCH0.o)
 .debug_aranges
                0x00000828       0x48 .\CortexM3\ARM_GCC_541\Debug\weston_1.a(CapSense_AMuxCH0.o)
 .debug_aranges
                0x00000870       0x70 .\CortexM3\ARM_GCC_541\Debug\weston_1.a(CapSense_IntClock.o)
 .debug_aranges
                0x000008e0       0x38 .\CortexM3\ARM_GCC_541\Debug\weston_1.a(LED1.o)
 .debug_aranges
                0x00000918       0xc8 .\CortexM3\ARM_GCC_541\Debug\weston_1.a(USB.o)
 .debug_aranges
                0x000009e0       0x98 .\CortexM3\ARM_GCC_541\Debug\weston_1.a(USB_drv.o)
 .debug_aranges
                0x00000a78       0x38 .\CortexM3\ARM_GCC_541\Debug\weston_1.a(USB_episr.o)
 .debug_aranges
                0x00000ab0       0x40 .\CortexM3\ARM_GCC_541\Debug\weston_1.a(USB_pm.o)
 .debug_aranges
                0x00000af0       0x80 .\CortexM3\ARM_GCC_541\Debug\weston_1.a(USB_std.o)
 .debug_aranges
                0x00000b70       0x20 .\CortexM3\ARM_GCC_541\Debug\weston_1.a(USB_vnd.o)
 .debug_aranges
                0x00000b90       0x48 .\CortexM3\ARM_GCC_541\Debug\weston_1.a(USB_midi.o)
 .debug_aranges
                0x00000bd8       0x48 .\CortexM3\ARM_GCC_541\Debug\weston_1.a(USB_Dp.o)
 .debug_aranges
                0x00000c20       0x20 .\CortexM3\ARM_GCC_541\Debug\weston_1.a(CyBootAsmGnu.o)
 .debug_aranges
                0x00000c40       0x20 .\CortexM3\ARM_GCC_541\Debug\weston_1.a(USB_cls.o)
 .debug_aranges
                0x00000c60       0x18 .\CortexM3\ARM_GCC_541\Debug\weston_1.a(USB_descr.o)
 .debug_aranges
                0x00000c78       0x20 .\CortexM3\ARM_GCC_541\Debug\weston_1.a(USB_audio.o)

.debug_pubnames
 *(.debug_pubnames)

.debug_info     0x00000000     0x95af
 *(.debug_info .gnu.linkonce.wi.*)
 .debug_info    0x00000000      0x9c5 .\CortexM3\ARM_GCC_541\Debug\main.o
 .debug_info    0x000009c5      0x5e5 .\CortexM3\ARM_GCC_541\Debug\cyfitter_cfg.o
 .debug_info    0x00000faa      0x138 .\CortexM3\ARM_GCC_541\Debug\cymetadata.o
 .debug_info    0x000010e2      0x3bb .\CortexM3\ARM_GCC_541\Debug\Cm3Start.o
 .debug_info    0x0000149d      0xef6 .\CortexM3\ARM_GCC_541\Debug\weston_1.a(cy_em_eeprom.o)
 .debug_info    0x00002393      0x64d .\CortexM3\ARM_GCC_541\Debug\weston_1.a(CyFlash.o)
 .debug_info    0x000029e0     0x1374 .\CortexM3\ARM_GCC_541\Debug\weston_1.a(CyLib.o)
 .debug_info    0x00003d54      0xa2a .\CortexM3\ARM_GCC_541\Debug\weston_1.a(cyPm.o)
 .debug_info    0x0000477e      0x550 .\CortexM3\ARM_GCC_541\Debug\weston_1.a(CySpc.o)
 .debug_info    0x00004cce      0x819 .\CortexM3\ARM_GCC_541\Debug\weston_1.a(CapSense.o)
 .debug_info    0x000054e7      0x690 .\CortexM3\ARM_GCC_541\Debug\weston_1.a(CapSense_CSHL.o)
 .debug_info    0x00005b77      0x10d .\CortexM3\ARM_GCC_541\Debug\weston_1.a(CapSense_INT.o)
 .debug_info    0x00005c84      0x242 .\CortexM3\ARM_GCC_541\Debug\weston_1.a(Em_EEPROM.o)
 .debug_info    0x00005ec6      0x2c8 .\CortexM3\ARM_GCC_541\Debug\weston_1.a(CapSense_CompCH0.o)
 .debug_info    0x0000618e      0x209 .\CortexM3\ARM_GCC_541\Debug\weston_1.a(CapSense_IdacCH0.o)
 .debug_info    0x00006397      0x1d3 .\CortexM3\ARM_GCC_541\Debug\weston_1.a(CapSense_AMuxCH0.o)
 .debug_info    0x0000656a      0x283 .\CortexM3\ARM_GCC_541\Debug\weston_1.a(CapSense_IntClock.o)
 .debug_info    0x000067ed      0x11f .\CortexM3\ARM_GCC_541\Debug\weston_1.a(LED1.o)
 .debug_info    0x0000690c      0x964 .\CortexM3\ARM_GCC_541\Debug\weston_1.a(USB.o)
 .debug_info    0x00007270      0x655 .\CortexM3\ARM_GCC_541\Debug\weston_1.a(USB_drv.o)
 .debug_info    0x000078c5      0x243 .\CortexM3\ARM_GCC_541\Debug\weston_1.a(USB_episr.o)
 .debug_info    0x00007b08      0x2e4 .\CortexM3\ARM_GCC_541\Debug\weston_1.a(USB_pm.o)
 .debug_info    0x00007dec      0xaf6 .\CortexM3\ARM_GCC_541\Debug\weston_1.a(USB_std.o)
 .debug_info    0x000088e2       0xed .\CortexM3\ARM_GCC_541\Debug\weston_1.a(USB_vnd.o)
 .debug_info    0x000089cf      0x458 .\CortexM3\ARM_GCC_541\Debug\weston_1.a(USB_midi.o)
 .debug_info    0x00008e27      0x174 .\CortexM3\ARM_GCC_541\Debug\weston_1.a(USB_Dp.o)
 .debug_info    0x00008f9b       0x91 .\CortexM3\ARM_GCC_541\Debug\weston_1.a(CyBootAsmGnu.o)
 .debug_info    0x0000902c      0x1de .\CortexM3\ARM_GCC_541\Debug\weston_1.a(USB_cls.o)
 .debug_info    0x0000920a      0x2a9 .\CortexM3\ARM_GCC_541\Debug\weston_1.a(USB_descr.o)
 .debug_info    0x000094b3       0xfc .\CortexM3\ARM_GCC_541\Debug\weston_1.a(USB_audio.o)

.debug_abbrev   0x00000000     0x2680
 *(.debug_abbrev)
 .debug_abbrev  0x00000000      0x212 .\CortexM3\ARM_GCC_541\Debug\main.o
 .debug_abbrev  0x00000212      0x21e .\CortexM3\ARM_GCC_541\Debug\cyfitter_cfg.o
 .debug_abbrev  0x00000430       0x77 .\CortexM3\ARM_GCC_541\Debug\cymetadata.o
 .debug_abbrev  0x000004a7      0x1e8 .\CortexM3\ARM_GCC_541\Debug\Cm3Start.o
 .debug_abbrev  0x0000068f      0x21a .\CortexM3\ARM_GCC_541\Debug\weston_1.a(cy_em_eeprom.o)
 .debug_abbrev  0x000008a9      0x1a7 .\CortexM3\ARM_GCC_541\Debug\weston_1.a(CyFlash.o)
 .debug_abbrev  0x00000a50      0x254 .\CortexM3\ARM_GCC_541\Debug\weston_1.a(CyLib.o)
 .debug_abbrev  0x00000ca4      0x1ab .\CortexM3\ARM_GCC_541\Debug\weston_1.a(cyPm.o)
 .debug_abbrev  0x00000e4f      0x194 .\CortexM3\ARM_GCC_541\Debug\weston_1.a(CySpc.o)
 .debug_abbrev  0x00000fe3      0x193 .\CortexM3\ARM_GCC_541\Debug\weston_1.a(CapSense.o)
 .debug_abbrev  0x00001176      0x1a5 .\CortexM3\ARM_GCC_541\Debug\weston_1.a(CapSense_CSHL.o)
 .debug_abbrev  0x0000131b       0x85 .\CortexM3\ARM_GCC_541\Debug\weston_1.a(CapSense_INT.o)
 .debug_abbrev  0x000013a0      0x110 .\CortexM3\ARM_GCC_541\Debug\weston_1.a(Em_EEPROM.o)
 .debug_abbrev  0x000014b0      0x16e .\CortexM3\ARM_GCC_541\Debug\weston_1.a(CapSense_CompCH0.o)
 .debug_abbrev  0x0000161e      0x106 .\CortexM3\ARM_GCC_541\Debug\weston_1.a(CapSense_IdacCH0.o)
 .debug_abbrev  0x00001724       0xb3 .\CortexM3\ARM_GCC_541\Debug\weston_1.a(CapSense_AMuxCH0.o)
 .debug_abbrev  0x000017d7      0x139 .\CortexM3\ARM_GCC_541\Debug\weston_1.a(CapSense_IntClock.o)
 .debug_abbrev  0x00001910       0x90 .\CortexM3\ARM_GCC_541\Debug\weston_1.a(LED1.o)
 .debug_abbrev  0x000019a0      0x215 .\CortexM3\ARM_GCC_541\Debug\weston_1.a(USB.o)
 .debug_abbrev  0x00001bb5      0x189 .\CortexM3\ARM_GCC_541\Debug\weston_1.a(USB_drv.o)
 .debug_abbrev  0x00001d3e      0x11b .\CortexM3\ARM_GCC_541\Debug\weston_1.a(USB_episr.o)
 .debug_abbrev  0x00001e59      0x108 .\CortexM3\ARM_GCC_541\Debug\weston_1.a(USB_pm.o)
 .debug_abbrev  0x00001f61      0x201 .\CortexM3\ARM_GCC_541\Debug\weston_1.a(USB_std.o)
 .debug_abbrev  0x00002162       0x9b .\CortexM3\ARM_GCC_541\Debug\weston_1.a(USB_vnd.o)
 .debug_abbrev  0x000021fd      0x1a0 .\CortexM3\ARM_GCC_541\Debug\weston_1.a(USB_midi.o)
 .debug_abbrev  0x0000239d       0x90 .\CortexM3\ARM_GCC_541\Debug\weston_1.a(USB_Dp.o)
 .debug_abbrev  0x0000242d       0x14 .\CortexM3\ARM_GCC_541\Debug\weston_1.a(CyBootAsmGnu.o)
 .debug_abbrev  0x00002441       0xe1 .\CortexM3\ARM_GCC_541\Debug\weston_1.a(USB_cls.o)
 .debug_abbrev  0x00002522       0xb4 .\CortexM3\ARM_GCC_541\Debug\weston_1.a(USB_descr.o)
 .debug_abbrev  0x000025d6       0xaa .\CortexM3\ARM_GCC_541\Debug\weston_1.a(USB_audio.o)

.debug_line     0x00000000     0x378d
 *(.debug_line)
 .debug_line    0x00000000      0x36f .\CortexM3\ARM_GCC_541\Debug\main.o
 .debug_line    0x0000036f      0x206 .\CortexM3\ARM_GCC_541\Debug\cyfitter_cfg.o
 .debug_line    0x00000575      0x141 .\CortexM3\ARM_GCC_541\Debug\cymetadata.o
 .debug_line    0x000006b6      0x234 .\CortexM3\ARM_GCC_541\Debug\Cm3Start.o
 .debug_line    0x000008ea      0x49e .\CortexM3\ARM_GCC_541\Debug\weston_1.a(cy_em_eeprom.o)
 .debug_line    0x00000d88      0x21a .\CortexM3\ARM_GCC_541\Debug\weston_1.a(CyFlash.o)
 .debug_line    0x00000fa2      0x816 .\CortexM3\ARM_GCC_541\Debug\weston_1.a(CyLib.o)
 .debug_line    0x000017b8      0x367 .\CortexM3\ARM_GCC_541\Debug\weston_1.a(cyPm.o)
 .debug_line    0x00001b1f      0x260 .\CortexM3\ARM_GCC_541\Debug\weston_1.a(CySpc.o)
 .debug_line    0x00001d7f      0x2a9 .\CortexM3\ARM_GCC_541\Debug\weston_1.a(CapSense.o)
 .debug_line    0x00002028      0x231 .\CortexM3\ARM_GCC_541\Debug\weston_1.a(CapSense_CSHL.o)
 .debug_line    0x00002259       0x79 .\CortexM3\ARM_GCC_541\Debug\weston_1.a(CapSense_INT.o)
 .debug_line    0x000022d2       0x79 .\CortexM3\ARM_GCC_541\Debug\weston_1.a(Em_EEPROM.o)
 .debug_line    0x0000234b      0x16f .\CortexM3\ARM_GCC_541\Debug\weston_1.a(CapSense_CompCH0.o)
 .debug_line    0x000024ba      0x104 .\CortexM3\ARM_GCC_541\Debug\weston_1.a(CapSense_IdacCH0.o)
 .debug_line    0x000025be       0xe7 .\CortexM3\ARM_GCC_541\Debug\weston_1.a(CapSense_AMuxCH0.o)
 .debug_line    0x000026a5      0x180 .\CortexM3\ARM_GCC_541\Debug\weston_1.a(CapSense_IntClock.o)
 .debug_line    0x00002825       0x91 .\CortexM3\ARM_GCC_541\Debug\weston_1.a(LED1.o)
 .debug_line    0x000028b6      0x2c8 .\CortexM3\ARM_GCC_541\Debug\weston_1.a(USB.o)
 .debug_line    0x00002b7e      0x215 .\CortexM3\ARM_GCC_541\Debug\weston_1.a(USB_drv.o)
 .debug_line    0x00002d93       0xbf .\CortexM3\ARM_GCC_541\Debug\weston_1.a(USB_episr.o)
 .debug_line    0x00002e52       0xfe .\CortexM3\ARM_GCC_541\Debug\weston_1.a(USB_pm.o)
 .debug_line    0x00002f50      0x3ee .\CortexM3\ARM_GCC_541\Debug\weston_1.a(USB_std.o)
 .debug_line    0x0000333e       0x6b .\CortexM3\ARM_GCC_541\Debug\weston_1.a(USB_vnd.o)
 .debug_line    0x000033a9      0x167 .\CortexM3\ARM_GCC_541\Debug\weston_1.a(USB_midi.o)
 .debug_line    0x00003510       0xb7 .\CortexM3\ARM_GCC_541\Debug\weston_1.a(USB_Dp.o)
 .debug_line    0x000035c7       0x66 .\CortexM3\ARM_GCC_541\Debug\weston_1.a(CyBootAsmGnu.o)
 .debug_line    0x0000362d       0x89 .\CortexM3\ARM_GCC_541\Debug\weston_1.a(USB_cls.o)
 .debug_line    0x000036b6       0x59 .\CortexM3\ARM_GCC_541\Debug\weston_1.a(USB_descr.o)
 .debug_line    0x0000370f       0x7e .\CortexM3\ARM_GCC_541\Debug\weston_1.a(USB_audio.o)

.debug_frame    0x00000000     0x20d4
 *(.debug_frame)
 .debug_frame   0x00000000       0xe0 .\CortexM3\ARM_GCC_541\Debug\main.o
 .debug_frame   0x000000e0      0x104 .\CortexM3\ARM_GCC_541\Debug\cyfitter_cfg.o
 .debug_frame   0x000001e4       0xb8 .\CortexM3\ARM_GCC_541\Debug\Cm3Start.o
 .debug_frame   0x0000029c      0x22c .\CortexM3\ARM_GCC_541\Debug\weston_1.a(cy_em_eeprom.o)
 .debug_frame   0x000004c8      0x194 .\CortexM3\ARM_GCC_541\Debug\weston_1.a(CyFlash.o)
 .debug_frame   0x0000065c      0x738 .\CortexM3\ARM_GCC_541\Debug\weston_1.a(CyLib.o)
 .debug_frame   0x00000d94      0x1f8 .\CortexM3\ARM_GCC_541\Debug\weston_1.a(cyPm.o)
 .debug_frame   0x00000f8c      0x180 .\CortexM3\ARM_GCC_541\Debug\weston_1.a(CySpc.o)
 .debug_frame   0x0000110c      0x1e0 .\CortexM3\ARM_GCC_541\Debug\weston_1.a(CapSense.o)
 .debug_frame   0x000012ec      0x178 .\CortexM3\ARM_GCC_541\Debug\weston_1.a(CapSense_CSHL.o)
 .debug_frame   0x00001464       0x2c .\CortexM3\ARM_GCC_541\Debug\weston_1.a(CapSense_INT.o)
 .debug_frame   0x00001490       0x2c .\CortexM3\ARM_GCC_541\Debug\weston_1.a(Em_EEPROM.o)
 .debug_frame   0x000014bc      0x108 .\CortexM3\ARM_GCC_541\Debug\weston_1.a(CapSense_CompCH0.o)
 .debug_frame   0x000015c4       0xd0 .\CortexM3\ARM_GCC_541\Debug\weston_1.a(CapSense_IdacCH0.o)
 .debug_frame   0x00001694       0xb8 .\CortexM3\ARM_GCC_541\Debug\weston_1.a(CapSense_AMuxCH0.o)
 .debug_frame   0x0000174c       0xe0 .\CortexM3\ARM_GCC_541\Debug\weston_1.a(CapSense_IntClock.o)
 .debug_frame   0x0000182c       0x50 .\CortexM3\ARM_GCC_541\Debug\weston_1.a(LED1.o)
 .debug_frame   0x0000187c      0x1dc .\CortexM3\ARM_GCC_541\Debug\weston_1.a(USB.o)
 .debug_frame   0x00001a58      0x194 .\CortexM3\ARM_GCC_541\Debug\weston_1.a(USB_drv.o)
 .debug_frame   0x00001bec       0x5c .\CortexM3\ARM_GCC_541\Debug\weston_1.a(USB_episr.o)
 .debug_frame   0x00001c48       0xa0 .\CortexM3\ARM_GCC_541\Debug\weston_1.a(USB_pm.o)
 .debug_frame   0x00001ce8      0x17c .\CortexM3\ARM_GCC_541\Debug\weston_1.a(USB_std.o)
 .debug_frame   0x00001e64       0x20 .\CortexM3\ARM_GCC_541\Debug\weston_1.a(USB_vnd.o)
 .debug_frame   0x00001e84       0xd8 .\CortexM3\ARM_GCC_541\Debug\weston_1.a(USB_midi.o)
 .debug_frame   0x00001f5c       0x70 .\CortexM3\ARM_GCC_541\Debug\weston_1.a(USB_Dp.o)
 .debug_frame   0x00001fcc       0x2c .\CortexM3\ARM_GCC_541\Debug\weston_1.a(USB_cls.o)
 .debug_frame   0x00001ff8       0x20 .\CortexM3\ARM_GCC_541\Debug\weston_1.a(USB_audio.o)
 .debug_frame   0x00002018       0x20 c:/program files (x86)/cypress/psoc creator/4.2/psoc creator/import/gnu/arm/5.4.1/bin/../lib/gcc/arm-none-eabi/5.4.1/../../../../arm-none-eabi/lib/armv7-m\libg_nano.a(lib_a-errno.o)
 .debug_frame   0x00002038       0x28 c:/program files (x86)/cypress/psoc creator/4.2/psoc creator/import/gnu/arm/5.4.1/bin/../lib/gcc/arm-none-eabi/5.4.1/../../../../arm-none-eabi/lib/armv7-m\libg_nano.a(lib_a-exit.o)
 .debug_frame   0x00002060       0x2c c:/program files (x86)/cypress/psoc creator/4.2/psoc creator/import/gnu/arm/5.4.1/bin/../lib/gcc/arm-none-eabi/5.4.1/../../../../arm-none-eabi/lib/armv7-m\libg_nano.a(lib_a-init.o)
 .debug_frame   0x0000208c       0x28 c:/program files (x86)/cypress/psoc creator/4.2/psoc creator/import/gnu/arm/5.4.1/bin/../lib/gcc/arm-none-eabi/5.4.1/../../../../arm-none-eabi/lib/armv7-m\libg_nano.a(lib_a-memcpy-stub.o)
 .debug_frame   0x000020b4       0x20 c:/program files (x86)/cypress/psoc creator/4.2/psoc creator/import/gnu/arm/5.4.1/bin/../lib/gcc/arm-none-eabi/5.4.1/../../../../arm-none-eabi/lib/armv7-m\libg_nano.a(lib_a-memset.o)

.debug_str      0x00000000     0x3389
 *(.debug_str)
 .debug_str     0x00000000      0x6df .\CortexM3\ARM_GCC_541\Debug\main.o
                                0x750 (size before relaxing)
 .debug_str     0x000006df      0x222 .\CortexM3\ARM_GCC_541\Debug\cyfitter_cfg.o
                                0x37c (size before relaxing)
 .debug_str     0x00000901       0x75 .\CortexM3\ARM_GCC_541\Debug\cymetadata.o
                                0x1e5 (size before relaxing)
 .debug_str     0x00000976      0x144 .\CortexM3\ARM_GCC_541\Debug\Cm3Start.o
                                0x30b (size before relaxing)
 .debug_str     0x00000aba      0x351 .\CortexM3\ARM_GCC_541\Debug\weston_1.a(cy_em_eeprom.o)
                                0x658 (size before relaxing)
 .debug_str     0x00000e0b      0x1f3 .\CortexM3\ARM_GCC_541\Debug\weston_1.a(CyFlash.o)
                                0x3c1 (size before relaxing)
 .debug_str     0x00000ffe      0x7f3 .\CortexM3\ARM_GCC_541\Debug\weston_1.a(CyLib.o)
                                0xa48 (size before relaxing)
 .debug_str     0x000017f1      0x34f .\CortexM3\ARM_GCC_541\Debug\weston_1.a(cyPm.o)
                                0x734 (size before relaxing)
 .debug_str     0x00001b40       0xac .\CortexM3\ARM_GCC_541\Debug\weston_1.a(CySpc.o)
                                0x339 (size before relaxing)
 .debug_str     0x00001bec      0x377 .\CortexM3\ARM_GCC_541\Debug\weston_1.a(CapSense.o)
                                0x647 (size before relaxing)
 .debug_str     0x00001f63      0x246 .\CortexM3\ARM_GCC_541\Debug\weston_1.a(CapSense_CSHL.o)
                                0x557 (size before relaxing)
 .debug_str     0x000021a9       0x3a .\CortexM3\ARM_GCC_541\Debug\weston_1.a(CapSense_INT.o)
                                0x219 (size before relaxing)
 .debug_str     0x000021e3       0x41 .\CortexM3\ARM_GCC_541\Debug\weston_1.a(Em_EEPROM.o)
                                0x332 (size before relaxing)
 .debug_str     0x00002224      0x178 .\CortexM3\ARM_GCC_541\Debug\weston_1.a(CapSense_CompCH0.o)
                                0x35b (size before relaxing)
 .debug_str     0x0000239c       0x9c .\CortexM3\ARM_GCC_541\Debug\weston_1.a(CapSense_IdacCH0.o)
                                0x2b4 (size before relaxing)
 .debug_str     0x00002438       0xe5 .\CortexM3\ARM_GCC_541\Debug\weston_1.a(CapSense_AMuxCH0.o)
                                0x29c (size before relaxing)
 .debug_str     0x0000251d      0x1ab .\CortexM3\ARM_GCC_541\Debug\weston_1.a(CapSense_IntClock.o)
                                0x367 (size before relaxing)
 .debug_str     0x000026c8       0x56 .\CortexM3\ARM_GCC_541\Debug\weston_1.a(LED1.o)
                                0x1de (size before relaxing)
 .debug_str     0x0000271e      0x359 .\CortexM3\ARM_GCC_541\Debug\weston_1.a(USB.o)
                                0x5cb (size before relaxing)
 .debug_str     0x00002a77      0x2de .\CortexM3\ARM_GCC_541\Debug\weston_1.a(USB_drv.o)
                                0x5a1 (size before relaxing)
 .debug_str     0x00002d55       0x5b .\CortexM3\ARM_GCC_541\Debug\weston_1.a(USB_episr.o)
                                0x2a7 (size before relaxing)
 .debug_str     0x00002db0       0xaa .\CortexM3\ARM_GCC_541\Debug\weston_1.a(USB_pm.o)
                                0x2c1 (size before relaxing)
 .debug_str     0x00002e5a      0x275 .\CortexM3\ARM_GCC_541\Debug\weston_1.a(USB_std.o)
                                0x709 (size before relaxing)
 .debug_str     0x000030cf       0x21 .\CortexM3\ARM_GCC_541\Debug\weston_1.a(USB_vnd.o)
                                0x1e2 (size before relaxing)
 .debug_str     0x000030f0       0xc8 .\CortexM3\ARM_GCC_541\Debug\weston_1.a(USB_midi.o)
                                0x395 (size before relaxing)
 .debug_str     0x000031b8       0x81 .\CortexM3\ARM_GCC_541\Debug\weston_1.a(USB_Dp.o)
                                0x226 (size before relaxing)
 .debug_str     0x00003239       0x3c .\CortexM3\ARM_GCC_541\Debug\weston_1.a(USB_cls.o)
                                0x293 (size before relaxing)
 .debug_str     0x00003275       0xe8 .\CortexM3\ARM_GCC_541\Debug\weston_1.a(USB_descr.o)
                                0x326 (size before relaxing)
 .debug_str     0x0000335d       0x2c .\CortexM3\ARM_GCC_541\Debug\weston_1.a(USB_audio.o)
                                0x1f3 (size before relaxing)

.debug_loc      0x00000000     0x4c46
 *(.debug_loc)
 .debug_loc     0x00000000      0x1f3 .\CortexM3\ARM_GCC_541\Debug\main.o
 .debug_loc     0x000001f3      0x219 .\CortexM3\ARM_GCC_541\Debug\cyfitter_cfg.o
 .debug_loc     0x0000040c      0x144 .\CortexM3\ARM_GCC_541\Debug\Cm3Start.o
 .debug_loc     0x00000550     0x116e .\CortexM3\ARM_GCC_541\Debug\weston_1.a(cy_em_eeprom.o)
 .debug_loc     0x000016be      0x3b2 .\CortexM3\ARM_GCC_541\Debug\weston_1.a(CyFlash.o)
 .debug_loc     0x00001a70      0xa11 .\CortexM3\ARM_GCC_541\Debug\weston_1.a(CyLib.o)
 .debug_loc     0x00002481      0x1e4 .\CortexM3\ARM_GCC_541\Debug\weston_1.a(cyPm.o)
 .debug_loc     0x00002665      0x705 .\CortexM3\ARM_GCC_541\Debug\weston_1.a(CySpc.o)
 .debug_loc     0x00002d6a      0x24e .\CortexM3\ARM_GCC_541\Debug\weston_1.a(CapSense.o)
 .debug_loc     0x00002fb8      0x4cf .\CortexM3\ARM_GCC_541\Debug\weston_1.a(CapSense_CSHL.o)
 .debug_loc     0x00003487       0x2d .\CortexM3\ARM_GCC_541\Debug\weston_1.a(Em_EEPROM.o)
 .debug_loc     0x000034b4       0xed .\CortexM3\ARM_GCC_541\Debug\weston_1.a(CapSense_CompCH0.o)
 .debug_loc     0x000035a1       0x76 .\CortexM3\ARM_GCC_541\Debug\weston_1.a(CapSense_IdacCH0.o)
 .debug_loc     0x00003617       0x6c .\CortexM3\ARM_GCC_541\Debug\weston_1.a(CapSense_AMuxCH0.o)
 .debug_loc     0x00003683      0x12c .\CortexM3\ARM_GCC_541\Debug\weston_1.a(CapSense_IntClock.o)
 .debug_loc     0x000037af       0x42 .\CortexM3\ARM_GCC_541\Debug\weston_1.a(LED1.o)
 .debug_loc     0x000037f1      0x3e1 .\CortexM3\ARM_GCC_541\Debug\weston_1.a(USB.o)
 .debug_loc     0x00003bd2      0x171 .\CortexM3\ARM_GCC_541\Debug\weston_1.a(USB_drv.o)
 .debug_loc     0x00003d43       0x26 .\CortexM3\ARM_GCC_541\Debug\weston_1.a(USB_pm.o)
 .debug_loc     0x00003d69      0x8f7 .\CortexM3\ARM_GCC_541\Debug\weston_1.a(USB_std.o)
 .debug_loc     0x00004660      0x4c4 .\CortexM3\ARM_GCC_541\Debug\weston_1.a(USB_midi.o)
 .debug_loc     0x00004b24       0x84 .\CortexM3\ARM_GCC_541\Debug\weston_1.a(USB_Dp.o)
 .debug_loc     0x00004ba8       0x6a .\CortexM3\ARM_GCC_541\Debug\weston_1.a(USB_cls.o)
 .debug_loc     0x00004c12       0x34 .\CortexM3\ARM_GCC_541\Debug\weston_1.a(USB_audio.o)

.debug_macinfo
 *(.debug_macinfo)

.debug_ranges   0x00000000      0xb60
 *(.debug_ranges)
 .debug_ranges  0x00000000       0x48 .\CortexM3\ARM_GCC_541\Debug\main.o
 .debug_ranges  0x00000048       0x58 .\CortexM3\ARM_GCC_541\Debug\cyfitter_cfg.o
 .debug_ranges  0x000000a0       0x38 .\CortexM3\ARM_GCC_541\Debug\Cm3Start.o
 .debug_ranges  0x000000d8      0x118 .\CortexM3\ARM_GCC_541\Debug\weston_1.a(cy_em_eeprom.o)
 .debug_ranges  0x000001f0       0x78 .\CortexM3\ARM_GCC_541\Debug\weston_1.a(CyFlash.o)
 .debug_ranges  0x00000268      0x290 .\CortexM3\ARM_GCC_541\Debug\weston_1.a(CyLib.o)
 .debug_ranges  0x000004f8       0x88 .\CortexM3\ARM_GCC_541\Debug\weston_1.a(cyPm.o)
 .debug_ranges  0x00000580       0x70 .\CortexM3\ARM_GCC_541\Debug\weston_1.a(CySpc.o)
 .debug_ranges  0x000005f0       0xa0 .\CortexM3\ARM_GCC_541\Debug\weston_1.a(CapSense.o)
 .debug_ranges  0x00000690       0x68 .\CortexM3\ARM_GCC_541\Debug\weston_1.a(CapSense_CSHL.o)
 .debug_ranges  0x000006f8       0x10 .\CortexM3\ARM_GCC_541\Debug\weston_1.a(CapSense_INT.o)
 .debug_ranges  0x00000708       0x10 .\CortexM3\ARM_GCC_541\Debug\weston_1.a(Em_EEPROM.o)
 .debug_ranges  0x00000718       0x60 .\CortexM3\ARM_GCC_541\Debug\weston_1.a(CapSense_CompCH0.o)
 .debug_ranges  0x00000778       0x50 .\CortexM3\ARM_GCC_541\Debug\weston_1.a(CapSense_IdacCH0.o)
 .debug_ranges  0x000007c8       0x38 .\CortexM3\ARM_GCC_541\Debug\weston_1.a(CapSense_AMuxCH0.o)
 .debug_ranges  0x00000800       0x60 .\CortexM3\ARM_GCC_541\Debug\weston_1.a(CapSense_IntClock.o)
 .debug_ranges  0x00000860       0x28 .\CortexM3\ARM_GCC_541\Debug\weston_1.a(LED1.o)
 .debug_ranges  0x00000888       0xd0 .\CortexM3\ARM_GCC_541\Debug\weston_1.a(USB.o)
 .debug_ranges  0x00000958       0x88 .\CortexM3\ARM_GCC_541\Debug\weston_1.a(USB_drv.o)
 .debug_ranges  0x000009e0       0x28 .\CortexM3\ARM_GCC_541\Debug\weston_1.a(USB_episr.o)
 .debug_ranges  0x00000a08       0x30 .\CortexM3\ARM_GCC_541\Debug\weston_1.a(USB_pm.o)
 .debug_ranges  0x00000a38       0x70 .\CortexM3\ARM_GCC_541\Debug\weston_1.a(USB_std.o)
 .debug_ranges  0x00000aa8       0x10 .\CortexM3\ARM_GCC_541\Debug\weston_1.a(USB_vnd.o)
 .debug_ranges  0x00000ab8       0x50 .\CortexM3\ARM_GCC_541\Debug\weston_1.a(USB_midi.o)
 .debug_ranges  0x00000b08       0x38 .\CortexM3\ARM_GCC_541\Debug\weston_1.a(USB_Dp.o)
 .debug_ranges  0x00000b40       0x10 .\CortexM3\ARM_GCC_541\Debug\weston_1.a(USB_cls.o)
 .debug_ranges  0x00000b50       0x10 .\CortexM3\ARM_GCC_541\Debug\weston_1.a(USB_audio.o)

.comment        0x00000000       0x6e
 .comment       0x00000000       0x6e .\CortexM3\ARM_GCC_541\Debug\main.o
                                 0x6f (size before relaxing)
 .comment       0x0000006e       0x6f .\CortexM3\ARM_GCC_541\Debug\cyfitter_cfg.o
 .comment       0x0000006e       0x6f .\CortexM3\ARM_GCC_541\Debug\cymetadata.o
 .comment       0x0000006e       0x6f .\CortexM3\ARM_GCC_541\Debug\Cm3Start.o
 .comment       0x0000006e       0x6f .\CortexM3\ARM_GCC_541\Debug\weston_1.a(cy_em_eeprom.o)
 .comment       0x0000006e       0x6f .\CortexM3\ARM_GCC_541\Debug\weston_1.a(CyFlash.o)
 .comment       0x0000006e       0x6f .\CortexM3\ARM_GCC_541\Debug\weston_1.a(CyLib.o)
 .comment       0x0000006e       0x6f .\CortexM3\ARM_GCC_541\Debug\weston_1.a(cyPm.o)
 .comment       0x0000006e       0x6f .\CortexM3\ARM_GCC_541\Debug\weston_1.a(CySpc.o)
 .comment       0x0000006e       0x6f .\CortexM3\ARM_GCC_541\Debug\weston_1.a(CapSense.o)
 .comment       0x0000006e       0x6f .\CortexM3\ARM_GCC_541\Debug\weston_1.a(CapSense_CSHL.o)
 .comment       0x0000006e       0x6f .\CortexM3\ARM_GCC_541\Debug\weston_1.a(CapSense_INT.o)
 .comment       0x0000006e       0x6f .\CortexM3\ARM_GCC_541\Debug\weston_1.a(Em_EEPROM.o)
 .comment       0x0000006e       0x6f .\CortexM3\ARM_GCC_541\Debug\weston_1.a(CapSense_CompCH0.o)
 .comment       0x0000006e       0x6f .\CortexM3\ARM_GCC_541\Debug\weston_1.a(CapSense_IdacCH0.o)
 .comment       0x0000006e       0x6f .\CortexM3\ARM_GCC_541\Debug\weston_1.a(CapSense_AMuxCH0.o)
 .comment       0x0000006e       0x6f .\CortexM3\ARM_GCC_541\Debug\weston_1.a(CapSense_IntClock.o)
 .comment       0x0000006e       0x6f .\CortexM3\ARM_GCC_541\Debug\weston_1.a(LED1.o)
 .comment       0x0000006e       0x6f .\CortexM3\ARM_GCC_541\Debug\weston_1.a(USB.o)
 .comment       0x0000006e       0x6f .\CortexM3\ARM_GCC_541\Debug\weston_1.a(USB_drv.o)
 .comment       0x0000006e       0x6f .\CortexM3\ARM_GCC_541\Debug\weston_1.a(USB_episr.o)
 .comment       0x0000006e       0x6f .\CortexM3\ARM_GCC_541\Debug\weston_1.a(USB_pm.o)
 .comment       0x0000006e       0x6f .\CortexM3\ARM_GCC_541\Debug\weston_1.a(USB_std.o)
 .comment       0x0000006e       0x6f .\CortexM3\ARM_GCC_541\Debug\weston_1.a(USB_vnd.o)
 .comment       0x0000006e       0x6f .\CortexM3\ARM_GCC_541\Debug\weston_1.a(USB_midi.o)
 .comment       0x0000006e       0x6f .\CortexM3\ARM_GCC_541\Debug\weston_1.a(USB_Dp.o)
 .comment       0x0000006e       0x6f .\CortexM3\ARM_GCC_541\Debug\weston_1.a(USB_cls.o)
 .comment       0x0000006e       0x6f .\CortexM3\ARM_GCC_541\Debug\weston_1.a(USB_descr.o)
 .comment       0x0000006e       0x6f .\CortexM3\ARM_GCC_541\Debug\weston_1.a(USB_audio.o)

.debug_weaknames
 *(.debug_weaknames)

.debug_funcnames
 *(.debug_funcnames)

.debug_typenames
 *(.debug_typenames)

.debug_varnames
 *(.debug_varnames)

.note.gnu.arm.ident
 *(.note.gnu.arm.ident)

.ARM.attributes
                0x00000000       0x29
 *(.ARM.attributes)
 .ARM.attributes
                0x00000000       0x1d c:/program files (x86)/cypress/psoc creator/4.2/psoc creator/import/gnu/arm/5.4.1/bin/../lib/gcc/arm-none-eabi/5.4.1/armv7-m/crti.o
 .ARM.attributes
                0x0000001d       0x2d c:/program files (x86)/cypress/psoc creator/4.2/psoc creator/import/gnu/arm/5.4.1/bin/../lib/gcc/arm-none-eabi/5.4.1/armv7-m/crtbegin.o
 .ARM.attributes
                0x0000004a       0x1b c:/program files (x86)/cypress/psoc creator/4.2/psoc creator/import/gnu/arm/5.4.1/bin/../lib/gcc/arm-none-eabi/5.4.1/../../../../arm-none-eabi/lib/armv7-m/crt0.o
 .ARM.attributes
                0x00000065       0x33 .\CortexM3\ARM_GCC_541\Debug\main.o
 .ARM.attributes
                0x00000098       0x33 .\CortexM3\ARM_GCC_541\Debug\cyfitter_cfg.o
 .ARM.attributes
                0x000000cb       0x33 .\CortexM3\ARM_GCC_541\Debug\cymetadata.o
 .ARM.attributes
                0x000000fe       0x33 .\CortexM3\ARM_GCC_541\Debug\Cm3Start.o
 .ARM.attributes
                0x00000131       0x33 .\CortexM3\ARM_GCC_541\Debug\weston_1.a(cy_em_eeprom.o)
 .ARM.attributes
                0x00000164       0x33 .\CortexM3\ARM_GCC_541\Debug\weston_1.a(CyFlash.o)
 .ARM.attributes
                0x00000197       0x33 .\CortexM3\ARM_GCC_541\Debug\weston_1.a(CyLib.o)
 .ARM.attributes
                0x000001ca       0x33 .\CortexM3\ARM_GCC_541\Debug\weston_1.a(cyPm.o)
 .ARM.attributes
                0x000001fd       0x33 .\CortexM3\ARM_GCC_541\Debug\weston_1.a(CySpc.o)
 .ARM.attributes
                0x00000230       0x33 .\CortexM3\ARM_GCC_541\Debug\weston_1.a(CapSense.o)
 .ARM.attributes
                0x00000263       0x33 .\CortexM3\ARM_GCC_541\Debug\weston_1.a(CapSense_CSHL.o)
 .ARM.attributes
                0x00000296       0x33 .\CortexM3\ARM_GCC_541\Debug\weston_1.a(CapSense_INT.o)
 .ARM.attributes
                0x000002c9       0x33 .\CortexM3\ARM_GCC_541\Debug\weston_1.a(Em_EEPROM.o)
 .ARM.attributes
                0x000002fc       0x33 .\CortexM3\ARM_GCC_541\Debug\weston_1.a(CapSense_CompCH0.o)
 .ARM.attributes
                0x0000032f       0x33 .\CortexM3\ARM_GCC_541\Debug\weston_1.a(CapSense_IdacCH0.o)
 .ARM.attributes
                0x00000362       0x33 .\CortexM3\ARM_GCC_541\Debug\weston_1.a(CapSense_AMuxCH0.o)
 .ARM.attributes
                0x00000395       0x33 .\CortexM3\ARM_GCC_541\Debug\weston_1.a(CapSense_IntClock.o)
 .ARM.attributes
                0x000003c8       0x33 .\CortexM3\ARM_GCC_541\Debug\weston_1.a(LED1.o)
 .ARM.attributes
                0x000003fb       0x33 .\CortexM3\ARM_GCC_541\Debug\weston_1.a(USB.o)
 .ARM.attributes
                0x0000042e       0x33 .\CortexM3\ARM_GCC_541\Debug\weston_1.a(USB_drv.o)
 .ARM.attributes
                0x00000461       0x33 .\CortexM3\ARM_GCC_541\Debug\weston_1.a(USB_episr.o)
 .ARM.attributes
                0x00000494       0x33 .\CortexM3\ARM_GCC_541\Debug\weston_1.a(USB_pm.o)
 .ARM.attributes
                0x000004c7       0x33 .\CortexM3\ARM_GCC_541\Debug\weston_1.a(USB_std.o)
 .ARM.attributes
                0x000004fa       0x33 .\CortexM3\ARM_GCC_541\Debug\weston_1.a(USB_vnd.o)
 .ARM.attributes
                0x0000052d       0x33 .\CortexM3\ARM_GCC_541\Debug\weston_1.a(USB_midi.o)
 .ARM.attributes
                0x00000560       0x33 .\CortexM3\ARM_GCC_541\Debug\weston_1.a(USB_Dp.o)
 .ARM.attributes
                0x00000593       0x21 .\CortexM3\ARM_GCC_541\Debug\weston_1.a(CyBootAsmGnu.o)
 .ARM.attributes
                0x000005b4       0x33 .\CortexM3\ARM_GCC_541\Debug\weston_1.a(USB_cls.o)
 .ARM.attributes
                0x000005e7       0x33 .\CortexM3\ARM_GCC_541\Debug\weston_1.a(USB_descr.o)
 .ARM.attributes
                0x0000061a       0x33 .\CortexM3\ARM_GCC_541\Debug\weston_1.a(USB_audio.o)
 .ARM.attributes
                0x0000064d       0x2d c:/program files (x86)/cypress/psoc creator/4.2/psoc creator/import/gnu/arm/5.4.1/bin/../lib/gcc/arm-none-eabi/5.4.1/../../../../arm-none-eabi/lib/armv7-m\libg_nano.a(lib_a-errno.o)
 .ARM.attributes
                0x0000067a       0x2d c:/program files (x86)/cypress/psoc creator/4.2/psoc creator/import/gnu/arm/5.4.1/bin/../lib/gcc/arm-none-eabi/5.4.1/../../../../arm-none-eabi/lib/armv7-m\libg_nano.a(lib_a-exit.o)
 .ARM.attributes
                0x000006a7       0x2d c:/program files (x86)/cypress/psoc creator/4.2/psoc creator/import/gnu/arm/5.4.1/bin/../lib/gcc/arm-none-eabi/5.4.1/../../../../arm-none-eabi/lib/armv7-m\libg_nano.a(lib_a-impure.o)
 .ARM.attributes
                0x000006d4       0x2d c:/program files (x86)/cypress/psoc creator/4.2/psoc creator/import/gnu/arm/5.4.1/bin/../lib/gcc/arm-none-eabi/5.4.1/../../../../arm-none-eabi/lib/armv7-m\libg_nano.a(lib_a-init.o)
 .ARM.attributes
                0x00000701       0x2d c:/program files (x86)/cypress/psoc creator/4.2/psoc creator/import/gnu/arm/5.4.1/bin/../lib/gcc/arm-none-eabi/5.4.1/../../../../arm-none-eabi/lib/armv7-m\libg_nano.a(lib_a-memcpy-stub.o)
 .ARM.attributes
                0x0000072e       0x2d c:/program files (x86)/cypress/psoc creator/4.2/psoc creator/import/gnu/arm/5.4.1/bin/../lib/gcc/arm-none-eabi/5.4.1/../../../../arm-none-eabi/lib/armv7-m\libg_nano.a(lib_a-memset.o)
 .ARM.attributes
                0x0000075b       0x2d c:/program files (x86)/cypress/psoc creator/4.2/psoc creator/import/gnu/arm/5.4.1/bin/../lib/gcc/arm-none-eabi/5.4.1/armv7-m/crtend.o
 .ARM.attributes
                0x00000788       0x1d c:/program files (x86)/cypress/psoc creator/4.2/psoc creator/import/gnu/arm/5.4.1/bin/../lib/gcc/arm-none-eabi/5.4.1/armv7-m/crtn.o

/DISCARD/
 *(.note.GNU-stack)
OUTPUT(C:\Users\JeffSnyder\Documents\SnyderphonicsDevKit\weston_1\weston_1.cydsn\CortexM3\ARM_GCC_541\Debug\weston_1.elf elf32-littlearm)
